06-20 11:42:53.819: I/GetColumnListHttpManager(4431): 			<largeIconPath>http://112.215.81.113/tpf/share/tpf/tpfmenuicon/po/1406191717526610.jpg</largeIconPath>
06-20 11:42:53.819: I/GetColumnListHttpManager(4431): 		    <urlInfo>
06-20 11:42:53.819: I/GetColumnListHttpManager(4431): 		         <urlType>1</urlType>
06-20 11:42:53.819: I/GetColumnListHttpManager(4431): 		         <urlValue>000942000000147242</urlValue>
06-20 11:42:53.819: I/GetColumnListHttpManager(4431): 		         <contentType>102</contentType>
06-20 11:42:53.819: I/GetColumnListHttpManager(4431): 		         </urlInfo>
06-20 11:42:53.819: I/GetColumnListHttpManager(4431): 		    </category>
06-20 11:42:53.819: I/GetColumnListHttpManager(4431): 		</children>
06-20 11:42:53.819: I/GetColumnListHttpManager(4431): 	</categoryResp>
06-20 11:42:53.819: I/GetColumnListHttpManager(4431): 
06-20 11:42:53.849: I/GetDirectoryListHttpManager(4431): in handleData response.getData() = <?xml version="1.0" encoding="UTF-8"?>
06-20 11:42:53.849: I/GetDirectoryListHttpManager(4431): <categoryAjaxResp>
06-20 11:42:53.849: I/GetDirectoryListHttpManager(4431): 	<operResultCode>0</operResultCode>
06-20 11:42:53.849: I/GetDirectoryListHttpManager(4431): 	<operDesc>Proses berhasil.(0)</operDesc>
06-20 11:42:53.849: I/GetDirectoryListHttpManager(4431): 	<count>25</count>
06-20 11:42:53.849: I/GetDirectoryListHttpManager(4431): 	<categoryItems>
06-20 11:42:53.849: I/GetDirectoryListHttpManager(4431): 			<categoryItem>
06-20 11:42:53.849: I/GetDirectoryListHttpManager(4431): 						<contentCode>001010000000014426</contentCode>
06-20 11:42:53.849: I/GetDirectoryListHttpManager(4431): 						<contentName>XL Block Call - Daily Subs</contentName>
06-20 11:42:53.849: I/GetDirectoryListHttpManager(4431): 						<categoryName>APP</categoryName>
06-20 11:42:53.849: I/GetDirectoryListHttpManager(4431): 						<contentDesc>Paket Harian. Blok panggilan adalah aplikasi untuk memungkinkan pengguna untuk memblokir panggilan yang tidak diinginkan. Pengguna harus terlebih dahulu berlangganan untuk layanan tersebut. Pengguna dapat menambah, menghapus, lihat daftar nomor yang diblokir.</contentDesc>
06-20 11:42:53.849: I/GetDirectoryListHttpManager(4431): 						<avgMark>0</avgMark>
06-20 11:42:53.849: I/GetDirectoryListHttpManager(4431): 						<contentProviderName>Mobile Tren</contentProviderName>
06-20 11:42:53.849: I/GetDirectoryListHttpManager(4431): 						<iconPath>http://112.215.81.113/tpf/share/mdspfile/20131021/001010/001010000000014426/140507112852426.png</iconPath>
06-20 11:42:53.849: I/GetDirectoryListHttpManager(4431): 						<defaultCashPrice>1100.00</defaultCashPrice>
06-20 11:42:53.849: I/GetDirectoryListHttpManager(4431): 						<contentType>102</contentType>
06-20 11:42:53.849: I/GetDirectoryListHttpManager(4431): 						<commentCount>0</commentCount>
06-20 11:42:53.849: I/GetDirectoryListHttpManager(4431): 						<glaringIconPath>http://112.215.81.113/tpf/share/mdspfile/20131014/001010/001010000000014426/1405071128509100.tiff</glaringIconPath>
06-20 11:42:53.849: I/GetDirectoryListHttpManager(4431): 						<duration>0</duration>
06-20 11:42:53.849: I/GetDirectoryListHttpManager(4431): 						<categoryID>2003</categoryID>
06-20 11:42:53.849: I/GetDirectoryListHttpManager(4431): 					    <isThirdContent>1</isThirdContent>
06-20 11:42:53.849: I/GetDirectoryListHttpManager(4431): 					    <anonymousDownload>false</anonymousDownload>
06-20 11:42:53.849: I/GetDirectoryListHttpManager(4431): 					</categoryItem>
06-20 11:42:53.849: I/GetDirectoryListHttpManager(4431): 			<categoryItem>
06-20 11:42:53.849: I/GetDirectoryListHttpManager(4431): 						<contentCode>001004000000012518</contentCode>
06-20 11:42:53.849: I/GetDirectoryListHttpManager(4431): 						<contentName>Celebrity SMS</contentName>
06-20 11:42:53.849: I/GetDirectoryListHttpManager(4431): 						<categoryName>SNS</categoryName>
06-20 11:42:53.849: I/GetDirectoryListHttpManager(4431): 						<contentDesc>SMS Selebriti ( CelebSMS &quot;) menyediakan layanan berbasis langganan bulanan yang mengubah SMS biasa untuk pesan gambar selebriti (&quot; PIC &quot;) dikombinasikan dengan SMS bahwa pengguna telah dikirim di bawah PIC, dan / atau SMS plain untuk MMS isi selebriti yang tepat dikombinasikan dengan SMS dari pengguna di dalam dan / atau di bawah MMS, Kebanyakan dari semua, layanan ini tidak memerlukan download apapun atau port dari program klien khusus seperti Java, mesin virtual, dll Setiap MMS mendukung handset dapat menerima MMS berbasis CSMS isi dan semua PIC mendukung handset dapat menunjukkan PIC berbasis CelebSMS isi (CelebSMS) tanpa berlangganan layanan CelebSMS atau men-download aplikasi Java tertentu. Menerapkan mekanisme Non-awalan, pengguna dapat mengirim P2P CelebSMS ke nomor yang dituju tanpa perlu menambah awalan (27676). Menambahkan kata kunci memuji di depan pesan. Pesan akan diakui sebagai CelebSMS dan FDA akan menyampaikan pesan ini ke sistem CelebSMS. &quot;</contentDesc>
06-20 11:42:53.849: I/GetDirectoryListHttpManager(4431): 						<avgMark>5</avgMark>
06-20 11:42:53.849: I/GetDirectoryListHttpManager(4431): 						<contentProviderName>PT Access Mobile Indonesia</contentProviderName>
06-20 11:42:53.849: I/GetDirectoryListHttpManager(4431): 						<iconPath>http://112.215.81.113/tpf/share/mdspfile/20131021/001004/001004000000012518/1405211052115483.jpg</iconPath>
06-20 11:42:53.849: I/GetDirectoryListHttpManager(4431): 						<defaultCashPrice>5500.00</defaultCashPrice>
06-20 11:42:53.849: I/GetDirectoryListHttpManager(4431): 						<contentType>102</contentType>
06-20 11:42:53.849: I/GetDirectoryListHttpManager(4431): 						<commentCount>6</commentCount>
06-20 11:42:53.849: I/GetDirectoryListHttpManager(4431): 						<glaringIconPath>http://112.215.81.113/tpf/share/mdspfile/20131014/001004/001004000000012518/1405211052113396.jpg</glaringIconPath>
06-20 11:42:53.849: I/GetDirectoryListHttpManager(4431): 						<duration>0</duration>
06-20 11:42:53.849: I/GetDirectoryListHttpManager(4431): 						<categoryID>2002</categoryID>
06-20 11:42:53.849: I/GetDirectoryListHttpManager(4431): 					    <isThirdContent>1</isThirdContent>
06-20 11:42:53.849: I/GetDirectoryListHttpManager(4431): 					    <anonymousDownload>false</anonymousDownload>
06-20 11:42:53.849: I/GetDirectoryListHttpManager(4431): 					</categoryItem>
06-20 11:42:53.849: I/GetDirectoryListHttpManager(4431): 			<categoryItem>
06-20 11:42:53.849: I/GetDirectoryListHttpManager(4431): 						<contentCode>001011000000014712</contentCode>
06-20 11:42:53.849: I/GetDirectoryListHttpManager(4431): 						<contentName>XL Music Live</contentName>
06-20 11:42:53.849: I/GetDirectoryListHttpManager(4431): 						<categoryName>APP</categoryName>
06-20 11:42:53.849: I/GetDirectoryListHttpManager(4431): 						<contentDesc>Dengerin hiburan seru langsung dari HP-mu</contentDesc>
06-20 11:42:53.849: I/GetDirectoryListHttpManager(4431): 						<avgMark>4</avgMark>
06-20 11:42:53.849: I/GetDirectoryListHttpManager(4431): 						<contentProviderName>OnMobile</contentProviderName>
06-20 11:42:53.849: I/GetDirectoryListHttpManager(4431): 						<iconPath>http://112.215.81.113/tpf/share/mdspfile/20131021/001011/001011000000014712/1401151407189877.jpg</iconPath>
06-20 11:42:53.849: I/GetDirectoryListHttpManager(4431): 						<defaultCashPrice>1500.00</defaultCashPrice>
06-20 11:42:53.849: I/GetDirectoryListHttpManager(4431): 						<contentType>102</contentType>
06-20 11:42:53.849: I/GetDirectoryListHttpManager(4431): 						<commentCount>3</commentCount>
06-20 11:42:53.849: I/GetDirectoryListHttpManager(4431): 						<glaringIconPath>http://112.215.81.113/tpf/share/mdspfile/20131014/001011/001011000000014712/1401151407189769.jpg</glaringIconPath>
06-20 11:42:53.849: I/GetDirectoryListHttpManager(4431): 						<duration>0</duration>
06-20 11:42:53.849: I/GetDirectoryListHttpManager(4431): 						<categoryID>2003</categoryID>
06-20 11:42:53.849: I/GetDirectoryListHttpManager(4431): 					    <isThirdContent>1</isThirdConten
06-20 11:42:53.849: I/GetDirectoryListHttpManager(4431): in handleData response.getData() = <?xml version="1.0" encoding="UTF-8"?>
06-20 11:42:53.849: I/GetDirectoryListHttpManager(4431): <categoryAjaxResp>
06-20 11:42:53.849: I/GetDirectoryListHttpManager(4431): 	<operResultCode>0</operResultCode>
06-20 11:42:53.849: I/GetDirectoryListHttpManager(4431): 	<operDesc>Proses berhasil.(0)</operDesc>
06-20 11:42:53.849: I/GetDirectoryListHttpManager(4431): 	<count>397</count>
06-20 11:42:53.849: I/GetDirectoryListHttpManager(4431): 	<categoryItems>
06-20 11:42:53.849: I/GetDirectoryListHttpManager(4431): 			<categoryItem>
06-20 11:42:53.849: I/GetDirectoryListHttpManager(4431): 						<contentCode>001337000000021584</contentCode>
06-20 11:42:53.849: I/GetDirectoryListHttpManager(4431): 						<contentName>Opera Mini</contentName>
06-20 11:42:53.849: I/GetDirectoryListHttpManager(4431): 						<categoryName>Games</categoryName>
06-20 11:42:53.849: I/GetDirectoryListHttpManager(4431): 						<contentDesc>Coba Browser Android tercepat di dunia. Cari tahu mengapa 250 + juta orang di seluruh dunia menyukai web browser Opera Mini: - KECEPATAN - PENGHEMATAN - KESEDERHANAAN - STABILITAS - SOSIAL</contentDesc>
06-20 11:42:53.849: I/GetDirectoryListHttpManager(4431): 						<avgMark>3</avgMark>
06-20 11:42:53.849: I/GetDirectoryListHttpManager(4431): 						<contentProviderName>Opera</contentProviderName>
06-20 11:42:53.849: I/GetDirectoryListHttpManager(4431): 						<iconPath>http://112.215.81.113/tpf/share/mdspfile/20131206/001337/001337000000021584/1406131121004046.jpg</iconPath>
06-20 11:42:53.849: I/GetDirectoryListHttpManager(4431): 						<defaultCashPrice>0.00</defaultCashPrice>
06-20 11:42:53.849: I/GetDirectoryListHttpManager(4431): 						<contentType>102</contentType>
06-20 11:42:53.849: I/GetDirectoryListHttpManager(4431): 						<commentCount>1</commentCount>
06-20 11:42:53.849: I/GetDirectoryListHttpManager(4431): 						<glaringIconPath>http://112.215.81.113/tpf/share/mdspfile/20131206/001337/001337000000021584/140613112059663.jpg</glaringIconPath>
06-20 11:42:53.849: I/GetDirectoryListHttpManager(4431): 						<duration>0</duration>
06-20 11:42:53.849: I/GetDirectoryListHttpManager(4431): 						<categoryID>2001</categoryID>
06-20 11:42:53.849: I/GetDirectoryListHttpManager(4431): 					    <isThirdContent>0</isThirdContent>
06-20 11:42:53.849: I/GetDirectoryListHttpManager(4431): 					    <anonymousDownload>false</anonymousDownload>
06-20 11:42:53.849: I/GetDirectoryListHttpManager(4431): 					</categoryItem>
06-20 11:42:53.849: I/GetDirectoryListHttpManager(4431): 			<categoryItem>
06-20 11:42:53.849: I/GetDirectoryListHttpManager(4431): 						<contentCode>001333000000143602</contentCode>
06-20 11:42:53.849: I/GetDirectoryListHttpManager(4431): 						<contentName>WordArt Photo Sticker</contentName>
06-20 11:42:53.849: I/GetDirectoryListHttpManager(4431): 						<categoryName>Games</categoryName>
06-20 11:42:53.849: I/GetDirectoryListHttpManager(4431): 						<contentDesc>Tambahkan WordArt luar biasa untuk foto Anda untuk membuat pesan foto berdampak &amp; fun untuk mengirim ke teman Anda pada Instagram, Facebook, Whatsapp, WeChat, GARIS, dll</contentDesc>
06-20 11:42:53.849: I/GetDirectoryListHttpManager(4431): 						<avgMark>0</avgMark>
06-20 11:42:53.849: I/GetDirectoryListHttpManager(4431): 						<contentProviderName>IECsite</contentProviderName>
06-20 11:42:53.849: I/GetDirectoryListHttpManager(4431): 						<iconPath>http://112.215.81.113/tpf/share/mdspfile/20140401/001333/001333000000143602/1406131127239524.jpg</iconPath>
06-20 11:42:53.849: I/GetDirectoryListHttpManager(4431): 						<defaultCashPrice>9900.00</defaultCashPrice>
06-20 11:42:53.849: I/GetDirectoryListHttpManager(4431): 						<contentType>102</contentType>
06-20 11:42:53.849: I/GetDirectoryListHttpManager(4431): 						<commentCount>0</commentCount>
06-20 11:42:53.849: I/GetDirectoryListHttpManager(4431): 						<glaringIconPath>http://112.215.81.113/tpf/share/mdspfile/20140401/001333/001333000000143602/1406131127238626.jpg</glaringIconPath>
06-20 11:42:53.849: I/GetDirectoryListHttpManager(4431): 						<duration>0</duration>
06-20 11:42:53.849: I/GetDirectoryListHttpManager(4431): 						<categoryID>2001</categoryID>
06-20 11:42:53.849: I/GetDirectoryListHttpManager(4431): 					    <isThirdContent>0</isThirdContent>
06-20 11:42:53.849: I/GetDirectoryListHttpManager(4431): 					    <anonymousDownload>false</anonymousDownload>
06-20 11:42:53.849: I/GetDirectoryListHttpManager(4431): 					</categoryItem>
06-20 11:42:53.849: I/GetDirectoryListHttpManager(4431): 			<categoryItem>
06-20 11:42:53.849: I/GetDirectoryListHttpManager(4431): 						<contentCode>001810000000145396</contentCode>
06-20 11:42:53.849: I/GetDirectoryListHttpManager(4431): 						<contentName>Akinator the Genie</contentName>
06-20 11:42:53.849: I/GetDirectoryListHttpManager(4431): 						<categoryName>APP</categoryName>
06-20 11:42:53.849: I/GetDirectoryListHttpManager(4431): 						<contentDesc>Dengan MyWorld, Akinator mengetahui lebih dari yang Anda kira!
06-20 11:42:53.849: I/GetDirectoryListHttpManager(4431): Akinator bisa membaca pikiran Anda dan memberitahu karakter yang Anda pikirkan hanya dengan beberapa pertanyaan. Pikirkan karakter nyata atau fiksi dan Akinator akan mencoba untuk menebak siapa dia. Apa kamu siap menantang the Genie?
06-20 11:42:53.849: I/GetDirectoryListHttpManager(4431): ************** BARU: COBA PENGALAMAN MyWorld! **************
06-20 11:42:53.849: I/GetDirectoryListHttpManager(4431): Kemampuan dari Akinator tidak ada akhirnya! Kejutan lainnya dari the Genie: dengan MyWorld, temukan cara baru untuk bermain. Tantangan baru untuk Akinator: buat dia menebak teman dan kenalanmu, kumpulkan semuanya pada album MyWorld.
06-20 11:42:53.849: I/GetDirectoryListHttpManager(4431): Lebih hebat lagi, Akinator bisa menebak teman dan kenalanmu bahkan di saat kamu tidak sedang bermain. Mustahil?! Berikan handphone kamu kepada teman dan coba pengalaman MyWorld … bersiaplah untuk tercengang!
06-20 11:42:53.849: I/GetDirectoryListHttpManager(4431): Fitur ++
06-20 11:42:53.849: I/GetDirectoryListHttpManager(4431): -Tersedia dalam berbagai bahasa (Perancis, Inggris, Spanyol, Portugis, Jerman, Jepang, Arab, Itali, Cina, Turki, Korea, Ibrani dan Belanda).
06-20 11:42:53.849: I/GetDirectoryListHttpManager(4431): -Background tambahan(Akinator di Jepang).
06-20 11:42:53.849: I/GetDirectoryListHttpManager(4431): -Sebarkan hasilnya di Facebook dan Twitter.
06-20 11:42:53.849: I/GetDirectoryListHttpManager(4431): -Filter Anak untuk anak-anak bermain dengan aman.
06-20 11:42:53.849: I/GetDirectoryListHttpManager(4431): -Versi ini juga bisa digunakan pada tablet.</contentDesc>
06-20 11:42:53.849: I/GetDirectoryListHttpManager(4431): 						<avgMark>0</avgMark>
06-20 11:42:53.849: I/GetDirectoryListHttpManager(4431): 						<contentProviderName>TMGamer</contentProviderName>
06-20 11:42:53.849: I/GetDirectoryListHttpManager(4431): 						<iconPath>http://112.215.81.113/tpf/share/mdspfile/20140508/001810/001810000000145396/1406191218577093.png</iconPath>
06-20 11:42:53.849: I/GetDirectoryListHttpManager(4431): 						<defaultCashPrice>23100.00</defaultCashPrice>
06-20 11:42:53.849: I/GetDirectoryListHttpManager(4431): 						<contentType>102</contentType>
06-20 11:42:53.849: I/GetDirectoryListHttpManager(4431): 						<commentCount>0</commentCount>
06-20 11:42:53.849: I/GetDirectoryListHttpManager(4431): 						<glaringIconPath>http://112.215.81.113/tpf/share/mdspfile/20140508/0
06-20 11:42:53.889: I/CategoryLogic(4431): onProgress isInProgress=false
06-20 11:42:53.889: I/HomeFragment(4431): in handleStateMessage MSGTYPE_GET_GETDIRECTORY_GLARINGICON_SUCCESS
06-20 11:42:53.889: D/????(4431): ????
06-20 11:42:53.889: I/GetDirectoryListRecListlLogic(4431): onProgress isInProgress=true
06-20 11:42:53.889: I/HttpConnector(4431): request url : http://112.215.81.113:80/tpf/i/categoryAjax.action?pageNo=1&categoryid=6361
06-20 11:42:53.889: I/HomeFragment(4431): onGetCategoryResp responseCode=Succeed
06-20 11:42:53.889: I/HomeFragment(4431): onGetCategoryResp requestNum=8
06-20 11:42:53.889: E/QCALOG(465): [MessageQ] ProcessNewMessage: [XTWiFi-PE] unknown deliver target [OS-Agent]
06-20 11:42:53.889: E/QCALOG(465): [MessageQ] ProcessNewMessage: [XTWWAN-PE] unknown deliver target [OS-Agent]
06-20 11:42:53.899: I/HomeFragment(4431): onGetCategoryResp operResultCode=0
06-20 11:42:53.899: I/HomeFragment(4431): (6001078270,Everything 2k) is leaf
06-20 11:42:53.899: I/HomeFragment(4431): (6001301822,2014 FIFA World Cup : Brazil) is leaf
06-20 11:42:53.909: I/HomeFragment(4431): (6001301827,2014 World Cup) is leaf
06-20 11:42:53.909: D/dalvikvm(26158): GC_CONCURRENT freed 1655K, 7% free 55360K/58952K, paused 8ms+9ms, total 95ms
06-20 11:42:53.909: D/dalvikvm(26158): WAIT_FOR_CONCURRENT_GC blocked 76ms
06-20 11:42:53.999: D/dalvikvm(4431): GC_CONCURRENT freed 1412K, 15% free 55067K/64208K, paused 5ms+5ms, total 41ms
06-20 11:42:53.999: D/dalvikvm(4431): WAIT_FOR_CONCURRENT_GC blocked 21ms
06-20 11:42:53.999: D/dalvikvm(4431): WAIT_FOR_CONCURRENT_GC blocked 21ms
06-20 11:42:53.999: D/dalvikvm(4431): WAIT_FOR_CONCURRENT_GC blocked 21ms
06-20 11:42:54.009: I/GetDirectoryListRecListlLogic(4431): onProgress isInProgress=false
06-20 11:42:54.009: I/HomeFragment(4431): in handleStateMessage MSGTYPE_GET_GETDIRECTORY_BRAND_SUCCESS
06-20 11:42:54.009: D/????(4431): ????
06-20 11:42:54.009: I/GetDirectoryListRecListlLogic(4431): onProgress isInProgress=true
06-20 11:42:54.009: I/HttpConnector(4431): request url : http://112.215.81.113:80/tpf/i/categoryAjax.action?pageNo=1&categoryid=6321
06-20 11:42:54.039: I/GetDirectoryListRecListlLogic(4431): onProgress isInProgress=false
06-20 11:42:54.039: D/????(4431): ????
06-20 11:42:54.039: I/GetDirectoryListRecListlLogic(4431): onProgress isInProgress=true
06-20 11:42:54.039: I/HttpConnector(4431): request url : http://112.215.81.113:80/tpf/i/categoryAjax.action?pageNo=1&categoryid=6331
06-20 11:42:54.069: D/dalvikvm(26158): GC_CONCURRENT freed 1655K, 7% free 55360K/58952K, paused 3ms+9ms, total 80ms
06-20 11:42:54.069: D/dalvikvm(26158): WAIT_FOR_CONCURRENT_GC blocked 70ms
06-20 11:42:54.069: I/HttpConnector(4431): Response Code[200]
06-20 11:42:54.099: W/WindowManager(899): Access to extended visibility flags denied: Requires com.sonymobile.permission.SYSTEM_UI_VISIBILITY_EXTENSIONS permission.
06-20 11:42:54.099: D/dalvikvm(4431): GC_CONCURRENT freed 706K, 13% free 55888K/64208K, paused 6ms+5ms, total 37ms
06-20 11:42:54.129: I/HttpConnector(4431): response data : <?xml version="1.0" encoding="UTF-8"?>
06-20 11:42:54.129: I/HttpConnector(4431): <categoryAjaxResp>
06-20 11:42:54.129: I/HttpConnector(4431): 	<operResultCode>0</operResultCode>
06-20 11:42:54.129: I/HttpConnector(4431): 	<operDesc>Proses berhasil.(0)</operDesc>
06-20 11:42:54.129: I/HttpConnector(4431): 	<count>1105</count>
06-20 11:42:54.129: I/HttpConnector(4431): 	<categoryItems>
06-20 11:42:54.129: I/HttpConnector(4431): 			<categoryItem>
06-20 11:42:54.129: I/HttpConnector(4431): 						<contentCode>001322000000021360</contentCode>
06-20 11:42:54.129: I/HttpConnector(4431): 						<contentName>Kuis Logo</contentName>
06-20 11:42:54.129: I/HttpConnector(4431): 						<categoryName>APP</categoryName>
06-20 11:42:54.129: I/HttpConnector(4431): 						<contentDesc>Game tebak logo versi Indonesia yang menampilkan merek dan logo lokal.</contentDesc>
06-20 11:42:54.129: I/HttpConnector(4431): 						<avgMark>5</avgMark>
06-20 11:42:54.129: I/HttpConnector(4431): 						<contentProviderName>Okto Mobile</contentProviderName>
06-20 11:42:54.129: I/HttpConnector(4431): 						<iconPath>http://112.215.81.113/tpf/share/mdspfile/20131204/001322/001322000000021360/1406041555538054.jpg</iconPath>
06-20 11:42:54.129: I/HttpConnector(4431): 						<defaultCashPrice>0.00</defaultCashPrice>
06-20 11:42:54.129: I/HttpConnector(4431): 						<contentType>102</contentType>
06-20 11:42:54.129: I/HttpConnector(4431): 						<commentCount>1</commentCount>
06-20 11:42:54.129: I/HttpConnector(4431): 						<glaringIconPath>http://112.215.81.113/tpf/share/mdspfile/20131204/001322/001322000000021360/1406041555532028.jpg</glaringIconPath>
06-20 11:42:54.129: I/HttpConnector(4431): 						<duration>0</duration>
06-20 11:42:54.129: I/HttpConnector(4431): 						<categoryID>2003</categoryID>
06-20 11:42:54.129: I/HttpConnector(4431): 					    <isThirdContent>0</isThirdContent>
06-20 11:42:54.129: I/HttpConnector(4431): 					    <anonymousDownload>false</anonymousDownload>
06-20 11:42:54.129: I/HttpConnector(4431): 					</categoryItem>
06-20 11:42:54.129: I/HttpConnector(4431): 			<categoryItem>
06-20 11:42:54.129: I/HttpConnector(4431): 						<contentCode>000919000000147288</contentCode>
06-20 11:42:54.129: I/HttpConnector(4431): 						<contentName>2014 FIFA World Cup: Brazil</contentName>
06-20 11:42:54.129: I/HttpConnector(4431): 						<categoryName>Games</categoryName>
06-20 11:42:54.129: I/HttpConnector(4431): 						<contentDesc>Bawa negara favoritmu menuju kemenangan pada pertandingan Piala Dunia 2014 di Brazil lewat ponsel kamu. Ini Game untuk Android</contentDesc>
06-20 11:42:54.129: I/HttpConnector(4431): 						<avgMark>0</avgMark>
06-20 11:42:54.129: I/HttpConnector(4431): 						<contentProviderName>PT. Elasitas Multi Kreasi</contentProviderName>
06-20 11:42:54.129: I/HttpConnector(4431): 						<iconPath>http://112.215.81.113/tpf/share/mdspfile/20140617/000919/000919000000147288/1406191510298318.jpg</iconPath>
06-20 11:42:54.129: I/HttpConnector(4431): 						<defaultCashPrice>5500.00</defaultCashPrice>
06-20 11:42:54.129: I/HttpConnector(4431): 						<contentType>102</contentType>
06-20 11:42:54.129: I/HttpConnector(4431): 						<commentCount>0</commentCount>
06-20 11:42:54.129: I/HttpConnector(4431): 						<glaringIconPath>http://112.215.81.113/tpf/share/mdspfile/20140617/000919/000919000000147288/1406191510288945.jpg</glaringIconPath>
06-20 11:42:54.129: I/HttpConnector(4431): 						<duration>0</duration>
06-20 11:42:54.129: I/HttpConnector(4431): 						<categoryID>2001</categoryID>
06-20 11:42:54.129: I/HttpConnector(4431): 					    <isThirdContent>0</isThirdContent>
06-20 11:42:54.129: I/HttpConnector(4431): 					    <anonymousDownload>false</anonymousDownload>
06-20 11:42:54.129: I/HttpConnector(4431): 					</categoryItem>
06-20 11:42:54.129: I/HttpConnector(4431): 			<categoryItem>
06-20 11:42:54.129: I/HttpConnector(4431): 						<contentCode>001810000000146183</contentCode>
06-20 11:42:54.129: I/HttpConnector(4431): 						<contentName>Rayman Jungle Run</contentName>
06-20 11:42:54.129: I/HttpConnector(4431): 						<categoryName>Games</categoryName>
06-20 11:42:54.129: I/HttpConnector(4431): 						<contentDesc>? PILIHAN EDITOR DI GOOGLE PLAY ?
06-20 11:42:54.129: I/HttpConnector(4431): Pemenang berbagai penghargaan seperti Game of the Year dan Platformer of the Year!!
06-20 11:42:54.129: I/HttpConnector(4431): Platform legendaris yang tersedia di perangkat mobile favorit Anda! 
06-20 11:42:54.129: I/HttpConnector(4431): - Grafis yang indah 
06-20 11:42:54.129: I/HttpConnector(4431): - Dunia baru untuk ditemukan 
06-20 11:42:54.129: I/HttpConnector(4431): - Kekuatan baru untuk unlock
06-20 11:42:54.129: I/HttpConnector(4431): - Musik yang menawan 
06-20 11:42:54.129: I/HttpConnector(4431): - Mengontrol dengan sentuhan 
06-20 11:42:54.129: I/HttpConnector(4431): - Wallpaper eksklusif 
06-20 11:42:54.129: I/HttpConnector(4431): Rayman Jungle Run mudah dimainkan oleh semua usia. Ingin menjadi master dari Rayman Jungle Run?? Permainan ini akan sangat menantang. Selesaikan tingkat Land of the Livid Dead jika kamu memiliki kemampuan!
06-20 11:42:54.129: I/HttpConnector(4431): Perjalanan Rayman Jungle Run berlanjut dengan 20 tingkat baru... GRATIS! 
06-20 11:42:54.129: I/HttpConnector(4431): ? Hindari bola meriam dan lompat melalui bebatuan pada tingkat Pirate Ship baru untuk aksi lebih seru! 
06-20 11:42:54.129: I/HttpConnector(4431): ? Berlari lebih cepat dari sebelumnya dalam tingkat Boss Plant untuk melarikan diri dari  bunga raksasa yang berbau. 
06-20 11:42:54.129: I/HttpConnector(4431): ? Setelah berlari sekian lama, apakah Anda berani memasuki tingkat berikutnya dari Land of the Livid Dead?</contentDesc>
06-20 11:42:54.129: I/HttpConnector(4431): 						<avgMark>0</avgMark>
06-20 11:42:54.129: I/HttpConnector(4431): 						<contentProviderName>TMGamer</contentProviderName>
06-20 11:42:54.129: I/HttpConnector(4431): 						<iconPath>http://112.215.81.113/tpf/share/mdspfile/20140516/001810/001810000000146183/1406191221001738.png</iconPath>
06-20 11:42:54.129: I/HttpConnector(4431): 						<defaultCashPrice>41800.00</defaultCashPrice>
06-20 11:42:54.129: I/HttpConnector(4431): 						<contentType>102</contentType>
06-20 11:42:54.129: I/HttpConnector(4431): 						<commentCount>0</commentCount>
06-20 11:42:54.129: I/HttpConnector(4431): 						<glaringIconPath>http://112.215.81.113/tpf/share/mdspfile/20140516/001810/001810000000146183/1406191221006191.jpg</glaringIconPath>
06-20 11:42:54.129: I/HttpConnector(4431): 						<duration>0</duration>
06-20 11:42:54.129: I/HttpConnector(4431): 						<categoryID>2001</categoryID>
06-20 11:42:54.129: I/HttpConnector(4431): 					    <isThirdContent>0</isThirdContent>
06-20 11:42:54.129: I/HttpConnector(4431): 					    <anonymousDownload>true</anonymousDownload>
06-20 11:42:54.129: I/HttpConnector(4431): 					</categoryItem>
06-20 11:42:54.129: I/HttpConnector(4431): 			<categoryItem>
06-20 11:42:54.129: I/HttpConnector(4431): 						<contentCode>001810000000145008</contentCode>
06-20 11:42:54.129: I/HttpConnector(4431): 						<cont
06-20 11:42:54.139: I/HttpConnector(4431): Response Code :  Succeed
06-20 11:42:54.159: I/GetDirectoryListHttpManager(4431): in handleData response.getData() = <?xml version="1.0" encoding="UTF-8"?>
06-20 11:42:54.159: I/GetDirectoryListHttpManager(4431): <categoryAjaxResp>
06-20 11:42:54.159: I/GetDirectoryListHttpManager(4431): 	<operResultCode>0</operResultCode>
06-20 11:42:54.159: I/GetDirectoryListHttpManager(4431): 	<operDesc>Proses berhasil.(0)</operDesc>
06-20 11:42:54.159: I/GetDirectoryListHttpManager(4431): 	<count>1105</count>
06-20 11:42:54.159: I/GetDirectoryListHttpManager(4431): 	<categoryItems>
06-20 11:42:54.159: I/GetDirectoryListHttpManager(4431): 			<categoryItem>
06-20 11:42:54.159: I/GetDirectoryListHttpManager(4431): 						<contentCode>001322000000021360</contentCode>
06-20 11:42:54.159: I/GetDirectoryListHttpManager(4431): 						<contentName>Kuis Logo</contentName>
06-20 11:42:54.159: I/GetDirectoryListHttpManager(4431): 						<categoryName>APP</categoryName>
06-20 11:42:54.159: I/GetDirectoryListHttpManager(4431): 						<contentDesc>Game tebak logo versi Indonesia yang menampilkan merek dan logo lokal.</contentDesc>
06-20 11:42:54.159: I/GetDirectoryListHttpManager(4431): 						<avgMark>5</avgMark>
06-20 11:42:54.159: I/GetDirectoryListHttpManager(4431): 						<contentProviderName>Okto Mobile</contentProviderName>
06-20 11:42:54.159: I/GetDirectoryListHttpManager(4431): 						<iconPath>http://112.215.81.113/tpf/share/mdspfile/20131204/001322/001322000000021360/1406041555538054.jpg</iconPath>
06-20 11:42:54.159: I/GetDirectoryListHttpManager(4431): 						<defaultCashPrice>0.00</defaultCashPrice>
06-20 11:42:54.159: I/GetDirectoryListHttpManager(4431): 						<contentType>102</contentType>
06-20 11:42:54.159: I/GetDirectoryListHttpManager(4431): 						<commentCount>1</commentCount>
06-20 11:42:54.159: I/GetDirectoryListHttpManager(4431): 						<glaringIconPath>http://112.215.81.113/tpf/share/mdspfile/20131204/001322/001322000000021360/1406041555532028.jpg</glaringIconPath>
06-20 11:42:54.159: I/GetDirectoryListHttpManager(4431): 						<duration>0</duration>
06-20 11:42:54.159: I/GetDirectoryListHttpManager(4431): 						<categoryID>2003</categoryID>
06-20 11:42:54.159: I/GetDirectoryListHttpManager(4431): 					    <isThirdContent>0</isThirdContent>
06-20 11:42:54.159: I/GetDirectoryListHttpManager(4431): 					    <anonymousDownload>false</anonymousDownload>
06-20 11:42:54.159: I/GetDirectoryListHttpManager(4431): 					</categoryItem>
06-20 11:42:54.159: I/GetDirectoryListHttpManager(4431): 			<categoryItem>
06-20 11:42:54.159: I/GetDirectoryListHttpManager(4431): 						<contentCode>000919000000147288</contentCode>
06-20 11:42:54.159: I/GetDirectoryListHttpManager(4431): 						<contentName>2014 FIFA World Cup: Brazil</contentName>
06-20 11:42:54.159: I/GetDirectoryListHttpManager(4431): 						<categoryName>Games</categoryName>
06-20 11:42:54.159: I/GetDirectoryListHttpManager(4431): 						<contentDesc>Bawa negara favoritmu menuju kemenangan pada pertandingan Piala Dunia 2014 di Brazil lewat ponsel kamu. Ini Game untuk Android</contentDesc>
06-20 11:42:54.159: I/GetDirectoryListHttpManager(4431): 						<avgMark>0</avgMark>
06-20 11:42:54.159: I/GetDirectoryListHttpManager(4431): 						<contentProviderName>PT. Elasitas Multi Kreasi</contentProviderName>
06-20 11:42:54.159: I/GetDirectoryListHttpManager(4431): 						<iconPath>http://112.215.81.113/tpf/share/mdspfile/20140617/000919/000919000000147288/1406191510298318.jpg</iconPath>
06-20 11:42:54.159: I/GetDirectoryListHttpManager(4431): 						<defaultCashPrice>5500.00</defaultCashPrice>
06-20 11:42:54.159: I/GetDirectoryListHttpManager(4431): 						<contentType>102</contentType>
06-20 11:42:54.159: I/GetDirectoryListHttpManager(4431): 						<commentCount>0</commentCount>
06-20 11:42:54.159: I/GetDirectoryListHttpManager(4431): 						<glaringIconPath>http://112.215.81.113/tpf/share/mdspfile/20140617/000919/000919000000147288/1406191510288945.jpg</glaringIconPath>
06-20 11:42:54.159: I/GetDirectoryListHttpManager(4431): 						<duration>0</duration>
06-20 11:42:54.159: I/GetDirectoryListHttpManager(4431): 						<categoryID>2001</categoryID>
06-20 11:42:54.159: I/GetDirectoryListHttpManager(4431): 					    <isThirdContent>0</isThirdContent>
06-20 11:42:54.159: I/GetDirectoryListHttpManager(4431): 					    <anonymousDownload>false</anonymousDownload>
06-20 11:42:54.159: I/GetDirectoryListHttpManager(4431): 					</categoryItem>
06-20 11:42:54.159: I/GetDirectoryListHttpManager(4431): 			<categoryItem>
06-20 11:42:54.159: I/GetDirectoryListHttpManager(4431): 						<contentCode>001810000000146183</contentCode>
06-20 11:42:54.159: I/GetDirectoryListHttpManager(4431): 						<contentName>Rayman Jungle Run</contentName>
06-20 11:42:54.159: I/GetDirectoryListHttpManager(4431): 						<categoryName>Games</categoryName>
06-20 11:42:54.159: I/GetDirectoryListHttpManager(4431): 						<contentDesc>? PILIHAN EDITOR DI GOOGLE PLAY ?
06-20 11:42:54.159: I/GetDirectoryListHttpManager(4431): Pemenang berbagai penghargaan seperti Game of the Year dan Platformer of the Year!!
06-20 11:42:54.159: I/GetDirectoryListHttpManager(4431): Platform legendaris yang tersedia di perangkat mobile favorit Anda! 
06-20 11:42:54.159: I/GetDirectoryListHttpManager(4431): - Grafis yang indah 
06-20 11:42:54.159: I/GetDirectoryListHttpManager(4431): - Dunia baru untuk ditemukan 
06-20 11:42:54.159: I/GetDirectoryListHttpManager(4431): - Kekuatan baru untuk unlock
06-20 11:42:54.159: I/GetDirectoryListHttpManager(4431): - Musik yang menawan 
06-20 11:42:54.159: I/GetDirectoryListHttpManager(4431): - Mengontrol dengan sentuhan 
06-20 11:42:54.159: I/GetDirectoryListHttpManager(4431): - Wallpaper eksklusif 
06-20 11:42:54.159: I/GetDirectoryListHttpManager(4431): Rayman Jungle Run mudah dimainkan oleh semua usia. Ingin menjadi master dari Rayman Jungle Run?? Permainan ini akan sangat menantang. Selesaikan tingkat Land of the Livid Dead jika kamu memiliki kemampuan!
06-20 11:42:54.159: I/GetDirectoryListHttpManager(4431): Perjalanan Rayman Jungle Run berlanjut dengan 20 tingkat baru... GRATIS! 
06-20 11:42:54.159: I/GetDirectoryListHttpManager(4431): ? Hindari bola meriam dan lompat melalui bebatuan pada tingkat Pirate Ship baru untuk aksi lebih seru! 
06-20 11:42:54.159: I/GetDirectoryListHttpManager(4431): ? Berlari lebih cepat dari sebelumnya dalam tingkat Boss Plant untuk melarikan diri dari  bunga raksasa yang berbau. 
06-20 11:42:54.159: I/GetDirectoryListHttpManager(4431): ? Setelah berlari sekian lama, apakah Anda berani memasuki tingkat berikutnya dari Land of the Livid Dead?</contentDesc>
06-20 11:42:54.159: I/GetDirectoryListHttpManager(4431): 						<avgMark>0</avgMark>
06-20 11:42:54.159: I/GetDirectoryListHttpManager(4431): 						<contentProviderName>TMGamer</contentProviderName>
06-20 11:42:54.159: I/GetDirectoryListHttpManager(4431): 						<iconPath>http://112.215.81.113/tpf/share/mdspfile/20140516/001810/001810000000146183/1406191221001738.png</iconPath>
06-20 11:42:54.159: I/GetDirectoryListHttpManager(4431): 						<defaultCashPrice>41800.00</defaultCashPrice>
06-20 11:42:54.159: I/GetDirectoryListHttpManager(4431): 						<contentType>102</contentType>
06-20 11:42:54.159: I/GetDirectoryListHttpManager(4431): 						<commentCount>0</commentCount>
06-20 11:42:54.159: I/GetDirectoryListHttpManager(4431): 						<glaringIconPath>http://112.215.81.113/tpf/share/mdspfile/20140516/001810/001810000000146183/1406191221006191.jpg</glaringIconPath>
06-20 11:42:54.159: I/GetDirectoryListHttpManager(4431): 						<duration>0</duration>
06-20 11:42:54.159: I/GetDirectoryListHttpManager(4431): 						<categoryID>2001</categoryID>
06-20 11:42:54.159: I/GetDirectoryListHttpManager(4431): 					    <isThirdContent>0</isThirdContent>
06-20 11:42:54.159: I/GetDirectoryListHttpManager(4431): 					    <anonymousDownload>true</anonymousDownload>
06-20 11:42:54.159: I/GetDirectoryListHttpManager(4431): 					</categoryItem>
06-20 11:42:54.159: I/GetDirectoryListHttpManager(4431): 			<categoryItem>
06-20 11:42:54.159: I/GetDirectoryListHttpManager(4431): 						<contentCode>001810000000
06-20 11:42:54.230: D/dalvikvm(26158): GC_CONCURRENT freed 1655K, 7% free 55360K/58952K, paused 4ms+10ms, total 77ms
06-20 11:42:54.230: D/dalvikvm(26158): WAIT_FOR_CONCURRENT_GC blocked 67ms
06-20 11:42:54.240: I/GetDirectoryListRecListlLogic(4431): onProgress isInProgress=false
06-20 11:42:54.240: D/????(4431): ????
06-20 11:42:54.240: I/GetDirectoryListRecListlLogic(4431): onProgress isInProgress=true
06-20 11:42:54.240: I/HttpConnector(4431): request url : http://112.215.81.113:80/tpf/i/categoryAjax.action?pageNo=1&categoryid=6371
06-20 11:42:54.390: D/dalvikvm(26158): GC_CONCURRENT freed 1655K, 7% free 55360K/58952K, paused 5ms+9ms, total 83ms
06-20 11:42:54.390: D/dalvikvm(26158): WAIT_FOR_CONCURRENT_GC blocked 72ms
06-20 11:42:54.390: I/HomeFragment(4431): in handleStateMessage MSGTYPE_GET_GETDIRECTORY_APP_SUCCESS
06-20 11:42:54.390: I/HomeFragment(4431): in handleStateMessage MSGTYPE_GET_GETDIRECTORY_GAME_SUCCESS
06-20 11:42:54.430: D/dalvikvm(4431): GC_CONCURRENT freed 1440K, 13% free 56367K/64208K, paused 6ms+11ms, total 68ms
06-20 11:42:54.540: D/dalvikvm(26158): GC_CONCURRENT freed 1655K, 7% free 55360K/58952K, paused 4ms+9ms, total 69ms
06-20 11:42:54.540: D/dalvikvm(26158): WAIT_FOR_CONCURRENT_GC blocked 59ms
06-20 11:42:54.700: D/dalvikvm(26158): GC_CONCURRENT freed 1655K, 7% free 55360K/58952K, paused 5ms+9ms, total 79ms
06-20 11:42:54.700: D/dalvikvm(26158): WAIT_FOR_CONCURRENT_GC blocked 69ms
06-20 11:42:54.860: D/dalvikvm(26158): GC_CONCURRENT freed 1655K, 7% free 55360K/58952K, paused 5ms+9ms, total 72ms
06-20 11:42:54.860: D/dalvikvm(26158): WAIT_FOR_CONCURRENT_GC blocked 58ms
06-20 11:42:54.890: E/QCALOG(465): [MessageQ] ProcessNewMessage: [XT-CS] unknown deliver target [OS-Agent]
06-20 11:42:55.050: D/dalvikvm(26158): GC_CONCURRENT freed 1655K, 7% free 55360K/58952K, paused 5ms+9ms, total 69ms
06-20 11:42:55.050: D/dalvikvm(26158): WAIT_FOR_CONCURRENT_GC blocked 57ms
06-20 11:42:55.050: D/dalvikvm(4431): GC_FOR_ALLOC freed 903K, 12% free 56636K/64208K, paused 37ms, total 37ms
06-20 11:42:55.080: I/HttpConnector(4431): Response Code[200]
06-20 11:42:55.100: I/HttpConnector(4431): response data : <?xml version="1.0" encoding="UTF-8"?>
06-20 11:42:55.100: I/HttpConnector(4431): <categoryAjaxResp>
06-20 11:42:55.100: I/HttpConnector(4431): 	<operResultCode>0</operResultCode>
06-20 11:42:55.100: I/HttpConnector(4431): 	<operDesc>Proses berhasil.(0)</operDesc>
06-20 11:42:55.100: I/HttpConnector(4431): 	<count>64</count>
06-20 11:42:55.100: I/HttpConnector(4431): 	<categoryItems>
06-20 11:42:55.100: I/HttpConnector(4431): 			<categoryItem>
06-20 11:42:55.100: I/HttpConnector(4431): 						<contentCode>001709000000143532</contentCode>
06-20 11:42:55.100: I/HttpConnector(4431): 						<contentName>Jongla</contentName>
06-20 11:42:55.100: I/HttpConnector(4431): 						<categoryName>APP</categoryName>
06-20 11:42:55.100: I/HttpConnector(4431): 						<contentDesc>Nikmati dengan cepat, menyenangkan &amp; pesan gratis dengan Jongla! Mengirim pesan, foto, video, stiker, pesan suara, dan lokasi atau mulai grup chat dengan teman-teman di seluruh dunia.</contentDesc>
06-20 11:42:55.100: I/HttpConnector(4431): 						<avgMark>5</avgMark>
06-20 11:42:55.100: I/HttpConnector(4431): 						<contentProviderName>Jongla</contentProviderName>
06-20 11:42:55.100: I/HttpConnector(4431): 						<iconPath>http://112.215.81.113/tpf/share/mdspfile/20140324/001709/001709000000143532/1406131127262179.png</iconPath>
06-20 11:42:55.100: I/HttpConnector(4431): 						<defaultCashPrice>0.00</defaultCashPrice>
06-20 11:42:55.100: I/HttpConnector(4431): 						<contentType>102</contentType>
06-20 11:42:55.100: I/HttpConnector(4431): 						<commentCount>1</commentCount>
06-20 11:42:55.100: I/HttpConnector(4431): 						<glaringIconPath>http://112.215.81.113/tpf/share/mdspfile/20140324/001709/001709000000143532/1406131127256329.png</glaringIconPath>
06-20 11:42:55.100: I/HttpConnector(4431): 						<duration>0</duration>
06-20 11:42:55.100: I/HttpConnector(4431): 						<categoryID>2003</categoryID>
06-20 11:42:55.100: I/HttpConnector(4431): 					    <isThirdContent>0</isThirdContent>
06-20 11:42:55.100: I/HttpConnector(4431): 					    <anonymousDownload>false</anonymousDownload>
06-20 11:42:55.100: I/HttpConnector(4431): 					</categoryItem>
06-20 11:42:55.100: I/HttpConnector(4431): 			<categoryItem>
06-20 11:42:55.100: I/HttpConnector(4431): 						<contentCode>001334000000021354</contentCode>
06-20 11:42:55.100: I/HttpConnector(4431): 						<contentName>Line</contentName>
06-20 11:42:55.100: I/HttpConnector(4431): 						<categoryName>APP|SNS</categoryName>
06-20 11:42:55.100: I/HttpConnector(4431): 						<contentDesc>Tidak ada batas untuk memanggil dan mengirim pesan sebanyak yang Anda inginkan!
06-20 11:42:55.100: I/HttpConnector(4431): LINE adalah aplikasi komunikasi baru yang memungkinkan untuk membuat panggilan suara dan mengirim pesan gratis kapanpun dan dimanapun anda berada, 24 jam sehari!
06-20 11:42:55.100: I/HttpConnector(4431): LINE memiliki lebih dari 300 juta pengguna di seluruh dunia dan digunakan di lebih dari 231 negara!</contentDesc>
06-20 11:42:55.100: I/HttpConnector(4431): 						<avgMark>5</avgMark>
06-20 11:42:55.100: I/HttpConnector(4431): 						<contentProviderName>Line</contentProviderName>
06-20 11:42:55.100: I/HttpConnector(4431): 						<iconPath>http://112.215.81.113/tpf/share/mdspfile/20131204/001334/001334000000021354/1406121604344234.jpg</iconPath>
06-20 11:42:55.100: I/HttpConnector(4431): 						<defaultCashPrice>0.00</defaultCashPrice>
06-20 11:42:55.100: I/HttpConnector(4431): 						<contentType>102</contentType>
06-20 11:42:55.100: I/HttpConnector(4431): 						<commentCount>28</commentCount>
06-20 11:42:55.100: I/HttpConnector(4431): 						<glaringIconPath>http://112.215.81.113/tpf/share/mdspfile/20131204/001334/001334000000021354/1406121604348690.jpg</glaringIconPath>
06-20 11:42:55.100: I/HttpConnector(4431): 						<duration>0</duration>
06-20 11:42:55.100: I/HttpConnector(4431): 						<categoryID>2003|2002</categoryID>
06-20 11:42:55.100: I/HttpConnector(4431): 					    <isThirdContent>0</isThirdContent>
06-20 11:42:55.100: I/HttpConnector(4431): 					    <anonymousDownload>false</anonymousDownload>
06-20 11:42:55.100: I/HttpConnector(4431): 					</categoryItem>
06-20 11:42:55.100: I/HttpConnector(4431): 			<categoryItem>
06-20 11:42:55.100: I/HttpConnector(4431): 						<contentCode>001413000000021762</contentCode>
06-20 11:42:55.100: I/HttpConnector(4431): 						<contentName>Whatsapp</contentName>
06-20 11:42:55.100: I/HttpConnector(4431): 						<categoryName>APP</categoryName>
06-20 11:42:55.100: I/HttpConnector(4431): 						<contentDesc>WhatsApp adalah aplikasi pengirim pesan smartphone lintas platform yang tersedia untuk Android dan beberapa smartphone lainnya. WhatsApp Messenger menggunakan paket data internet Anda pada 3G atau WiFi (saat tersedia) untuk memungkinkan Anda untuk terus terhubung dengan teman-teman, teman rekan, dan keluarga Anda. Satu tahun pertama GRATIS! ($0.99 USD tiap tahun setelah itu)</contentDesc>
06-20 11:42:55.100: I/HttpConnector(4431): 						<avgMark>5</avgMark>
06-20 11:42:55.100: I/HttpConnector(4431): 						<contentProviderName>Whatsapp</contentProviderName>
06-20 11:42:55.100: I/HttpConnector(4431): 						<iconPath>http://112.215.81.113/tpf/share/mdspfile/20131213/001413/001413000000021762/140613131759207.jpg</iconPath>
06-20 11:42:55.100: I/HttpConnector(4431): 						<defaultCashPrice>0.00</defaultCashPrice>
06-20 11:42:55.100: I/HttpConnector(4431): 						<contentType>102</contentType>
06-20 11:42:55.100: I/HttpConnector(4431): 						<commentCount>18</commentCount>
06-20 11:42:55.100: I/HttpConnector(4431): 						<glaringIconPath>http://112.215.81.113/tpf/share/mdspfile/20131212/001413/001413000000021762/1406131317588580.jpg</glaringIconPath>
06-20 11:42:55.100: I/HttpConnector(4431): 						<duration>0</duration>
06-20 11:42:55.100: I/HttpConnector(4431): 						<categoryID>2003</categoryID>
06-20 11:42:55.100: I/HttpConnector(4431): 					    <isThirdContent>0</isThirdContent>
06-20 11:42:55.100: I/HttpConnector(4431): 					    <anonymousDownload>false</anonymousDownload>
06-20 11:42:55.100: I/HttpConnector(4431): 					</categoryItem>
06-20 11:42:55.100: I/HttpConnector(4431): 			<categoryItem>
06-20 11:42:55.100: I/HttpConnector(4431): 						<contentCode>001804000000143761</contentCode>
06-20 11:42:55.100: I/HttpConnector(4431): 						<contentName>Muka Komik</contentName>
06-20 11:42:55.100: I/HttpConnector(4431): 						<categoryName>APP</categoryName>
06-20 11:42:55.100: I/HttpConnector(4431): 						<contentDesc>Gunakan aplikasi MUKA KOMIK buat bikin hape elo ga galau lagi. Cara pakenya gampang banget dan ga pake ribet. Pastikan foto elo hadap depan dan ga miring, tinggal jepret terus pilih puluhan tema yang kocak abis. Terus y
06-20 11:42:55.110: I/HttpConnector(4431): Response Code :  Succeed
06-20 11:42:55.120: I/GetDirectoryListHttpManager(4431): in handleData response.getData() = <?xml version="1.0" encoding="UTF-8"?>
06-20 11:42:55.120: I/GetDirectoryListHttpManager(4431): <categoryAjaxResp>
06-20 11:42:55.120: I/GetDirectoryListHttpManager(4431): 	<operResultCode>0</operResultCode>
06-20 11:42:55.120: I/GetDirectoryListHttpManager(4431): 	<operDesc>Proses berhasil.(0)</operDesc>
06-20 11:42:55.120: I/GetDirectoryListHttpManager(4431): 	<count>64</count>
06-20 11:42:55.120: I/GetDirectoryListHttpManager(4431): 	<categoryItems>
06-20 11:42:55.120: I/GetDirectoryListHttpManager(4431): 			<categoryItem>
06-20 11:42:55.120: I/GetDirectoryListHttpManager(4431): 						<contentCode>001709000000143532</contentCode>
06-20 11:42:55.120: I/GetDirectoryListHttpManager(4431): 						<contentName>Jongla</contentName>
06-20 11:42:55.120: I/GetDirectoryListHttpManager(4431): 						<categoryName>APP</categoryName>
06-20 11:42:55.120: I/GetDirectoryListHttpManager(4431): 						<contentDesc>Nikmati dengan cepat, menyenangkan &amp; pesan gratis dengan Jongla! Mengirim pesan, foto, video, stiker, pesan suara, dan lokasi atau mulai grup chat dengan teman-teman di seluruh dunia.</contentDesc>
06-20 11:42:55.120: I/GetDirectoryListHttpManager(4431): 						<avgMark>5</avgMark>
06-20 11:42:55.120: I/GetDirectoryListHttpManager(4431): 						<contentProviderName>Jongla</contentProviderName>
06-20 11:42:55.120: I/GetDirectoryListHttpManager(4431): 						<iconPath>http://112.215.81.113/tpf/share/mdspfile/20140324/001709/001709000000143532/1406131127262179.png</iconPath>
06-20 11:42:55.120: I/GetDirectoryListHttpManager(4431): 						<defaultCashPrice>0.00</defaultCashPrice>
06-20 11:42:55.120: I/GetDirectoryListHttpManager(4431): 						<contentType>102</contentType>
06-20 11:42:55.120: I/GetDirectoryListHttpManager(4431): 						<commentCount>1</commentCount>
06-20 11:42:55.120: I/GetDirectoryListHttpManager(4431): 						<glaringIconPath>http://112.215.81.113/tpf/share/mdspfile/20140324/001709/001709000000143532/1406131127256329.png</glaringIconPath>
06-20 11:42:55.120: I/GetDirectoryListHttpManager(4431): 						<duration>0</duration>
06-20 11:42:55.120: I/GetDirectoryListHttpManager(4431): 						<categoryID>2003</categoryID>
06-20 11:42:55.120: I/GetDirectoryListHttpManager(4431): 					    <isThirdContent>0</isThirdContent>
06-20 11:42:55.120: I/GetDirectoryListHttpManager(4431): 					    <anonymousDownload>false</anonymousDownload>
06-20 11:42:55.120: I/GetDirectoryListHttpManager(4431): 					</categoryItem>
06-20 11:42:55.120: I/GetDirectoryListHttpManager(4431): 			<categoryItem>
06-20 11:42:55.120: I/GetDirectoryListHttpManager(4431): 						<contentCode>001334000000021354</contentCode>
06-20 11:42:55.120: I/GetDirectoryListHttpManager(4431): 						<contentName>Line</contentName>
06-20 11:42:55.120: I/GetDirectoryListHttpManager(4431): 						<categoryName>APP|SNS</categoryName>
06-20 11:42:55.120: I/GetDirectoryListHttpManager(4431): 						<contentDesc>Tidak ada batas untuk memanggil dan mengirim pesan sebanyak yang Anda inginkan!
06-20 11:42:55.120: I/GetDirectoryListHttpManager(4431): LINE adalah aplikasi komunikasi baru yang memungkinkan untuk membuat panggilan suara dan mengirim pesan gratis kapanpun dan dimanapun anda berada, 24 jam sehari!
06-20 11:42:55.120: I/GetDirectoryListHttpManager(4431): LINE memiliki lebih dari 300 juta pengguna di seluruh dunia dan digunakan di lebih dari 231 negara!</contentDesc>
06-20 11:42:55.120: I/GetDirectoryListHttpManager(4431): 						<avgMark>5</avgMark>
06-20 11:42:55.120: I/GetDirectoryListHttpManager(4431): 						<contentProviderName>Line</contentProviderName>
06-20 11:42:55.120: I/GetDirectoryListHttpManager(4431): 						<iconPath>http://112.215.81.113/tpf/share/mdspfile/20131204/001334/001334000000021354/1406121604344234.jpg</iconPath>
06-20 11:42:55.120: I/GetDirectoryListHttpManager(4431): 						<defaultCashPrice>0.00</defaultCashPrice>
06-20 11:42:55.120: I/GetDirectoryListHttpManager(4431): 						<contentType>102</contentType>
06-20 11:42:55.120: I/GetDirectoryListHttpManager(4431): 						<commentCount>28</commentCount>
06-20 11:42:55.120: I/GetDirectoryListHttpManager(4431): 						<glaringIconPath>http://112.215.81.113/tpf/share/mdspfile/20131204/001334/001334000000021354/1406121604348690.jpg</glaringIconPath>
06-20 11:42:55.120: I/GetDirectoryListHttpManager(4431): 						<duration>0</duration>
06-20 11:42:55.120: I/GetDirectoryListHttpManager(4431): 						<categoryID>2003|2002</categoryID>
06-20 11:42:55.120: I/GetDirectoryListHttpManager(4431): 					    <isThirdContent>0</isThirdContent>
06-20 11:42:55.120: I/GetDirectoryListHttpManager(4431): 					    <anonymousDownload>false</anonymousDownload>
06-20 11:42:55.120: I/GetDirectoryListHttpManager(4431): 					</categoryItem>
06-20 11:42:55.120: I/GetDirectoryListHttpManager(4431): 			<categoryItem>
06-20 11:42:55.120: I/GetDirectoryListHttpManager(4431): 						<contentCode>001413000000021762</contentCode>
06-20 11:42:55.120: I/GetDirectoryListHttpManager(4431): 						<contentName>Whatsapp</contentName>
06-20 11:42:55.120: I/GetDirectoryListHttpManager(4431): 						<categoryName>APP</categoryName>
06-20 11:42:55.120: I/GetDirectoryListHttpManager(4431): 						<contentDesc>WhatsApp adalah aplikasi pengirim pesan smartphone lintas platform yang tersedia untuk Android dan beberapa smartphone lainnya. WhatsApp Messenger menggunakan paket data internet Anda pada 3G atau WiFi (saat tersedia) untuk memungkinkan Anda untuk terus terhubung dengan teman-teman, teman rekan, dan keluarga Anda. Satu tahun pertama GRATIS! ($0.99 USD tiap tahun setelah itu)</contentDesc>
06-20 11:42:55.120: I/GetDirectoryListHttpManager(4431): 						<avgMark>5</avgMark>
06-20 11:42:55.120: I/GetDirectoryListHttpManager(4431): 						<contentProviderName>Whatsapp</contentProviderName>
06-20 11:42:55.120: I/GetDirectoryListHttpManager(4431): 						<iconPath>http://112.215.81.113/tpf/share/mdspfile/20131213/001413/001413000000021762/140613131759207.jpg</iconPath>
06-20 11:42:55.120: I/GetDirectoryListHttpManager(4431): 						<defaultCashPrice>0.00</defaultCashPrice>
06-20 11:42:55.120: I/GetDirectoryListHttpManager(4431): 						<contentType>102</contentType>
06-20 11:42:55.120: I/GetDirectoryListHttpManager(4431): 						<commentCount>18</commentCount>
06-20 11:42:55.120: I/GetDirectoryListHttpManager(4431): 						<glaringIconPath>http://112.215.81.113/tpf/share/mdspfile/20131212/001413/001413000000021762/1406131317588580.jpg</glaringIconPath>
06-20 11:42:55.120: I/GetDirectoryListHttpManager(4431): 						<duration>0</duration>
06-20 11:42:55.120: I/GetDirectoryListHttpManager(4431): 						<categoryID>2003</categoryID>
06-20 11:42:55.120: I/GetDirectoryListHttpManager(4431): 					    <isThirdContent>0</isThirdContent>
06-20 11:42:55.120: I/GetDirectoryListHttpManager(4431): 					    <anonymousDownload>false</anonymousDownload>
06-20 11:42:55.120: I/GetDirectoryListHttpManager(4431): 					</categoryItem>
06-20 11:42:55.120: I/GetDirectoryListHttpManager(4431): 			<categoryItem>
06-20 11:42:55.120: I/GetDirectoryListHttpManager(4431): 						<contentCode>001804000000143761</contentCode>
06-20 11:42:55.120: I/GetDirectoryListHttpManager(4431): 						<contentName>Muka Komik</contentName>
