06-20 11:45:23.555: D/dalvikvm(26158): WAIT_FOR_CONCURRENT_GC blocked 74ms
06-20 11:45:23.715: D/dalvikvm(26158): GC_CONCURRENT freed 1656K, 7% free 55362K/58952K, paused 4ms+10ms, total 76ms
06-20 11:45:23.715: D/dalvikvm(26158): WAIT_FOR_CONCURRENT_GC blocked 66ms
06-20 11:45:23.886: D/dalvikvm(26158): GC_CONCURRENT freed 1656K, 7% free 55362K/58952K, paused 6ms+11ms, total 78ms
06-20 11:45:23.886: D/dalvikvm(26158): WAIT_FOR_CONCURRENT_GC blocked 72ms
06-20 11:45:23.906: E/QCALOG(465): [MessageQ] ProcessNewMessage: [XTWiFi-PE] unknown deliver target [OS-Agent]
06-20 11:45:23.906: E/QCALOG(465): [MessageQ] ProcessNewMessage: [XTWWAN-PE] unknown deliver target [OS-Agent]
06-20 11:45:24.066: D/dalvikvm(26158): GC_CONCURRENT freed 1656K, 7% free 55362K/58952K, paused 6ms+11ms, total 84ms
06-20 11:45:24.066: D/dalvikvm(26158): WAIT_FOR_CONCURRENT_GC blocked 66ms
06-20 11:45:24.216: D/dalvikvm(26158): GC_CONCURRENT freed 1656K, 7% free 55362K/58952K, paused 4ms+9ms, total 72ms
06-20 11:45:24.216: D/dalvikvm(26158): WAIT_FOR_CONCURRENT_GC blocked 61ms
06-20 11:45:24.366: D/dalvikvm(26158): GC_CONCURRENT freed 1656K, 7% free 55362K/58952K, paused 4ms+10ms, total 77ms
06-20 11:45:24.366: D/dalvikvm(26158): WAIT_FOR_CONCURRENT_GC blocked 67ms
06-20 11:45:24.526: D/dalvikvm(26158): GC_CONCURRENT freed 1656K, 7% free 55362K/58952K, paused 4ms+12ms, total 79ms
06-20 11:45:24.526: D/dalvikvm(26158): WAIT_FOR_CONCURRENT_GC blocked 70ms
06-20 11:45:24.676: D/dalvikvm(26158): GC_CONCURRENT freed 1656K, 7% free 55362K/58952K, paused 5ms+9ms, total 79ms
06-20 11:45:24.676: D/dalvikvm(26158): WAIT_FOR_CONCURRENT_GC blocked 64ms
06-20 11:45:24.836: D/dalvikvm(26158): GC_CONCURRENT freed 1656K, 7% free 55362K/58952K, paused 11ms+11ms, total 90ms
06-20 11:45:24.836: D/dalvikvm(26158): WAIT_FOR_CONCURRENT_GC blocked 80ms
06-20 11:45:24.897: E/QCALOG(465): [MessageQ] ProcessNewMessage: [XT-CS] unknown deliver target [OS-Agent]
06-20 11:45:25.007: D/dalvikvm(26158): GC_CONCURRENT freed 1656K, 7% free 55362K/58952K, paused 4ms+10ms, total 79ms
06-20 11:45:25.007: D/dalvikvm(26158): WAIT_FOR_CONCURRENT_GC blocked 68ms
06-20 11:45:25.177: D/dalvikvm(26158): GC_CONCURRENT freed 1656K, 7% free 55362K/58952K, paused 4ms+9ms, total 77ms
06-20 11:45:25.177: D/dalvikvm(26158): WAIT_FOR_CONCURRENT_GC blocked 67ms
06-20 11:45:25.247: D/StatusBar.NetworkController(1287): refreshViews: Data not connected!! Set no data type icon / Roaming
06-20 11:45:25.337: D/dalvikvm(26158): GC_CONCURRENT freed 1656K, 7% free 55362K/58952K, paused 5ms+10ms, total 83ms
06-20 11:45:25.337: D/dalvikvm(26158): WAIT_FOR_CONCURRENT_GC blocked 67ms
06-20 11:45:25.497: D/dalvikvm(26158): GC_CONCURRENT freed 1656K, 7% free 55362K/58952K, paused 4ms+9ms, total 74ms
06-20 11:45:25.497: D/dalvikvm(26158): WAIT_FOR_CONCURRENT_GC blocked 64ms
06-20 11:45:25.657: D/dalvikvm(26158): GC_CONCURRENT freed 1656K, 7% free 55362K/58952K, paused 4ms+11ms, total 77ms
06-20 11:45:25.657: D/dalvikvm(26158): WAIT_FOR_CONCURRENT_GC blocked 62ms
06-20 11:45:25.827: D/dalvikvm(26158): GC_CONCURRENT freed 1656K, 7% free 55362K/58952K, paused 4ms+9ms, total 81ms
06-20 11:45:25.827: D/dalvikvm(26158): WAIT_FOR_CONCURRENT_GC blocked 65ms
06-20 11:45:25.988: D/dalvikvm(26158): GC_CONCURRENT freed 1656K, 7% free 55362K/58952K, paused 4ms+9ms, total 86ms
06-20 11:45:25.988: D/dalvikvm(26158): WAIT_FOR_CONCURRENT_GC blocked 77ms
06-20 11:45:26.138: D/dalvikvm(26158): GC_CONCURRENT freed 1656K, 7% free 55362K/58952K, paused 10ms+10ms, total 82ms
06-20 11:45:26.138: D/dalvikvm(26158): WAIT_FOR_CONCURRENT_GC blocked 66ms
06-20 11:45:26.248: D/StatusBar.NetworkController(1287): refreshViews: Data not connected!! Set no data type icon / Roaming
06-20 11:45:26.298: D/dalvikvm(26158): GC_CONCURRENT freed 1656K, 7% free 55362K/58952K, paused 4ms+9ms, total 74ms
06-20 11:45:26.298: D/dalvikvm(26158): WAIT_FOR_CONCURRENT_GC blocked 64ms
06-20 11:45:26.448: D/dalvikvm(26158): GC_CONCURRENT freed 1656K, 7% free 55362K/58952K, paused 3ms+9ms, total 72ms
06-20 11:45:26.448: D/dalvikvm(26158): WAIT_FOR_CONCURRENT_GC blocked 63ms
06-20 11:45:26.598: D/dalvikvm(26158): GC_CONCURRENT freed 1656K, 7% free 55362K/58952K, paused 4ms+10ms, total 78ms
06-20 11:45:26.598: D/dalvikvm(26158): WAIT_FOR_CONCURRENT_GC blocked 68ms
06-20 11:45:26.758: D/dalvikvm(26158): GC_CONCURRENT freed 1656K, 7% free 55362K/58952K, paused 3ms+10ms, total 87ms
06-20 11:45:26.758: D/dalvikvm(26158): WAIT_FOR_CONCURRENT_GC blocked 78ms
06-20 11:45:26.909: D/dalvikvm(26158): GC_CONCURRENT freed 1656K, 7% free 55362K/58952K, paused 4ms+10ms, total 77ms
06-20 11:45:26.909: D/dalvikvm(26158): WAIT_FOR_CONCURRENT_GC blocked 67ms
06-20 11:45:27.019: I/system_monitor(324): alarm_callback - Received MAX alarm: tsens_tz_sensor7 at Level:8
06-20 11:45:27.019: I/cpu_frequency(324): execute_action - cpu frequency mitigation requester = tsens_tz_sensor7 freq = 1512000
06-20 11:45:27.019: I/cpu_frequency(324): Using previous CPU[0] frequency
06-20 11:45:27.019: I/cpu_frequency(324): Using previous CPU[1] frequency
06-20 11:45:27.019: I/cpu_frequency(324): Using previous CPU[2] frequency
06-20 11:45:27.019: I/cpu_frequency(324): Using previous CPU[3] frequency
06-20 11:45:27.019: I/cpu_frequency(324): log_idd - Thermal mitigation:sensor = tsens_tz_sensor7 from level = 8 to 7
06-20 11:45:27.079: D/dalvikvm(26158): GC_CONCURRENT freed 1656K, 7% free 55362K/58952K, paused 5ms+10ms, total 84ms
06-20 11:45:27.079: D/dalvikvm(26158): WAIT_FOR_CONCURRENT_GC blocked 73ms
06-20 11:45:27.259: D/dalvikvm(26158): GC_CONCURRENT freed 1656K, 7% free 55362K/58952K, paused 6ms+10ms, total 81ms
06-20 11:45:27.259: D/dalvikvm(26158): WAIT_FOR_CONCURRENT_GC blocked 70ms
06-20 11:45:27.419: D/dalvikvm(26158): GC_CONCURRENT freed 1656K, 7% free 55362K/58952K, paused 4ms+11ms, total 76ms
06-20 11:45:27.419: D/dalvikvm(26158): WAIT_FOR_CONCURRENT_GC blocked 65ms
06-20 11:45:27.579: D/dalvikvm(26158): GC_CONCURRENT freed 1656K, 7% free 55362K/58952K, paused 5ms+10ms, total 82ms
06-20 11:45:27.579: D/dalvikvm(26158): WAIT_FOR_CONCURRENT_GC blocked 67ms
06-20 11:45:27.749: D/dalvikvm(26158): GC_CONCURRENT freed 1656K, 7% free 55362K/58952K, paused 4ms+10ms, total 81ms
06-20 11:45:27.749: D/dalvikvm(26158): WAIT_FOR_CONCURRENT_GC blocked 68ms
06-20 11:45:27.909: D/dalvikvm(26158): GC_CONCURRENT freed 1656K, 7% free 55362K/58952K, paused 4ms+9ms, total 80ms
06-20 11:45:27.909: D/dalvikvm(26158): WAIT_FOR_CONCURRENT_GC blocked 70ms
06-20 11:45:28.070: D/dalvikvm(26158): GC_CONCURRENT freed 1656K, 7% free 55362K/58952K, paused 4ms+10ms, total 80ms
06-20 11:45:28.070: D/dalvikvm(26158): WAIT_FOR_CONCURRENT_GC blocked 65ms
06-20 11:45:28.230: D/dalvikvm(26158): GC_CONCURRENT freed 1656K, 7% free 55362K/58952K, paused 5ms+11ms, total 76ms
06-20 11:45:28.230: D/dalvikvm(26158): WAIT_FOR_CONCURRENT_GC blocked 66ms
06-20 11:45:28.260: D/StatusBar.NetworkController(1287): refreshViews: Data not connected!! Set no data type icon / Roaming
06-20 11:45:28.400: D/dalvikvm(26158): GC_CONCURRENT freed 1656K, 7% free 55362K/58952K, paused 6ms+12ms, total 86ms
06-20 11:45:28.400: D/dalvikvm(26158): WAIT_FOR_CONCURRENT_GC blocked 71ms
06-20 11:45:28.560: D/dalvikvm(26158): GC_CONCURRENT freed 1656K, 7% free 55362K/58952K, paused 4ms+11ms, total 79ms
06-20 11:45:28.560: D/dalvikvm(26158): WAIT_FOR_CONCURRENT_GC blocked 69ms
06-20 11:45:28.660: D/dalvikvm(32242): GC_CONCURRENT freed 385K, 15% free 50591K/58952K, paused 13ms+3ms, total 59ms
06-20 11:45:28.730: D/dalvikvm(26158): GC_CONCURRENT freed 1656K, 7% free 55362K/58952K, paused 3ms+11ms, total 87ms
06-20 11:45:28.730: D/dalvikvm(26158): WAIT_FOR_CONCURRENT_GC blocked 77ms
06-20 11:45:28.890: D/dalvikvm(26158): GC_CONCURRENT freed 1656K, 7% free 55362K/58952K, paused 4ms+10ms, total 77ms
06-20 11:45:28.890: D/dalvikvm(26158): WAIT_FOR_CONCURRENT_GC blocked 50ms
06-20 11:45:28.900: E/QCALOG(465): [MessageQ] ProcessNewMessage: [XTWiFi-PE] unknown deliver target [OS-Agent]
06-20 11:45:28.900: E/QCALOG(465): [MessageQ] ProcessNewMessage: [XTWWAN-PE] unknown deliver target [OS-Agent]
06-20 11:45:29.061: D/dalvikvm(26158): GC_CONCURRENT freed 1656K, 7% free 55362K/58952K, paused 5ms+11ms, total 85ms
06-20 11:45:29.061: D/dalvikvm(26158): WAIT_FOR_CONCURRENT_GC blocked 72ms
06-20 11:45:29.231: D/dalvikvm(26158): GC_CONCURRENT freed 1656K, 7% free 55362K/58952K, paused 6ms+10ms, total 86ms
06-20 11:45:29.231: D/dalvikvm(26158): WAIT_FOR_CONCURRENT_GC blocked 67ms
06-20 11:45:29.261: D/StatusBar.NetworkController(1287): refreshViews: Data not connected!! Set no data type icon / Roaming
06-20 11:45:29.401: D/dalvikvm(26158): GC_CONCURRENT freed 1656K, 7% free 55362K/58952K, paused 5ms+12ms, total 80ms
06-20 11:45:29.401: D/dalvikvm(26158): WAIT_FOR_CONCURRENT_GC blocked 69ms
06-20 11:45:29.561: D/dalvikvm(26158): GC_CONCURRENT freed 1656K, 7% free 55362K/58952K, paused 3ms+9ms, total 79ms
06-20 11:45:29.561: D/dalvikvm(26158): WAIT_FOR_CONCURRENT_GC blocked 70ms
06-20 11:45:29.721: D/dalvikvm(26158): GC_CONCURRENT freed 1656K, 7% free 55362K/58952K, paused 3ms+10ms, total 78ms
06-20 11:45:29.721: D/dalvikvm(26158): WAIT_FOR_CONCURRENT_GC blocked 68ms
06-20 11:45:29.891: D/dalvikvm(26158): GC_CONCURRENT freed 1655K, 7% free 55362K/58952K, paused 5ms+10ms, total 85ms
06-20 11:45:29.891: D/dalvikvm(26158): WAIT_FOR_CONCURRENT_GC blocked 68ms
06-20 11:45:29.901: E/QCALOG(465): [MessageQ] ProcessNewMessage: [XT-CS] unknown deliver target [OS-Agent]
06-20 11:45:30.032: D/dalvikvm(4431): GC_FOR_ALLOC freed 2597K, 9% free 61233K/66748K, paused 37ms, total 37ms
06-20 11:45:30.062: D/dalvikvm(26158): GC_CONCURRENT freed 1656K, 7% free 55362K/58952K, paused 4ms+9ms, total 87ms
06-20 11:45:30.062: D/dalvikvm(26158): WAIT_FOR_CONCURRENT_GC blocked 77ms
06-20 11:45:30.182: I/system_monitor(324): alarm_callback - Received MAX alarm: apq_therm at Level:7
06-20 11:45:30.182: I/cpu_frequency(324): execute_action - cpu frequency mitigation requester = apq_therm freq = 1242000
06-20 11:45:30.182: I/cpu_frequency(324): Setting CPU[0] to 1242000 kHz
06-20 11:45:30.182: I/cpu_frequency(324): CPU[0] frequency limited to 1242000 kHz
06-20 11:45:30.182: I/cpu_frequency(324): Setting CPU[1] to 1242000 kHz
06-20 11:45:30.182: I/cpu_frequency(324): CPU[1] frequency limited to 1242000 kHz
06-20 11:45:30.182: I/cpu_frequency(324): Setting CPU[2] to 1242000 kHz
06-20 11:45:30.182: I/libsysmon(899): handle_notification - Called
06-20 11:45:30.182: I/libsysmon(899): handle_notification - Dumping notification
06-20 11:45:30.182: I/libsysmon(899): name: apq_therm
06-20 11:45:30.182: I/libsysmon(899): current_level: 6
06-20 11:45:30.182: I/libsysmon(899): prev_level: 7
06-20 11:45:30.182: I/libsysmon(899): shutdown_in: 0
06-20 11:45:30.182: I/libsysmon(899): Adding action: CAM_NORMAL
06-20 11:45:30.182: I/libsysmon(899): Adding action: cpu_perflevel
06-20 11:45:30.182: I/libsysmon(899): Adding action: charge_current_limit
06-20 11:45:30.182: I/libsysmon(899): Adding action: usb_current_limit
06-20 11:45:30.182: I/libsysmon(899): Adding action: lcd_brightnesslevel
06-20 11:45:30.182: I/libsysmon(899): Adding action: gpu_perflevel
06-20 11:45:30.182: I/libsysmon(899): Adding action: modem_level
06-20 11:45:30.182: I/libsysmon(899): handle_notification - Going to callback function
06-20 11:45:30.182: I/cpu_frequency(324): CPU[2] frequency limited to 1242000 kHz
06-20 11:45:30.182: I/cpu_frequency(324): Setting CPU[3] to 1242000 kHz
06-20 11:45:30.182: I/cpu_frequency(324): CPU[3] offline. not setting...
06-20 11:45:30.182: I/cpu_frequency(324): log_idd - Thermal mitigation:sensor = apq_therm from level = 7 to 6
06-20 11:45:30.182: I/sysmon-charge_current_limit(324): set_charge_current_level - Set OK Charge Current limit:level 3
06-20 11:45:30.182: I/sysmon-charge_current_limit(324): log_idd - Thermal mitigation:sensor = apq_therm from level = 7 to 6
06-20 11:45:30.182: I/sysmon-charge_current_limit(324): execute_action - Set OK Charge Current limit:level 3
06-20 11:45:30.182: I/sysmon-usb_current_limit(324): set_usb_current_level - Set OK USB Current limit: 500mA
06-20 11:45:30.182: I/sysmon-usb_current_limit(324): log_idd - Thermal mitigation:sensor = apq_therm from level = 7 to 6
06-20 11:45:30.182: I/system_monitor(324): log_idd - Thermal mitigation:sensor = apq_therm from level = 7 to 6
06-20 11:45:30.182: I/sysmon-gpu_frequency(324): execute_action - gpu_perflevel mitigation requester = apq_therm freq = 400000000 Hz
06-20 11:45:30.182: I/sysmon-gpu_frequency(324): GPU[0] frequency limited to 400000000 Hz
06-20 11:45:30.182: I/sysmon-gpu_frequency(324): log_idd - Thermal mitigation:sensor = apq_therm from level = 7 to 6
06-20 11:45:30.182: V/sysmon-modem_lagan(324): execute_action [341] LOCK 0xb6d68054 from 593
06-20 11:45:30.182: V/sysmon-modem_lagan(324): execute_action mutex 0xb6d68054 GOT by 593
06-20 11:45:30.182: I/sysmon-modem_lagan(324): execute_action - modem_level mitigation requester = apq_therm level = 0
06-20 11:45:30.182: I/sysmon-modem_lagan(324): Fusion modem already at mitigation state 0
06-20 11:45:30.182: V/sysmon-modem_lagan(324): execute_action [392] UNLOCK 0xb6d68054 from 593
06-20 11:45:30.182: E/bl_ctrl(322): set_bl_limit: thremal limit 100
06-20 11:45:30.182: I/illumination-service(322): Client disconnected
06-20 11:45:30.182: I/illumination-service(322): Client disconnected
06-20 11:45:30.192: W/ContextImpl(899): Calling a method in the system process without a qualified user: android.app.ContextImpl.startService:1519 android.content.ContextWrapper.startService:494 com.sonyericsson.psm.sysmonservice.SysmonActionService.doMitigationAction:278 com.sonyericsson.psm.sysmonservice.SysmonMonitor.handleCameraAction:230 com.sonyericsson.psm.sysmonservice.SysmonMonitor.handleSysmonActions:214 
06-20 11:45:30.192: W/ContextImpl(4117): Calling a method in the system process without a qualified user: android.app.ContextImpl.sendBroadcast:1163 android.content.ContextWrapper.sendBroadcast:365 com.sonyericsson.psm.sysmonservice.SysmonActionService.onStartCommand:81 android.app.ActivityThread.handleServiceArgs:2764 android.app.ActivityThread.access$2100:144 
06-20 11:45:30.222: D/dalvikvm(26158): GC_CONCURRENT freed 1655K, 7% free 55362K/58952K, paused 5ms+12ms, total 88ms
06-20 11:45:30.222: D/dalvikvm(26158): WAIT_FOR_CONCURRENT_GC blocked 73ms
06-20 11:45:30.262: D/StatusBar.NetworkController(1287): refreshViews: Data not connected!! Set no data type icon / Roaming
06-20 11:45:30.412: D/dalvikvm(26158): GC_CONCURRENT freed 1655K, 7% free 55362K/58952K, paused 8ms+11ms, total 87ms
06-20 11:45:30.412: D/dalvikvm(26158): WAIT_FOR_CONCURRENT_GC blocked 65ms
06-20 11:45:30.612: D/dalvikvm(26158): GC_CONCURRENT freed 1656K, 7% free 55362K/58952K, paused 8ms+11ms, total 107ms
06-20 11:45:30.612: D/dalvikvm(26158): WAIT_FOR_CONCURRENT_GC blocked 92ms
06-20 11:45:30.792: D/dalvikvm(26158): GC_CONCURRENT freed 1656K, 7% free 55362K/58952K, paused 8ms+10ms, total 89ms
06-20 11:45:30.792: D/dalvikvm(26158): WAIT_FOR_CONCURRENT_GC blocked 75ms
06-20 11:45:30.982: D/dalvikvm(26158): GC_CONCURRENT freed 1656K, 7% free 55362K/58952K, paused 4ms+12ms, total 93ms
06-20 11:45:30.982: D/dalvikvm(26158): WAIT_FOR_CONCURRENT_GC blocked 82ms
06-20 11:45:31.153: D/dalvikvm(26158): GC_CONCURRENT freed 1656K, 7% free 55362K/58952K, paused 4ms+11ms, total 82ms
06-20 11:45:31.153: D/dalvikvm(26158): WAIT_FOR_CONCURRENT_GC blocked 71ms
06-20 11:45:31.203: I/ElasticScrollView(4431): ?move???????
06-20 11:45:31.343: D/dalvikvm(26158): GC_CONCURRENT freed 1656K, 7% free 55362K/58952K, paused 5ms+12ms, total 87ms
06-20 11:45:31.343: D/dalvikvm(26158): WAIT_FOR_CONCURRENT_GC blocked 75ms
06-20 11:45:31.523: D/dalvikvm(26158): GC_CONCURRENT freed 1656K, 7% free 55362K/58952K, paused 4ms+11ms, total 85ms
06-20 11:45:31.523: D/dalvikvm(26158): WAIT_FOR_CONCURRENT_GC blocked 74ms
06-20 11:45:31.713: D/dalvikvm(26158): GC_CONCURRENT freed 1656K, 7% free 55362K/58952K, paused 4ms+11ms, total 95ms
06-20 11:45:31.713: D/dalvikvm(26158): WAIT_FOR_CONCURRENT_GC blocked 77ms
06-20 11:45:31.883: D/dalvikvm(26158): GC_CONCURRENT freed 1656K, 7% free 55362K/58952K, paused 5ms+11ms, total 82ms
06-20 11:45:31.883: D/dalvikvm(26158): WAIT_FOR_CONCURRENT_GC blocked 71ms
06-20 11:45:32.074: D/dalvikvm(26158): GC_CONCURRENT freed 1656K, 7% free 55362K/58952K, paused 6ms+12ms, total 97ms
06-20 11:45:32.074: D/dalvikvm(26158): WAIT_FOR_CONCURRENT_GC blocked 84ms
06-20 11:45:32.254: D/dalvikvm(26158): GC_CONCURRENT freed 1656K, 7% free 55362K/58952K, paused 5ms+10ms, total 92ms
06-20 11:45:32.254: D/dalvikvm(26158): WAIT_FOR_CONCURRENT_GC blocked 80ms
06-20 11:45:32.264: D/StatusBar.NetworkController(1287): refreshViews: Data not connected!! Set no data type icon / Roaming
06-20 11:45:32.454: D/dalvikvm(26158): GC_CONCURRENT freed 1655K, 7% free 55362K/58952K, paused 5ms+13ms, total 101ms
06-20 11:45:32.454: D/dalvikvm(26158): WAIT_FOR_CONCURRENT_GC blocked 85ms
06-20 11:45:32.654: D/dalvikvm(26158): GC_CONCURRENT freed 1656K, 7% free 55362K/58952K, paused 5ms+15ms, total 95ms
06-20 11:45:32.654: D/dalvikvm(26158): WAIT_FOR_CONCURRENT_GC blocked 81ms
06-20 11:45:32.834: D/dalvikvm(26158): GC_CONCURRENT freed 1656K, 7% free 55362K/58952K, paused 5ms+12ms, total 89ms
06-20 11:45:32.834: D/dalvikvm(26158): WAIT_FOR_CONCURRENT_GC blocked 77ms
06-20 11:45:33.024: D/dalvikvm(26158): GC_CONCURRENT freed 1656K, 7% free 55362K/58952K, paused 7ms+14ms, total 98ms
06-20 11:45:33.024: I/system_monitor(324): alarm_callback - Received MIN alarm: tsens_tz_sensor7 at Level:7
06-20 11:45:33.024: I/cpu_frequency(324): execute_action - cpu frequency mitigation requester = tsens_tz_sensor7 freq = 1512000
06-20 11:45:33.024: I/cpu_frequency(324): Using previous CPU[0] frequency
06-20 11:45:33.024: I/cpu_frequency(324): Using previous CPU[1] frequency
06-20 11:45:33.024: I/cpu_frequency(324): Using previous CPU[2] frequency
06-20 11:45:33.024: I/cpu_frequency(324): Using previous CPU[3] frequency
06-20 11:45:33.024: I/cpu_frequency(324): log_idd - Thermal mitigation:sensor = tsens_tz_sensor7 from level = 7 to 8
06-20 11:45:33.024: D/dalvikvm(26158): WAIT_FOR_CONCURRENT_GC blocked 85ms
06-20 11:45:33.225: D/dalvikvm(26158): GC_CONCURRENT freed 1656K, 7% free 55362K/58952K, paused 4ms+11ms, total 101ms
06-20 11:45:33.225: D/dalvikvm(26158): WAIT_FOR_CONCURRENT_GC blocked 88ms
06-20 11:45:33.265: D/StatusBar.NetworkController(1287): refreshViews: Data not connected!! Set no data type icon / Roaming
06-20 11:45:33.355: I/ActivityManager(899): Process com.sonyericsson.android.camera3d (pid 3525) has died.
06-20 11:45:33.425: I/cpu_frequency(324): CPU[3] frequency limited to 1242000 kHz
06-20 11:45:33.435: D/dalvikvm(26158): GC_CONCURRENT freed 1656K, 7% free 55362K/58952K, paused 3ms+12ms, total 102ms
06-20 11:45:33.435: D/dalvikvm(26158): WAIT_FOR_CONCURRENT_GC blocked 89ms
06-20 11:45:33.435: D/dalvikvm(26158): WAIT_FOR_CONCURRENT_GC blocked 74ms
06-20 11:45:33.625: D/dalvikvm(26158): GC_CONCURRENT freed 1656K, 7% free 55362K/58952K, paused 4ms+12ms, total 87ms
06-20 11:45:33.625: D/dalvikvm(26158): WAIT_FOR_CONCURRENT_GC blocked 76ms
06-20 11:45:33.795: D/dalvikvm(26158): GC_CONCURRENT freed 1656K, 7% free 55362K/58952K, paused 5ms+11ms, total 87ms
06-20 11:45:33.795: D/dalvikvm(26158): WAIT_FOR_CONCURRENT_GC blocked 75ms
06-20 11:45:33.905: E/QCALOG(465): [MessageQ] ProcessNewMessage: [XTWiFi-PE] unknown deliver target [OS-Agent]
06-20 11:45:33.905: E/QCALOG(465): [MessageQ] ProcessNewMessage: [XTWWAN-PE] unknown deliver target [OS-Agent]
06-20 11:45:33.985: D/dalvikvm(26158): GC_CONCURRENT freed 1656K, 7% free 55362K/58952K, paused 9ms+13ms, total 94ms
06-20 11:45:33.985: D/dalvikvm(26158): WAIT_FOR_CONCURRENT_GC blocked 78ms
06-20 11:45:34.206: D/dalvikvm(26158): GC_CONCURRENT freed 1655K, 7% free 55362K/58952K, paused 5ms+12ms, total 95ms
06-20 11:45:34.206: D/dalvikvm(26158): WAIT_FOR_CONCURRENT_GC blocked 80ms
06-20 11:45:34.406: D/dalvikvm(26158): GC_CONCURRENT freed 1656K, 7% free 55362K/58952K, paused 9ms+10ms, total 104ms
06-20 11:45:34.406: D/dalvikvm(26158): WAIT_FOR_CONCURRENT_GC blocked 88ms
06-20 11:45:34.586: D/dalvikvm(26158): GC_CONCURRENT freed 1655K, 7% free 55362K/58952K, paused 5ms+10ms, total 89ms
06-20 11:45:34.586: D/dalvikvm(26158): WAIT_FOR_CONCURRENT_GC blocked 68ms
06-20 11:45:34.776: D/dalvikvm(26158): GC_CONCURRENT freed 1656K, 7% free 55362K/58952K, paused 17ms+11ms, total 92ms
06-20 11:45:34.776: D/dalvikvm(26158): WAIT_FOR_CONCURRENT_GC blocked 75ms
06-20 11:45:34.896: E/QCALOG(465): [MessageQ] ProcessNewMessage: [XT-CS] unknown deliver target [OS-Agent]
06-20 11:45:34.966: D/dalvikvm(26158): GC_CONCURRENT freed 1656K, 7% free 55362K/58952K, paused 9ms+10ms, total 109ms
06-20 11:45:34.966: D/dalvikvm(26158): WAIT_FOR_CONCURRENT_GC blocked 93ms
06-20 11:45:35.167: D/dalvikvm(26158): GC_CONCURRENT freed 1656K, 7% free 55362K/58952K, paused 5ms+11ms, total 86ms
06-20 11:45:35.167: D/dalvikvm(26158): WAIT_FOR_CONCURRENT_GC blocked 74ms
06-20 11:45:35.317: D/TopTabBar(4431): onCheckedChanged, checkedid: 1
06-20 11:45:35.327: D/ALSADevice(315): route: devices 0x2 in mode 0
06-20 11:45:35.327: V/ALSADevice(315): switchDevice: device 0x2 mode:0
06-20 11:45:35.327: V/ALSADevice(315): nonCallOutputRouting: 0x2
06-20 11:45:35.327: V/ALSADevice(315): Routing to rx=xLoud Speaker
06-20 11:45:35.327: V/ALSADevice(315): nonCallInputRouting: 0
06-20 11:45:35.327: V/ALSADevice(315): Routing to tx=none
06-20 11:45:35.327: V/ALSADevice(315): switchDevice,rxDev:xLoud Speaker, txDev:(null), curRxDev:xLoud Speaker, curTxDev:Handset ASR
06-20 11:45:35.327: D/alsa_ucm(315): snd_use_case_set(): uc_mgr 0xb7c74460 identifier _enadev value xLoud Speaker
06-20 11:45:35.327: D/ALSADevice(315): switchDevice: mCurTxUCMDevivce Handset ASR mCurRxDevDevice xLoud Speaker
06-20 11:45:35.327: D/alsa_ucm(315): snd_use_case_set(): uc_mgr 0xb7c74460 identifier _verb value HiFi Lowlatency
06-20 11:45:35.327: D/alsa_ucm(315): Set mixer controls for xLoud Speaker enable 1
06-20 11:45:35.327: D/alsa_ucm(315): acdb_id 520 cap 1 enable 1
06-20 11:45:35.327: D/ACDB-LOADER(315): ACDB -> send_audio_cal, acdb_id = 520, path =  0
06-20 11:45:35.327: D/ACDB-LOADER(315): ACDB -> send_adm_topology
06-20 11:45:35.327: D/ACDB-LOADER(315): ACDB -> ACDB_CMD_GET_AUDPROC_COMMON_TOPOLOGY_ID
06-20 11:45:35.327: D/ACDB-LOADER(315): ACDB -> send_audtable
06-20 11:45:35.327: D/ACDB-LOADER(315): ACDB -> ACDB_CMD_GET_AUDPROC_COMMON_TABLE
06-20 11:45:35.327: D/ACDB-LOADER(315): ACDB -> AUDIO_SET_AUDPROC_CAL
06-20 11:45:35.327: D/ACDB-LOADER(315): ACDB -> send_audvoltable
06-20 11:45:35.327: D/ACDB-LOADER(315): ACDB -> ACDB_CMD_GET_AUDPROC_GAIN_DEP_VOLTBL_STEP_COPP
06-20 11:45:35.327: D/ACDB-LOADER(315): ACDB -> AUDIO_SET_AUDPROC_VOL_CAL
06-20 11:45:35.327: D/ACDB-LOADER(315): ACDB -> AUDIO_SET_AFE_CAL
06-20 11:45:35.327: D/ACDB-LOADER(315): ACDB -> send_hw_delay : acdb_id = 520 path = 0
06-20 11:45:35.327: D/ACDB-LOADER(315): ACDB -> ACDB_CMD_GET_DEVICE_PROPERTY_SIZE
06-20 11:45:35.327: D/ACDB-LOADER(315): ACDB -> ACDB_AVSYNC_INFO: ACDB_CMD_GET_DEVICE_PROPERTY
06-20 11:45:35.327: D/ACDB-LOADER(315): send_hw_delay id = 520 delay_num_entries = 1 result = 0
06-20 11:45:35.327: D/alsa_ucm(315): Setting mixer control: SLIM_0_RX Channels, value: Two
06-20 11:45:35.327: D/alsa_ucm(315): Setting mixer control: RX3 MIX1 INP1, value: RX1
06-20 11:45:35.337: D/TopTabBar(4431): onCheckedChanged, checkedid: 1
06-20 11:45:35.337: D/alsa_ucm(315): Setting mixer control: RX3 MIX1 INP2, value: RX2
06-20 11:45:35.337: D/alsa_ucm(315): Setting mixer control: LINEOUT1 Volume, value: 100
06-20 11:45:35.337: D/alsa_ucm(315): Setting mixer control: SLIM TX3 MUX, value: RMIX3
06-20 11:45:35.337: D/alsa_ucm(315): Setting mixer control: SLIM TX5 MUX, value: RMIX3
06-20 11:45:35.337: D/alsa_ucm(315): Setting mixer control: RX3 Digital Volume, value: 68
06-20 11:45:35.337: D/alsa_ucm(315): Set mixer controls for HiFi Lowlatency enable 1
06-20 11:45:35.337: D/alsa_ucm(315): Setting mixer control: SLIMBUS_0_RX Audio Mixer MultiMedia5, value: 1
06-20 11:45:35.337: D/ALSADevice(315): close: handle 0xb7d57088 h 0x0
06-20 11:45:35.337: D/ALSADevice(315): open: handle 0xb7d57088, format 0x2
06-20 11:45:35.337: V/ALSADevice(315): Music case
06-20 11:45:35.337: D/ALSADevice(315): Device value returned is hw:0,14
06-20 11:45:35.337: V/ALSADevice(315): flags 0, devName hw:0,14
06-20 11:45:35.347: V/ALSADevice(315): pcm_open returned fd 37
06-20 11:45:35.347: D/ALSADevice(315): handle->format: 0x2
06-20 11:45:35.347: D/ALSADevice(315): setHardwareParams: reqBuffSize 1024 channels 2 sampleRate 48000
06-20 11:45:35.347: D/ALSADevice(315): setHardwareParams: buffer_size 2048, period_size 1024, period_cnt 2
06-20 11:45:35.347: D/TopTabBar(4431): button width: 270 ,button count: 7
06-20 11:45:35.367: D/TopTabBar(4431): layout changed:true l:0 ,t: 154 ,r: 1890 ,b: 256
06-20 11:45:35.367: D/dalvikvm(26158): GC_CONCURRENT freed 1655K, 7% free 55362K/58952K, paused 5ms+19ms, total 101ms
06-20 11:45:35.367: D/dalvikvm(26158): WAIT_FOR_CONCURRENT_GC blocked 85ms
06-20 11:45:35.537: D/dalvikvm(26158): GC_CONCURRENT freed 1655K, 7% free 55362K/58952K, paused 5ms+14ms, total 80ms
06-20 11:45:35.537: D/dalvikvm(26158): WAIT_FOR_CONCURRENT_GC blocked 58ms
06-20 11:45:35.567: I/CategoryBaseFragment(4431): requestCategory requestNum=1
06-20 11:45:35.567: I/CategoryBaseFragment(4431): requestCategory:6310
06-20 11:45:35.567: D/????(4431): ????
06-20 11:45:35.567: I/CategoryLogic(4431): onProgress isInProgress=true
06-20 11:45:35.577: I/ReportManager(4431): add report categoryId=6310
06-20 11:45:35.577: I/HttpConnector(4431): request url : http://112.215.81.113:80/tpf/i/category.action?categoryid=6310
06-20 11:45:35.727: D/dalvikvm(26158): GC_CONCURRENT freed 1655K, 7% free 55362K/58952K, paused 5ms+11ms, total 92ms
06-20 11:45:35.727: D/dalvikvm(26158): WAIT_FOR_CONCURRENT_GC blocked 78ms
06-20 11:45:35.917: D/dalvikvm(26158): GC_CONCURRENT freed 1656K, 7% free 55362K/58952K, paused 7ms+11ms, total 86ms
06-20 11:45:35.917: D/dalvikvm(26158): WAIT_FOR_CONCURRENT_GC blocked 71ms
06-20 11:45:36.128: D/dalvikvm(26158): GC_CONCURRENT freed 1656K, 7% free 55362K/58952K, paused 8ms+11ms, total 110ms
06-20 11:45:36.128: D/dalvikvm(26158): WAIT_FOR_CONCURRENT_GC blocked 94ms
06-20 11:45:36.268: D/StatusBar.NetworkController(1287): refreshViews: Data not connected!! Set no data type icon / Roaming
06-20 11:45:36.358: D/dalvikvm(26158): GC_CONCURRENT freed 1655K, 7% free 55362K/58952K, paused 13ms+12ms, total 105ms
06-20 11:45:36.358: D/dalvikvm(26158): WAIT_FOR_CONCURRENT_GC blocked 80ms
06-20 11:45:36.578: D/dalvikvm(26158): GC_CONCURRENT freed 1656K, 7% free 55362K/58952K, paused 9ms+13ms, total 116ms
06-20 11:45:36.578: D/dalvikvm(26158): WAIT_FOR_CONCURRENT_GC blocked 99ms
06-20 11:45:36.768: I/HttpConnector(4431): Response Code[200]
06-20 11:45:36.798: D/dalvikvm(26158): GC_CONCURRENT freed 1656K, 7% free 55362K/58952K, paused 10ms+13ms, total 108ms
06-20 11:45:36.798: D/dalvikvm(26158): WAIT_FOR_CONCURRENT_GC blocked 91ms
06-20 11:45:36.798: I/HttpConnector(4431): response data : <?xml version="1.0" encoding="UTF-8"?>
06-20 11:45:36.798: I/HttpConnector(4431): <categoryResp>
06-20 11:45:36.798: I/HttpConnector(4431): 	<operResultCode>0</operResultCode>
06-20 11:45:36.798: I/HttpConnector(4431): 	<operDesc>Proses berhasil.(0)</operDesc>
06-20 11:45:36.798: I/HttpConnector(4431): 	<category>
06-20 11:45:36.798: I/HttpConnector(4431): 		<categoryID>6310</categoryID>
06-20 11:45:36.798: I/HttpConnector(4431): 		<categorySyncType>21</categorySyncType>
06-20 11:45:36.798: I/HttpConnector(4431): 		<categoryName>Games</categoryName>
06-20 11:45:36.798: I/HttpConnector(4431): 		<isLeaf>false</isLeaf>
06-20 11:45:36.798: I/HttpConnector(4431): 		<iconPath>http://112.215.81.113/tpf/share/tpf/tpfmenuicon/po/newsmenu.jpg</iconPath>
06-20 11:45:36.798: I/HttpConnector(4431): 		<largeIconPath>http://112.215.81.113/tpf/result/oridnary/image/defaultImage/m.jpg</largeIconPath>
06-20 11:45:36.798: I/HttpConnector(4431): 	</category>
06-20 11:45:36.798: I/HttpConnector(4431): 	<parent>
06-20 11:45:36.798: I/HttpConnector(4431): 		<categoryID>63</categoryID>
06-20 11:45:36.798: I/HttpConnector(4431): 		<categorySyncType>21</categorySyncType>
06-20 11:45:36.798: I/HttpConnector(4431): 		<categoryName>Home</categoryName>
06-20 11:45:36.798: I/HttpConnector(4431): 		<isLeaf>false</isLeaf>
06-20 11:45:36.798: I/HttpConnector(4431): 		<iconPath>http://112.215.81.113/tpf/share/tpf/tpfmenuicon/po/newsmenu.jpg</iconPath>
06-20 11:45:36.798: I/HttpConnector(4431): 		<largeIconPath>http://112.215.81.113/tpf/result/oridnary/image/defaultImage/m.jpg</largeIconPath>
06-20 11:45:36.798: I/HttpConnector(4431): 	</parent>
06-20 11:45:36.798: I/HttpConnector(4431): 	<children>
06-20 11:45:36.798: I/HttpConnector(4431): 		 <category>
06-20 11:45:36.798: I/HttpConnector(4431): 			<categoryID>6311</categoryID>
06-20 11:45:36.798: I/HttpConnector(4431): 			<categorySyncType>27</categorySyncType>
06-20 11:45:36.798: I/HttpConnector(4431): 			<categoryName>Terbaru</categoryName>
06-20 11:45:36.798: I/HttpConnector(4431): 			<isLeaf>true</isLeaf>
06-20 11:45:36.798: I/HttpConnector(4431): 			<iconPath>http://112.215.81.113/tpf/share/tpf/tpfmenuicon/po/newsmenu.jpg</iconPath>
06-20 11:45:36.798: I/HttpConnector(4431): 			<largeIconPath>http://112.215.81.113/tpf/result/oridnary/image/defaultImage/m.jpg</largeIconPath>
06-20 11:45:36.798: I/HttpConnector(4431): 		    </category>
06-20 11:45:36.798: I/HttpConnector(4431): 		<category>
06-20 11:45:36.798: I/HttpConnector(4431): 			<categoryID>6313</categoryID>
06-20 11:45:36.798: I/HttpConnector(4431): 			<categorySyncType>23</categorySyncType>
06-20 11:45:36.798: I/HttpConnector(4431): 			<categoryName>Top Gratis</categoryName>
06-20 11:45:36.798: I/HttpConnector(4431): 			<isLeaf>true</isLeaf>
06-20 11:45:36.798: I/HttpConnector(4431): 			<iconPath>http://112.215.81.113/tpf/share/tpf/tpfmenuicon/po/newsmenu.jpg</iconPath>
06-20 11:45:36.798: I/HttpConnector(4431): 			<largeIconPath>http://112.215.81.113/tpf/result/oridnary/image/defaultImage/m.jpg</largeIconPath>
06-20 11:45:36.798: I/HttpConnector(4431): 		    </category>
06-20 11:45:36.798: I/HttpConnector(4431): 		<category>
06-20 11:45:36.798: I/HttpConnector(4431): 			<categoryID>6312</categoryID>
06-20 11:45:36.798: I/HttpConnector(4431): 			<categorySyncType>23</categorySyncType>
06-20 11:45:36.798: I/HttpConnector(4431): 			<categoryName>Top Berbayar</categoryName>
06-20 11:45:36.798: I/HttpConnector(4431): 			<isLeaf>true</isLeaf>
06-20 11:45:36.798: I/HttpConnector(4431): 			<iconPath>http://112.215.81.113/tpf/share/tpf/tpfmenuicon/po/newsmenu.jpg</iconPath>
06-20 11:45:36.798: I/HttpConnector(4431): 			<largeIconPath>http://112.215.81.113/tpf/result/oridnary/image/defaultImage/m.jpg</largeIconPath>
06-20 11:45:36.798: I/HttpConnector(4431): 		    </category>
06-20 11:45:36.798: I/HttpConnector(4431): 		<category>
06-20 11:45:36.798: I/HttpConnector(4431): 			<categoryID>6000173562</categoryID>
06-20 11:45:36.798: I/HttpConnector(4431): 			<categorySyncType>27</categorySyncType>
06-20 11:45:36.798: I/HttpConnector(4431): 			<categoryName>Aksi</categoryName>
06-20 11:45:36.798: I/HttpConnector(4431): 			<isLeaf>true</isLeaf>
06-20 11:45:36.798: I/HttpConnector(4431): 			<iconPath>http://112.215.81.113/tpf/share/tpf/tpfmenuicon/po/1401130255576653.jpg</iconPath>
06-20 11:45:36.798: I/HttpConnector(4431): 			<largeIconPath>http://112.215.81.113/tpf/result/oridnary/image/defaultImage/m.jpg</largeIconPath>
06-20 11:45:36.798: I/HttpConnector(4431): 		    </category>
06-20 11:45:36.798: I/HttpConnector(4431): 		<category>
06-20 11:45:36.798: I/HttpConnector(4431): 			<categoryID>6000173578</categoryID>
06-20 11:45:36.798: I/HttpConnector(4431): 			<categorySyncType>27</categorySyncType>
06-20 11:45:36.798: I/HttpConnector(4431): 			<categoryName>Balap</categoryName>
06-20 11:45:36.798: I/HttpConnector(4431): 			<isLeaf>true</isLeaf>
06-20 11:45:36.798: I/HttpConnector(4431): 			<iconPath>http://112.215.81.113/tpf/share/tpf/tpfmenuicon/po/14011302590224.jpg</iconPath>
06-20 11:45:36.798: I/HttpConnector(4431): 			<largeIconPath>http://112.215.81.113/tpf/result/oridnary/image/defaultImage/m.jpg</largeIconPath>
06-20 11:45:36.798: I/HttpConnector(4431): 		    </category>
06-20 11:45:36.798: I/HttpConnector(4431): 		<category>
06-20 11:45:36.798: I/HttpConnector(4431): 			<categoryID>6000173582</categoryID>
06-20 11:45:36.798: I/HttpConnector(4431): 			<categorySyncType>27</categorySyncType>
06-20 11:45:36.798: I/HttpConnector(4431): 			<categoryName>Olah|~|Raga</categoryName>
06-20 11:45:36.798: I/HttpConnector(4431): 			<isLeaf>true</isLeaf>
06-20 11:45:36.798: I/HttpConnector(4431): 			<iconPath>http://112.215.81.113/tpf/share/tpf/tpfmenuicon/po/1401130259394622.jpg</iconPath>
06-20 11:45:36.798: I/HttpConnector(4431): 			<largeIconPath>http://112.215.81.113/tpf/result/oridnary/image/defaultImage/m.jpg</largeIconPath>
06-20 11:45:36.798: I/HttpConnector(4431): 		    </category>
06-20 11:45:36.798: I/HttpConnector(4431): 		<category>
06-20 11:45:36.798: I/HttpConnector(4431): 			<categoryID>6000173566</categoryID>
06-20 11:45:36.798: I/HttpConnector(4431): 			<categorySyncType>27</categorySyncType>
06-20 11:45:36.798: I/HttpConnector(4431): 			<categoryName>Asah|~|Otak</categoryName>
06-20 11:45:36.798: I/HttpConnector(4431): 			<isLeaf>true</isLeaf>
06-20 11:45:36.798: I/HttpConnector(4431): 			<iconPath>http://112.215.81.113/tpf/share/tpf/tpfmenuicon/po/1401130256371405.jpg</iconPath>
06-20 11:45:36.798: I/HttpConnector(4431): 			<largeIconPath>http://112.215.81.113/tpf/result/oridnary/image/defaultImage/m.jpg</largeIconPath>
06-20 11:45:36.798: I/HttpConnector(4431): 		    </category>
06-20 11:45:36.798: I/HttpConnector(4431): 		<category>
06-20 11:45:36.798: I/HttpConnector(4431): 			<categoryID>6000173570</categoryID>
06-20 11:45:36.798: I/HttpConnector(4431): 			<categorySyncType>27</categorySyncType>
06-20 11:45:36.798: I/HttpConnector(4431): 			<categoryName>Kartu|~|/Kasino</categoryName>
06-20 11:45:36.798: I/HttpConnector(4431): 			<isLeaf>true</isLeaf>
06-20 11:45:36.798: I/HttpConnector(4431): 			<iconPath>http://112.215.81.113/tpf/share/tpf/tpfmenuicon/po/1401130257319259.jpg</iconPath>
06-20 11:45:36.798: I/HttpConnector(4431): 			<largeIconPath>http://112.215.81.113/tpf/result/oridnary/image/defaultImage/m.jpg</largeIconPath>
06-20 11:45:36.798: I/HttpConnector(4431): 		    </category>
06-20 11:45:36.798: I/HttpConnector(4431): 		<category>
06-20 11:45:36.798: I/HttpConnector(4431): 			<categoryID>6000173574</categoryID>
06-20 11:45:36.798: I/HttpConnector(4431): 			<categorySyncType>27</categorySyncType>
06-20 11:45:36.798: I/HttpConnector(4431): 			<categoryName>Casual</categoryName>
06-20 11:45:36.798: I/HttpConnector(4431): 			<isLeaf>t
06-20 11:45:36.808: I/HttpConnector(4431): Response Code :  Succeed
06-20 11:45:36.848: I/GetColumnListHttpManager(4431): in handleData response.getData() = <?xml version="1.0" encoding="UTF-8"?>
06-20 11:45:36.848: I/GetColumnListHttpManager(4431): <categoryResp>
06-20 11:45:36.848: I/GetColumnListHttpManager(4431): 	<operResultCode>0</operResultCode>
06-20 11:45:36.848: I/GetColumnListHttpManager(4431): 	<operDesc>Proses berhasil.(0)</operDesc>
06-20 11:45:36.848: I/GetColumnListHttpManager(4431): 	<category>
06-20 11:45:36.848: I/GetColumnListHttpManager(4431): 		<categoryID>6310</categoryID>
06-20 11:45:36.848: I/GetColumnListHttpManager(4431): 		<categorySyncType>21</categorySyncType>
06-20 11:45:36.848: I/GetColumnListHttpManager(4431): 		<categoryName>Games</categoryName>
06-20 11:45:36.848: I/GetColumnListHttpManager(4431): 		<isLeaf>false</isLeaf>
06-20 11:45:36.848: I/GetColumnListHttpManager(4431): 		<iconPath>http://112.215.81.113/tpf/share/tpf/tpfmenuicon/po/newsmenu.jpg</iconPath>
06-20 11:45:36.848: I/GetColumnListHttpManager(4431): 		<largeIconPath>http://112.215.81.113/tpf/result/oridnary/image/defaultImage/m.jpg</largeIconPath>
06-20 11:45:36.848: I/GetColumnListHttpManager(4431): 	</category>
06-20 11:45:36.848: I/GetColumnListHttpManager(4431): 	<parent>
06-20 11:45:36.848: I/GetColumnListHttpManager(4431): 		<categoryID>63</categoryID>
06-20 11:45:36.848: I/GetColumnListHttpManager(4431): 		<categorySyncType>21</categorySyncType>
06-20 11:45:36.848: I/GetColumnListHttpManager(4431): 		<categoryName>Home</categoryName>
06-20 11:45:36.848: I/GetColumnListHttpManager(4431): 		<isLeaf>false</isLeaf>
06-20 11:45:36.848: I/GetColumnListHttpManager(4431): 		<iconPath>http://112.215.81.113/tpf/share/tpf/tpfmenuicon/po/newsmenu.jpg</iconPath>
06-20 11:45:36.848: I/GetColumnListHttpManager(4431): 		<largeIconPath>http://112.215.81.113/tpf/result/oridnary/image/defaultImage/m.jpg</largeIconPath>
06-20 11:45:36.848: I/GetColumnListHttpManager(4431): 	</parent>
06-20 11:45:36.848: I/GetColumnListHttpManager(4431): 	<children>
06-20 11:45:36.848: I/GetColumnListHttpManager(4431): 		 <category>
06-20 11:45:36.848: I/GetColumnListHttpManager(4431): 			<categoryID>6311</categoryID>
06-20 11:45:36.848: I/GetColumnListHttpManager(4431): 			<categorySyncType>27</categorySyncType>
06-20 11:45:36.848: I/GetColumnListHttpManager(4431): 			<categoryName>Terbaru</categoryName>
06-20 11:45:36.848: I/GetColumnListHttpManager(4431): 			<isLeaf>true</isLeaf>
06-20 11:45:36.848: I/GetColumnListHttpManager(4431): 			<iconPath>http://112.215.81.113/tpf/share/tpf/tpfmenuicon/po/newsmenu.jpg</iconPath>
06-20 11:45:36.848: I/GetColumnListHttpManager(4431): 			<largeIconPath>http://112.215.81.113/tpf/result/oridnary/image/defaultImage/m.jpg</largeIconPath>
06-20 11:45:36.848: I/GetColumnListHttpManager(4431): 		    </category>
06-20 11:45:36.848: I/GetColumnListHttpManager(4431): 		<category>
06-20 11:45:36.848: I/GetColumnListHttpManager(4431): 			<categoryID>6313</categoryID>
06-20 11:45:36.848: I/GetColumnListHttpManager(4431): 			<categorySyncType>23</categorySyncType>
06-20 11:45:36.848: I/GetColumnListHttpManager(4431): 			<categoryName>Top Gratis</categoryName>
06-20 11:45:36.848: I/GetColumnListHttpManager(4431): 			<isLeaf>true</isLeaf>
06-20 11:45:36.848: I/GetColumnListHttpManager(4431): 			<iconPath>http://112.215.81.113/tpf/share/tpf/tpfmenuicon/po/newsmenu.jpg</iconPath>
06-20 11:45:36.848: I/GetColumnListHttpManager(4431): 			<largeIconPath>http://112.215.81.113/tpf/result/oridnary/image/defaultImage/m.jpg</largeIconPath>
06-20 11:45:36.848: I/GetColumnListHttpManager(4431): 		    </category>
06-20 11:45:36.848: I/GetColumnListHttpManager(4431): 		<category>
06-20 11:45:36.848: I/GetColumnListHttpManager(4431): 			<categoryID>6312</categoryID>
06-20 11:45:36.848: I/GetColumnListHttpManager(4431): 			<categorySyncType>23</categorySyncType>
06-20 11:45:36.848: I/GetColumnListHttpManager(4431): 			<categoryName>Top Berbayar</categoryName>
06-20 11:45:36.848: I/GetColumnListHttpManager(4431): 			<isLeaf>true</isLeaf>
06-20 11:45:36.848: I/GetColumnListHttpManager(4431): 			<iconPath>http://112.215.81.113/tpf/share/tpf/tpfmenuicon/po/newsmenu.jpg</iconPath>
06-20 11:45:36.848: I/GetColumnListHttpManager(4431): 			<largeIconPath>http://112.215.81.113/tpf/result/oridnary/image/defaultImage/m.jpg</largeIconPath>
06-20 11:45:36.848: I/GetColumnListHttpManager(4431): 		    </category>
06-20 11:45:36.848: I/GetColumnListHttpManager(4431): 		<category>
06-20 11:45:36.848: I/GetColumnListHttpManager(4431): 			<categoryID>6000173562</categoryID>
06-20 11:45:36.848: I/GetColumnListHttpManager(4431): 			<categorySyncType>27</categorySyncType>
06-20 11:45:36.848: I/GetColumnListHttpManager(4431): 			<categoryName>Aksi</categoryName>
06-20 11:45:36.848: I/GetColumnListHttpManager(4431): 			<isLeaf>true</isLeaf>
06-20 11:45:36.848: I/GetColumnListHttpManager(4431): 			<iconPath>http://112.215.81.113/tpf/share/tpf/tpfmenuicon/po/1401130255576653.jpg</iconPath>
06-20 11:45:36.848: I/GetColumnListHttpManager(4431): 			<largeIconPath>http://112.215.81.113/tpf/result/oridnary/image/defaultImage/m.jpg</largeIconPath>
06-20 11:45:36.848: I/GetColumnListHttpManager(4431): 		    </category>
06-20 11:45:36.848: I/GetColumnListHttpManager(4431): 		<category>
06-20 11:45:36.848: I/GetColumnListHttpManager(4431): 			<categoryID>6000173578</categoryID>
06-20 11:45:36.848: I/GetColumnListHttpManager(4431): 			<categorySyncType>27</categorySyncType>
06-20 11:45:36.848: I/GetColumnListHttpManager(4431): 			<categoryName>Balap</categoryName>
06-20 11:45:36.848: I/GetColumnListHttpManager(4431): 			<isLeaf>true</isLeaf>
06-20 11:45:36.848: I/GetColumnListHttpManager(4431): 			<iconPath>http://112.215.81.113/tpf/share/tpf/tpfmenuicon/po/14011302590224.jpg</iconPath>
06-20 11:45:36.848: I/GetColumnListHttpManager(4431): 			<largeIconPath>http://112.215.81.113/tpf/result/oridnary/image/defaultImage/m.jpg</largeIconPath>
06-20 11:45:36.848: I/GetColumnListHttpManager(4431): 		    </category>
06-20 11:45:36.848: I/GetColumnListHttpManager(4431): 		<category>
06-20 11:45:36.848: I/GetColumnListHttpManager(4431): 			<categoryID>6000173582</categoryID>
06-20 11:45:36.848: I/GetColumnListHttpManager(4431): 			<categorySyncType>27</categorySyncType>
06-20 11:45:36.848: I/GetColumnListHttpManager(4431): 			<categoryName>Olah|~|Raga</categoryName>
06-20 11:45:36.848: I/GetColumnListHttpManager(4431): 			<isLeaf>true</isLeaf>
06-20 11:45:36.848: I/GetColumnListHttpManager(4431): 			<iconPath>http://112.215.81.113/tpf/share/tpf/tpfmenuicon/po/1401130259394622.jpg</iconPath>
06-20 11:45:36.848: I/GetColumnListHttpManager(4431): 			<largeIconPath>http://112.215.81.113/tpf/result/oridnary/image/defaultImage/m.jpg</largeIconPath>
06-20 11:45:36.848: I/GetColumnListHttpManager(4431): 		    </category>
06-20 11:45:36.848: I/GetColumnListHttpManager(4431): 		<category>
06-20 11:45:36.848: I/GetColumnListHttpManager(4431): 			<categoryID>6000173566</categoryID>
06-20 11:45:36.848: I/GetColumnListHttpManager(4431): 			<categorySyncType>27</categorySyncType>
06-20 11:45:36.848: I/GetColumnListHttpManager(4431): 			<categoryName>Asah|~|Otak</categoryName>
06-20 11:45:36.848: I/GetColumnListHttpManager(4431): 			<isLeaf>true</isLeaf>
06-20 11:45:36.848: I/GetColumnListHttpManager(4431): 			<iconPath>http://112.215.81.113/tpf/share/tpf/tpfmenuicon/po/1401130256371405.jpg</iconPath>
06-20 11:45:36.848: I/GetColumnListHttpManager(4431): 			<largeIconPath>http://112.215.81.113/tpf/result/oridnary/image/defaultImage/m.jpg</largeIconPath>
06-20 11:45:36.848: I/GetColumnListHttpManager(4431): 		    </category>
06-20 11:45:36.848: I/GetColumnListHttpManager(4431): 		<category>
06-20 11:45:36.848: I/GetColumnListHttpManager(4431): 			<categoryID>6000173570</categoryID>
06-20 11:45:36.848: I/GetColumnListHttpManager(4431): 			<categorySyncType>27</categorySyncType>
06-20 11:45:36.848: I/GetColumnListHttpManager(4431): 			<categoryName>Kartu|~|/Kasino</categoryName>
06-20 11:45:36.848: I/GetColumnListHttpManager(4431): 			<isLeaf>true</isLeaf>
06-20 11:45:36.848: I/GetColumnListHttpManager(4431): 			<iconPath>http://112.215.81.113/tpf/share/tpf/tpfmenuicon/po/1401130257319259.jpg</iconPath>
06-20 11:45:36.848: I/GetColumnListHttpManager(4431): 			<largeIconPath>http://112.215.81.113/tpf/result/oridnary/image/defaultImage/m.jpg</largeIconPath>
06-20 11:45:36.848: I/GetColumnListHttpManager(4431): 		    </category>
06-20 11:45:36.848: I/GetColumnListHttpManager(4431): 		<category>
06-20 11:45:36.848: I/GetColumnListHttpManager(4431): 			<categoryID>6000173574</categoryID>
06-20 11:45:36.848: I/GetColumnListHttpManager(4431): 			<categorySyncType>27</categorySyncType>
06-20 11:45:36.848: I/GetColumnListHttpManager(4431): 			<categoryName>Casua
06-20 11:45:36.908: I/CategoryLogic(4431): onProgress isInProgress=false
06-20 11:45:36.908: I/CategoryBaseFragment(4431): in handleStateMessage MSGTYPE_GET_CATEGORY
06-20 11:45:36.918: I/CategoryBaseFragment(4431): onGetCategoryResp responseCode=Succeed
06-20 11:45:36.918: I/CategoryBaseFragment(4431): onGetCategoryResp requestNum=0
06-20 11:45:36.918: I/CategoryBaseFragment(4431): onGetCategoryResp operResultCode=0
06-20 11:45:36.928: I/CategoryBaseFragment(4431): (6311,Terbaru) is leaf
06-20 11:45:36.928: I/CategoryBaseFragment(4431): (6313,Top Gratis) is leaf
06-20 11:45:36.938: I/CategoryBaseFragment(4431): (6312,Top Berbayar) is leaf
06-20 11:45:36.938: I/CategoryBaseFragment(4431): (6000173562,Aksi) is leaf
06-20 11:45:36.938: I/CategoryBaseFragment(4431): (6000173578,Balap) is leaf
06-20 11:45:36.938: I/CategoryBaseFragment(4431): (6000173582,Olah|~|Raga) is leaf
06-20 11:45:36.948: I/CategoryBaseFragment(4431): (6000173566,Asah|~|Otak) is leaf
06-20 11:45:36.958: I/CategoryBaseFragment(4431): (6000173570,Kartu|~|/Kasino) is leaf
06-20 11:45:36.958: I/CategoryBaseFragment(4431): (6000173574,Casual) is leaf
06-20 11:45:36.958: I/CategoryBaseFragment(4431): (6000941073,Lainnya) is leaf
06-20 11:45:36.968: I/CategoryBaseFragment(4431): onRequestCategoryComplete categories num=7
06-20 11:45:36.998: I/size(4431): width:78 height:158
06-20 11:45:37.008: D/dalvikvm(26158): GC_CONCURRENT freed 1656K, 7% free 55362K/58952K, paused 4ms+12ms, total 113ms
06-20 11:45:37.008: D/dalvikvm(26158): WAIT_FOR_CONCURRENT_GC blocked 102ms
06-20 11:45:37.038: I/CategoryHomeFragment(4431): density:3.0
06-20 11:45:37.048: I/CategoryHomeFragment(4431): density:3.0
06-20 11:45:37.048: D/CategoryHomeFragment(4431): [requestRecommend] Categoryid = 6314
06-20 11:45:37.048: D/????(4431): ????
06-20 11:45:37.048: I/GetDirectoryListRecListlLogic(4431): onProgress isInProgress=true
06-20 11:45:37.058: D/????(4431): ????
06-20 11:45:37.058: D/????(4431): ????
06-20 11:45:37.058: I/GetDirectoryListRecListlLogic(4431): onProgress isInProgress=true
06-20 11:45:37.058: D/????(4431): ????
06-20 11:45:37.058: I/HttpConnector(4431): request url : http://112.215.81.113:80/tpf/i/categoryAjax.action?pageNo=1&categoryid=6312
06-20 11:45:37.058: I/GetDirectoryListRecListlLogic(4431): onProgress isInProgress=true
06-20 11:45:37.058: I/GetDirectoryListRecListlLogic(4431): onProgress isInProgress=true
06-20 11:45:37.058: I/HttpConnector(4431): request url : http://112.215.81.113:80/tpf/i/categoryAjax.action?pageNo=1&categoryid=6314
06-20 11:45:37.058: I/HttpConnector(4431): request url : http://112.215.81.113:80/tpf/i/categoryAjax.action?pageNo=1&categoryid=6311
06-20 11:45:37.058: I/HttpConnector(4431): request url : http://112.215.81.113:80/tpf/i/categoryAjax.action?pageNo=1&categoryid=6313
06-20 11:45:37.068: I/ReportManager(4431): add report categoryId=60000
06-20 11:45:37.138: D/PullToRefresh(4431): Setting Padding. L: 0, T: 0, R: 0, B: 0
06-20 11:45:37.138: D/PullToRefresh(4431): First Visible: 0. Visible Count: 0. Total Items:0
06-20 11:45:37.159: W/WindowManager(899): Access to extended visibility flags denied: Requires com.sonymobile.permission.SYSTEM_UI_VISIBILITY_EXTENSIONS permission.
06-20 11:45:37.199: D/dalvikvm(4431): GC_CONCURRENT freed 5004K, 11% free 59820K/66748K, paused 6ms+20ms, total 78ms
06-20 11:45:37.199: D/dalvikvm(4431): WAIT_FOR_CONCURRENT_GC blocked 32ms
06-20 11:45:37.199: D/dalvikvm(4431): WAIT_FOR_CONCURRENT_GC blocked 11ms
06-20 11:45:37.199: D/dalvikvm(4431): WAIT_FOR_CONCURRENT_GC blocked 37ms
06-20 11:45:37.199: D/dalvikvm(26158): GC_CONCURRENT freed 1656K, 7% free 55362K/58952K, paused 4ms+11ms, total 102ms
06-20 11:45:37.199: D/dalvikvm(26158): WAIT_FOR_CONCURRENT_GC blocked 91ms
06-20 11:45:37.379: D/dalvikvm(26158): GC_CONCURRENT freed 1656K, 7% free 55362K/58952K, paused 6ms+13ms, total 92ms
06-20 11:45:37.379: D/dalvikvm(26158): WAIT_FOR_CONCURRENT_GC blocked 79ms
06-20 11:45:37.589: D/dalvikvm(26158): GC_CONCURRENT freed 1655K, 7% free 55362K/58952K, paused 6ms+10ms, total 93ms
06-20 11:45:37.589: D/dalvikvm(26158): WAIT_FOR_CONCURRENT_GC blocked 76ms
06-20 11:45:37.799: D/dalvikvm(26158): GC_CONCURRENT freed 1656K, 7% free 55362K/58952K, paused 11ms+13ms, total 118ms
06-20 11:45:37.799: D/dalvikvm(26158): WAIT_FOR_CONCURRENT_GC blocked 100ms
06-20 11:45:37.999: D/dalvikvm(26158): GC_CONCURRENT freed 1656K, 7% free 55362K/58952K, paused 9ms+11ms, total 107ms
06-20 11:45:37.999: D/dalvikvm(26158): WAIT_FOR_CONCURRENT_GC blocked 91ms
06-20 11:45:38.139: I/HttpConnector(4431): Response Code[200]
06-20 11:45:38.169: I/HttpConnector(4431): Response Code[200]
06-20 11:45:38.169: I/HttpConnector(4431): response data : <?xml version="1.0" encoding="UTF-8"?>
06-20 11:45:38.169: I/HttpConnector(4431): <categoryAjaxResp>
06-20 11:45:38.169: I/HttpConnector(4431): 	<operResultCode>0</operResultCode>
06-20 11:45:38.169: I/HttpConnector(4431): 	<operDesc>Proses berhasil.(0)</operDesc>
06-20 11:45:38.169: I/HttpConnector(4431): 	<count>65</count>
06-20 11:45:38.169: I/HttpConnector(4431): 	<categoryItems>
06-20 11:45:38.169: I/HttpConnector(4431): 			<categoryItem>
06-20 11:45:38.169: I/HttpConnector(4431): 						<contentCode>000942000000020542</contentCode>
06-20 11:45:38.169: I/HttpConnector(4431): 						<contentName>Frisbee Forvever</contentName>
06-20 11:45:38.169: I/HttpConnector(4431): 						<categoryName>Games</categoryName>
06-20 11:45:38.169: I/HttpConnector(4431): 						<contentDesc>Apakah Anda seorang Guru Frisbee ®? Liar dalam dunia Frisbee ® Selamanya! Sebuah Aplikasi Android dengan HD super renyah dan grafik 3D. Bersiap untuk lepas landas dan terbang dengan kecepatan menakjubkan lebih dari 100 lagu gila. California Theme Park, gunung agung di Wild West atau mengirim gelombang menyala-nyala di lautan Karibia Bajak Laut diisi.</contentDesc>
06-20 11:45:38.169: I/HttpConnector(4431): 						<avgMark>0</avgMark>
06-20 11:45:38.169: I/HttpConnector(4431): 						<contentProviderName>PT. Ololo</contentProviderName>
06-20 11:45:38.169: I/HttpConnector(4431): 						<iconPath>http://112.215.81.113/tpf/share/mdspfile/20131111/000942/000942000000020542/1406131124477365.jpg</iconPath>
