06-20 11:43:44.378: D/dalvikvm(26158): WAIT_FOR_CONCURRENT_GC blocked 63ms
06-20 11:43:44.549: D/dalvikvm(26158): GC_CONCURRENT freed 1655K, 7% free 55360K/58952K, paused 4ms+11ms, total 78ms
06-20 11:43:44.549: D/dalvikvm(26158): WAIT_FOR_CONCURRENT_GC blocked 68ms
06-20 11:43:44.709: D/dalvikvm(26158): GC_CONCURRENT freed 1655K, 7% free 55360K/58952K, paused 4ms+9ms, total 77ms
06-20 11:43:44.709: D/dalvikvm(26158): WAIT_FOR_CONCURRENT_GC blocked 60ms
06-20 11:43:44.889: D/dalvikvm(26158): GC_CONCURRENT freed 1655K, 7% free 55360K/58952K, paused 9ms+9ms, total 94ms
06-20 11:43:44.889: D/dalvikvm(26158): WAIT_FOR_CONCURRENT_GC blocked 79ms
06-20 11:43:44.889: E/QCALOG(465): [MessageQ] ProcessNewMessage: [XT-CS] unknown deliver target [OS-Agent]
06-20 11:43:45.039: D/dalvikvm(26158): GC_CONCURRENT freed 1655K, 7% free 55360K/58952K, paused 4ms+9ms, total 77ms
06-20 11:43:45.039: D/dalvikvm(26158): WAIT_FOR_CONCURRENT_GC blocked 67ms
06-20 11:43:45.199: D/dalvikvm(26158): GC_CONCURRENT freed 1655K, 7% free 55360K/58952K, paused 5ms+10ms, total 78ms
06-20 11:43:45.199: D/dalvikvm(26158): WAIT_FOR_CONCURRENT_GC blocked 68ms
06-20 11:43:45.399: D/dalvikvm(26158): GC_CONCURRENT freed 1655K, 7% free 55360K/58952K, paused 9ms+9ms, total 112ms
06-20 11:43:45.399: D/dalvikvm(26158): WAIT_FOR_CONCURRENT_GC blocked 98ms
06-20 11:43:45.570: D/dalvikvm(26158): GC_CONCURRENT freed 1655K, 7% free 55360K/58952K, paused 6ms+9ms, total 83ms
06-20 11:43:45.570: D/dalvikvm(26158): WAIT_FOR_CONCURRENT_GC blocked 71ms
06-20 11:43:45.740: D/dalvikvm(26158): GC_CONCURRENT freed 1655K, 7% free 55360K/58952K, paused 4ms+9ms, total 85ms
06-20 11:43:45.740: D/dalvikvm(26158): WAIT_FOR_CONCURRENT_GC blocked 75ms
06-20 11:43:45.900: D/dalvikvm(26158): GC_CONCURRENT freed 1655K, 7% free 55360K/58952K, paused 4ms+9ms, total 78ms
06-20 11:43:45.900: D/dalvikvm(26158): WAIT_FOR_CONCURRENT_GC blocked 68ms
06-20 11:43:46.060: D/StatusBar.NetworkController(1287): refreshViews: Data not connected!! Set no data type icon / Roaming
06-20 11:43:46.080: D/dalvikvm(26158): GC_CONCURRENT freed 1655K, 7% free 55360K/58952K, paused 6ms+10ms, total 92ms
06-20 11:43:46.080: D/dalvikvm(26158): WAIT_FOR_CONCURRENT_GC blocked 80ms
06-20 11:43:46.240: D/dalvikvm(26158): GC_CONCURRENT freed 1655K, 7% free 55360K/58952K, paused 5ms+12ms, total 81ms
06-20 11:43:46.240: D/dalvikvm(26158): WAIT_FOR_CONCURRENT_GC blocked 65ms
06-20 11:43:46.410: D/dalvikvm(26158): GC_CONCURRENT freed 1655K, 7% free 55360K/58952K, paused 4ms+11ms, total 79ms
06-20 11:43:46.410: D/dalvikvm(26158): WAIT_FOR_CONCURRENT_GC blocked 69ms
06-20 11:43:46.561: D/dalvikvm(26158): GC_CONCURRENT freed 1655K, 7% free 55360K/58952K, paused 5ms+10ms, total 80ms
06-20 11:43:46.561: D/dalvikvm(26158): WAIT_FOR_CONCURRENT_GC blocked 69ms
06-20 11:43:46.741: D/dalvikvm(26158): GC_CONCURRENT freed 1655K, 7% free 55360K/58952K, paused 6ms+10ms, total 77ms
06-20 11:43:46.741: D/dalvikvm(26158): WAIT_FOR_CONCURRENT_GC blocked 65ms
06-20 11:43:46.891: D/dalvikvm(26158): GC_CONCURRENT freed 1655K, 7% free 55360K/58952K, paused 4ms+10ms, total 78ms
06-20 11:43:46.891: D/dalvikvm(26158): WAIT_FOR_CONCURRENT_GC blocked 68ms
06-20 11:43:47.051: D/dalvikvm(26158): GC_CONCURRENT freed 1655K, 7% free 55360K/58952K, paused 5ms+9ms, total 77ms
06-20 11:43:47.051: D/dalvikvm(26158): WAIT_FOR_CONCURRENT_GC blocked 58ms
06-20 11:43:47.061: D/StatusBar.NetworkController(1287): refreshViews: Data not connected!! Set no data type icon / Roaming
06-20 11:43:47.061: D/dalvikvm(32242): GC_CONCURRENT freed 396K, 15% free 50598K/58952K, paused 4ms+3ms, total 39ms
06-20 11:43:47.211: D/dalvikvm(26158): GC_CONCURRENT freed 1655K, 7% free 55360K/58952K, paused 3ms+9ms, total 77ms
06-20 11:43:47.211: D/dalvikvm(26158): WAIT_FOR_CONCURRENT_GC blocked 68ms
06-20 11:43:47.381: D/dalvikvm(26158): GC_CONCURRENT freed 1655K, 7% free 55360K/58952K, paused 9ms+10ms, total 94ms
06-20 11:43:47.381: D/dalvikvm(26158): WAIT_FOR_CONCURRENT_GC blocked 79ms
06-20 11:43:47.552: D/dalvikvm(26158): GC_CONCURRENT freed 1655K, 7% free 55360K/58952K, paused 5ms+15ms, total 96ms
06-20 11:43:47.552: D/dalvikvm(26158): WAIT_FOR_CONCURRENT_GC blocked 83ms
06-20 11:43:47.712: D/dalvikvm(26158): GC_CONCURRENT freed 1655K, 7% free 55360K/58952K, paused 6ms+11ms, total 83ms
06-20 11:43:47.712: D/dalvikvm(26158): WAIT_FOR_CONCURRENT_GC blocked 71ms
06-20 11:43:47.882: D/dalvikvm(26158): GC_CONCURRENT freed 1655K, 7% free 55360K/58952K, paused 4ms+12ms, total 88ms
06-20 11:43:47.882: D/dalvikvm(26158): WAIT_FOR_CONCURRENT_GC blocked 78ms
06-20 11:43:48.022: D/dalvikvm(4431): GC_FOR_ALLOC freed 1887K, 8% free 61455K/66748K, paused 49ms, total 49ms
06-20 11:43:48.042: D/dalvikvm(26158): GC_CONCURRENT freed 1655K, 7% free 55360K/58952K, paused 4ms+11ms, total 78ms
06-20 11:43:48.042: D/dalvikvm(26158): WAIT_FOR_CONCURRENT_GC blocked 69ms
06-20 11:43:48.062: D/StatusBar.NetworkController(1287): refreshViews: Data not connected!! Set no data type icon / Roaming
06-20 11:43:48.222: D/dalvikvm(26158): GC_CONCURRENT freed 1655K, 7% free 55360K/58952K, paused 4ms+9ms, total 75ms
06-20 11:43:48.222: D/dalvikvm(26158): WAIT_FOR_CONCURRENT_GC blocked 64ms
06-20 11:43:48.392: D/dalvikvm(26158): GC_CONCURRENT freed 1655K, 7% free 55360K/58952K, paused 5ms+10ms, total 87ms
06-20 11:43:48.392: D/dalvikvm(26158): WAIT_FOR_CONCURRENT_GC blocked 75ms
06-20 11:43:48.563: D/dalvikvm(26158): GC_CONCURRENT freed 1655K, 7% free 55360K/58952K, paused 9ms+9ms, total 92ms
06-20 11:43:48.563: D/dalvikvm(26158): WAIT_FOR_CONCURRENT_GC blocked 77ms
06-20 11:43:48.723: D/dalvikvm(26158): GC_CONCURRENT freed 1655K, 7% free 55360K/58952K, paused 5ms+10ms, total 79ms
06-20 11:43:48.723: D/dalvikvm(26158): WAIT_FOR_CONCURRENT_GC blocked 68ms
06-20 11:43:48.893: E/QCALOG(465): [MessageQ] ProcessNewMessage: [XTWiFi-PE] unknown deliver target [OS-Agent]
06-20 11:43:48.903: E/QCALOG(465): [MessageQ] ProcessNewMessage: [XTWWAN-PE] unknown deliver target [OS-Agent]
06-20 11:43:48.913: D/dalvikvm(26158): GC_CONCURRENT freed 1655K, 7% free 55360K/58952K, paused 7ms+11ms, total 98ms
06-20 11:43:48.913: D/dalvikvm(26158): WAIT_FOR_CONCURRENT_GC blocked 85ms
06-20 11:43:49.073: D/dalvikvm(26158): GC_CONCURRENT freed 1655K, 7% free 55360K/58952K, paused 4ms+10ms, total 78ms
06-20 11:43:49.073: D/dalvikvm(26158): WAIT_FOR_CONCURRENT_GC blocked 68ms
06-20 11:43:49.263: D/dalvikvm(26158): GC_CONCURRENT freed 1655K, 7% free 55360K/58952K, paused 8ms+9ms, total 97ms
06-20 11:43:49.263: D/dalvikvm(26158): WAIT_FOR_CONCURRENT_GC blocked 84ms
06-20 11:43:49.423: D/dalvikvm(26158): GC_CONCURRENT freed 1655K, 7% free 55360K/58952K, paused 5ms+9ms, total 80ms
06-20 11:43:49.423: D/dalvikvm(26158): WAIT_FOR_CONCURRENT_GC blocked 69ms
06-20 11:43:49.594: D/dalvikvm(26158): GC_CONCURRENT freed 1655K, 7% free 55360K/58952K, paused 5ms+9ms, total 78ms
06-20 11:43:49.594: D/dalvikvm(26158): WAIT_FOR_CONCURRENT_GC blocked 68ms
06-20 11:43:49.744: D/dalvikvm(26158): GC_CONCURRENT freed 1655K, 7% free 55360K/58952K, paused 4ms+9ms, total 82ms
06-20 11:43:49.744: D/dalvikvm(26158): WAIT_FOR_CONCURRENT_GC blocked 72ms
06-20 11:43:49.894: E/QCALOG(465): [MessageQ] ProcessNewMessage: [XT-CS] unknown deliver target [OS-Agent]
06-20 11:43:49.914: D/dalvikvm(26158): GC_CONCURRENT freed 1655K, 7% free 55360K/58952K, paused 5ms+11ms, total 83ms
06-20 11:43:49.914: D/dalvikvm(26158): WAIT_FOR_CONCURRENT_GC blocked 72ms
06-20 11:43:50.074: D/StatusBar.NetworkController(1287): refreshViews: Data not connected!! Set no data type icon / Roaming
06-20 11:43:50.084: D/dalvikvm(26158): GC_CONCURRENT freed 1655K, 7% free 55360K/58952K, paused 6ms+13ms, total 90ms
06-20 11:43:50.084: D/dalvikvm(26158): WAIT_FOR_CONCURRENT_GC blocked 78ms
06-20 11:43:50.244: D/dalvikvm(26158): GC_CONCURRENT freed 1655K, 7% free 55360K/58952K, paused 5ms+9ms, total 77ms
06-20 11:43:50.244: D/dalvikvm(26158): WAIT_FOR_CONCURRENT_GC blocked 59ms
06-20 11:43:50.434: D/dalvikvm(26158): GC_CONCURRENT freed 1655K, 7% free 55360K/58952K, paused 4ms+10ms, total 88ms
06-20 11:43:50.434: D/dalvikvm(26158): WAIT_FOR_CONCURRENT_GC blocked 63ms
06-20 11:43:50.595: D/dalvikvm(26158): GC_CONCURRENT freed 1655K, 7% free 55360K/58952K, paused 4ms+10ms, total 82ms
06-20 11:43:50.595: D/dalvikvm(26158): WAIT_FOR_CONCURRENT_GC blocked 72ms
06-20 11:43:50.755: D/dalvikvm(26158): GC_CONCURRENT freed 1655K, 7% free 55360K/58952K, paused 4ms+10ms, total 78ms
06-20 11:43:50.755: D/dalvikvm(26158): WAIT_FOR_CONCURRENT_GC blocked 68ms
06-20 11:43:50.905: D/dalvikvm(26158): GC_CONCURRENT freed 1655K, 7% free 55360K/58952K, paused 4ms+10ms, total 77ms
06-20 11:43:50.905: D/dalvikvm(26158): WAIT_FOR_CONCURRENT_GC blocked 67ms
06-20 11:43:51.065: D/dalvikvm(26158): GC_CONCURRENT freed 1655K, 7% free 55360K/58952K, paused 5ms+10ms, total 80ms
06-20 11:43:51.065: D/dalvikvm(26158): WAIT_FOR_CONCURRENT_GC blocked 70ms
06-20 11:43:51.075: D/StatusBar.NetworkController(1287): refreshViews: Data not connected!! Set no data type icon / Roaming
06-20 11:43:51.235: D/dalvikvm(26158): GC_CONCURRENT freed 1655K, 7% free 55360K/58952K, paused 5ms+10ms, total 80ms
06-20 11:43:51.235: D/dalvikvm(26158): WAIT_FOR_CONCURRENT_GC blocked 70ms
06-20 11:43:51.395: D/dalvikvm(26158): GC_CONCURRENT freed 1655K, 7% free 55360K/58952K, paused 4ms+9ms, total 76ms
06-20 11:43:51.395: D/dalvikvm(26158): WAIT_FOR_CONCURRENT_GC blocked 60ms
06-20 11:43:51.555: D/dalvikvm(26158): GC_CONCURRENT freed 1655K, 7% free 55360K/58952K, paused 5ms+10ms, total 72ms
06-20 11:43:51.555: D/dalvikvm(26158): WAIT_FOR_CONCURRENT_GC blocked 46ms
06-20 11:43:51.766: D/dalvikvm(26158): GC_CONCURRENT freed 1655K, 7% free 55360K/58952K, paused 9ms+9ms, total 108ms
06-20 11:43:51.766: D/dalvikvm(26158): WAIT_FOR_CONCURRENT_GC blocked 93ms
06-20 11:43:51.936: D/dalvikvm(26158): GC_CONCURRENT freed 1655K, 7% free 55360K/58952K, paused 4ms+12ms, total 85ms
06-20 11:43:51.936: D/dalvikvm(26158): WAIT_FOR_CONCURRENT_GC blocked 69ms
06-20 11:43:52.086: D/StatusBar.NetworkController(1287): refreshViews: Data not connected!! Set no data type icon / Roaming
06-20 11:43:52.096: D/dalvikvm(26158): GC_CONCURRENT freed 1655K, 7% free 55360K/58952K, paused 5ms+12ms, total 79ms
06-20 11:43:52.096: D/dalvikvm(26158): WAIT_FOR_CONCURRENT_GC blocked 62ms
06-20 11:43:52.276: D/dalvikvm(26158): GC_CONCURRENT freed 1655K, 7% free 55360K/58952K, paused 6ms+9ms, total 88ms
06-20 11:43:52.276: D/dalvikvm(26158): WAIT_FOR_CONCURRENT_GC blocked 75ms
06-20 11:43:52.426: D/dalvikvm(26158): GC_CONCURRENT freed 1655K, 7% free 55360K/58952K, paused 5ms+9ms, total 76ms
06-20 11:43:52.426: D/dalvikvm(26158): WAIT_FOR_CONCURRENT_GC blocked 64ms
06-20 11:43:52.586: D/dalvikvm(26158): GC_CONCURRENT freed 1655K, 7% free 55360K/58952K, paused 5ms+9ms, total 78ms
06-20 11:43:52.586: D/dalvikvm(26158): WAIT_FOR_CONCURRENT_GC blocked 60ms
06-20 11:43:52.777: D/dalvikvm(26158): GC_CONCURRENT freed 1655K, 7% free 55360K/58952K, paused 9ms+10ms, total 105ms
06-20 11:43:52.777: D/dalvikvm(26158): WAIT_FOR_CONCURRENT_GC blocked 90ms
06-20 11:43:52.947: D/dalvikvm(26158): GC_CONCURRENT freed 1655K, 7% free 55360K/58952K, paused 7ms+9ms, total 87ms
06-20 11:43:52.947: D/dalvikvm(26158): WAIT_FOR_CONCURRENT_GC blocked 74ms
06-20 11:43:53.117: D/dalvikvm(26158): GC_CONCURRENT freed 1655K, 7% free 55360K/58952K, paused 7ms+10ms, total 85ms
06-20 11:43:53.117: D/dalvikvm(26158): WAIT_FOR_CONCURRENT_GC blocked 73ms
06-20 11:43:53.277: D/dalvikvm(26158): GC_CONCURRENT freed 1655K, 7% free 55360K/58952K, paused 5ms+10ms, total 76ms
06-20 11:43:53.277: D/dalvikvm(26158): WAIT_FOR_CONCURRENT_GC blocked 65ms
06-20 11:43:53.467: D/dalvikvm(26158): GC_CONCURRENT freed 1655K, 7% free 55360K/58952K, paused 9ms+9ms, total 103ms
06-20 11:43:53.467: D/dalvikvm(26158): WAIT_FOR_CONCURRENT_GC blocked 88ms
06-20 11:43:53.617: D/dalvikvm(26158): GC_CONCURRENT freed 1655K, 7% free 55360K/58952K, paused 4ms+9ms, total 69ms
06-20 11:43:53.617: D/dalvikvm(26158): WAIT_FOR_CONCURRENT_GC blocked 55ms
06-20 11:43:53.768: D/dalvikvm(26158): GC_CONCURRENT freed 1655K, 7% free 55360K/58952K, paused 4ms+10ms, total 74ms
06-20 11:43:53.768: D/dalvikvm(26158): WAIT_FOR_CONCURRENT_GC blocked 65ms
06-20 11:43:53.888: E/QCALOG(465): [MessageQ] ProcessNewMessage: [XTWiFi-PE] unknown deliver target [OS-Agent]
06-20 11:43:53.898: E/QCALOG(465): [MessageQ] ProcessNewMessage: [XTWWAN-PE] unknown deliver target [OS-Agent]
06-20 11:43:53.928: D/dalvikvm(26158): GC_CONCURRENT freed 1655K, 7% free 55360K/58952K, paused 5ms+14ms, total 88ms
06-20 11:43:53.928: D/dalvikvm(26158): WAIT_FOR_CONCURRENT_GC blocked 77ms
06-20 11:43:54.088: D/dalvikvm(26158): GC_CONCURRENT freed 1655K, 7% free 55360K/58952K, paused 4ms+9ms, total 73ms
06-20 11:43:54.088: D/dalvikvm(26158): WAIT_FOR_CONCURRENT_GC blocked 64ms
06-20 11:43:54.268: D/dalvikvm(26158): GC_CONCURRENT freed 1655K, 7% free 55360K/58952K, paused 8ms+9ms, total 94ms
06-20 11:43:54.268: D/dalvikvm(26158): WAIT_FOR_CONCURRENT_GC blocked 80ms
06-20 11:43:54.448: D/dalvikvm(26158): GC_CONCURRENT freed 1655K, 7% free 55360K/58952K, paused 5ms+9ms, total 85ms
06-20 11:43:54.448: D/dalvikvm(26158): WAIT_FOR_CONCURRENT_GC blocked 74ms
06-20 11:43:54.598: D/dalvikvm(26158): GC_CONCURRENT freed 1655K, 7% free 55360K/58952K, paused 5ms+10ms, total 72ms
06-20 11:43:54.598: D/dalvikvm(26158): WAIT_FOR_CONCURRENT_GC blocked 49ms
06-20 11:43:54.809: D/dalvikvm(26158): GC_CONCURRENT freed 1655K, 7% free 55360K/58952K, paused 9ms+10ms, total 107ms
06-20 11:43:54.809: D/dalvikvm(26158): WAIT_FOR_CONCURRENT_GC blocked 92ms
06-20 11:43:54.889: E/QCALOG(465): [MessageQ] ProcessNewMessage: [XT-CS] unknown deliver target [OS-Agent]
06-20 11:43:54.979: D/dalvikvm(26158): GC_CONCURRENT freed 1655K, 7% free 55360K/58952K, paused 8ms+9ms, total 83ms
06-20 11:43:54.979: D/dalvikvm(26158): WAIT_FOR_CONCURRENT_GC blocked 69ms
06-20 11:43:55.079: D/StatusBar.NetworkController(1287): refreshViews: Data not connected!! Set no data type icon / Roaming
06-20 11:43:55.149: D/dalvikvm(26158): GC_CONCURRENT freed 1655K, 7% free 55360K/58952K, paused 5ms+11ms, total 87ms
06-20 11:43:55.149: D/dalvikvm(26158): WAIT_FOR_CONCURRENT_GC blocked 76ms
06-20 11:43:55.319: D/dalvikvm(26158): GC_CONCURRENT freed 1655K, 7% free 55360K/58952K, paused 8ms+9ms, total 95ms
06-20 11:43:55.319: D/dalvikvm(26158): WAIT_FOR_CONCURRENT_GC blocked 80ms
06-20 11:43:55.479: D/dalvikvm(26158): GC_CONCURRENT freed 1655K, 7% free 55360K/58952K, paused 5ms+9ms, total 81ms
06-20 11:43:55.479: D/dalvikvm(26158): WAIT_FOR_CONCURRENT_GC blocked 71ms
06-20 11:43:55.659: D/dalvikvm(26158): GC_CONCURRENT freed 1655K, 7% free 55360K/58952K, paused 4ms+9ms, total 85ms
06-20 11:43:55.659: D/dalvikvm(26158): WAIT_FOR_CONCURRENT_GC blocked 75ms
06-20 11:43:55.830: D/dalvikvm(26158): GC_CONCURRENT freed 1655K, 7% free 55360K/58952K, paused 6ms+11ms, total 81ms
06-20 11:43:55.830: D/dalvikvm(26158): WAIT_FOR_CONCURRENT_GC blocked 69ms
06-20 11:43:55.990: D/dalvikvm(26158): GC_CONCURRENT freed 1655K, 7% free 55360K/58952K, paused 5ms+9ms, total 80ms
06-20 11:43:55.990: D/dalvikvm(26158): WAIT_FOR_CONCURRENT_GC blocked 68ms
06-20 11:43:56.080: D/StatusBar.NetworkController(1287): refreshViews: Data not connected!! Set no data type icon / Roaming
06-20 11:43:56.160: D/dalvikvm(26158): GC_CONCURRENT freed 1655K, 7% free 55360K/58952K, paused 4ms+11ms, total 86ms
06-20 11:43:56.160: D/dalvikvm(26158): WAIT_FOR_CONCURRENT_GC blocked 69ms
06-20 11:43:56.320: D/dalvikvm(26158): GC_CONCURRENT freed 1655K, 7% free 55360K/58952K, paused 5ms+11ms, total 80ms
06-20 11:43:56.320: D/dalvikvm(26158): WAIT_FOR_CONCURRENT_GC blocked 63ms
06-20 11:43:56.490: D/dalvikvm(26158): GC_CONCURRENT freed 1655K, 7% free 55360K/58952K, paused 5ms+11ms, total 85ms
06-20 11:43:56.490: D/dalvikvm(26158): WAIT_FOR_CONCURRENT_GC blocked 74ms
06-20 11:43:56.660: D/dalvikvm(26158): GC_CONCURRENT freed 1655K, 7% free 55360K/58952K, paused 5ms+9ms, total 87ms
06-20 11:43:56.660: D/dalvikvm(26158): WAIT_FOR_CONCURRENT_GC blocked 76ms
06-20 11:43:56.831: D/dalvikvm(26158): GC_CONCURRENT freed 1655K, 7% free 55360K/58952K, paused 5ms+9ms, total 83ms
06-20 11:43:56.831: D/dalvikvm(26158): WAIT_FOR_CONCURRENT_GC blocked 70ms
06-20 11:43:57.001: D/dalvikvm(26158): GC_CONCURRENT freed 1655K, 7% free 55360K/58952K, paused 5ms+11ms, total 88ms
06-20 11:43:57.001: D/dalvikvm(26158): WAIT_FOR_CONCURRENT_GC blocked 76ms
06-20 11:43:57.021: D/dalvikvm(4431): GC_FOR_ALLOC freed 2549K, 9% free 61230K/66748K, paused 50ms, total 51ms
06-20 11:43:57.161: D/dalvikvm(26158): GC_CONCURRENT freed 1655K, 7% free 55360K/58952K, paused 4ms+10ms, total 77ms
06-20 11:43:57.161: D/dalvikvm(26158): WAIT_FOR_CONCURRENT_GC blocked 67ms
06-20 11:43:57.321: D/dalvikvm(26158): GC_CONCURRENT freed 1655K, 7% free 55360K/58952K, paused 6ms+9ms, total 88ms
06-20 11:43:57.321: D/dalvikvm(26158): WAIT_FOR_CONCURRENT_GC blocked 76ms
06-20 11:43:57.501: D/dalvikvm(26158): GC_CONCURRENT freed 1655K, 7% free 55360K/58952K, paused 9ms+9ms, total 98ms
06-20 11:43:57.501: D/dalvikvm(26158): WAIT_FOR_CONCURRENT_GC blocked 83ms
06-20 11:43:57.691: D/dalvikvm(26158): GC_CONCURRENT freed 1655K, 7% free 55360K/58952K, paused 5ms+9ms, total 80ms
06-20 11:43:57.691: D/dalvikvm(26158): WAIT_FOR_CONCURRENT_GC blocked 69ms
06-20 11:43:57.862: D/dalvikvm(26158): GC_CONCURRENT freed 1655K, 7% free 55360K/58952K, paused 5ms+9ms, total 79ms
06-20 11:43:57.862: D/dalvikvm(26158): WAIT_FOR_CONCURRENT_GC blocked 69ms
06-20 11:43:58.012: D/dalvikvm(26158): GC_CONCURRENT freed 1655K, 7% free 55360K/58952K, paused 3ms+9ms, total 79ms
06-20 11:43:58.012: D/dalvikvm(26158): WAIT_FOR_CONCURRENT_GC blocked 70ms
06-20 11:43:58.182: D/dalvikvm(26158): GC_CONCURRENT freed 1655K, 7% free 55360K/58952K, paused 5ms+10ms, total 83ms
06-20 11:43:58.182: D/dalvikvm(26158): WAIT_FOR_CONCURRENT_GC blocked 72ms
06-20 11:43:58.352: D/dalvikvm(26158): GC_CONCURRENT freed 1655K, 7% free 55360K/58952K, paused 6ms+9ms, total 88ms
06-20 11:43:58.352: D/dalvikvm(26158): WAIT_FOR_CONCURRENT_GC blocked 70ms
06-20 11:43:58.392: D/dalvikvm(32242): GC_CONCURRENT freed 385K, 15% free 50598K/58952K, paused 5ms+3ms, total 75ms
06-20 11:43:58.552: D/dalvikvm(26158): GC_CONCURRENT freed 1655K, 7% free 55360K/58952K, paused 8ms+9ms, total 92ms
06-20 11:43:58.552: D/dalvikvm(26158): WAIT_FOR_CONCURRENT_GC blocked 76ms
06-20 11:43:58.722: D/dalvikvm(26158): GC_CONCURRENT freed 1655K, 7% free 55360K/58952K, paused 4ms+10ms, total 85ms
06-20 11:43:58.722: D/dalvikvm(26158): WAIT_FOR_CONCURRENT_GC blocked 75ms
06-20 11:43:58.873: D/dalvikvm(26158): GC_CONCURRENT freed 1655K, 7% free 55360K/58952K, paused 4ms+11ms, total 73ms
06-20 11:43:58.873: D/dalvikvm(26158): WAIT_FOR_CONCURRENT_GC blocked 59ms
06-20 11:43:58.893: E/QCALOG(465): [MessageQ] ProcessNewMessage: [XTWiFi-PE] unknown deliver target [OS-Agent]
06-20 11:43:58.903: E/QCALOG(465): [MessageQ] ProcessNewMessage: [XTWWAN-PE] unknown deliver target [OS-Agent]
06-20 11:43:59.023: D/dalvikvm(26158): GC_CONCURRENT freed 1655K, 7% free 55360K/58952K, paused 4ms+9ms, total 70ms
06-20 11:43:59.023: D/dalvikvm(26158): WAIT_FOR_CONCURRENT_GC blocked 60ms
06-20 11:43:59.203: D/dalvikvm(26158): GC_CONCURRENT freed 1655K, 7% free 55360K/58952K, paused 5ms+10ms, total 85ms
06-20 11:43:59.203: D/dalvikvm(26158): WAIT_FOR_CONCURRENT_GC blocked 74ms
06-20 11:43:59.343: D/dalvikvm(26158): GC_CONCURRENT freed 1655K, 7% free 55360K/58952K, paused 5ms+10ms, total 71ms
06-20 11:43:59.343: D/dalvikvm(26158): WAIT_FOR_CONCURRENT_GC blocked 46ms
06-20 11:43:59.513: D/dalvikvm(26158): GC_CONCURRENT freed 1655K, 7% free 55360K/58952K, paused 4ms+9ms, total 78ms
06-20 11:43:59.513: D/dalvikvm(26158): WAIT_FOR_CONCURRENT_GC blocked 64ms
06-20 11:43:59.703: D/dalvikvm(26158): GC_CONCURRENT freed 1655K, 7% free 55360K/58952K, paused 10ms+10ms, total 107ms
06-20 11:43:59.703: D/dalvikvm(26158): WAIT_FOR_CONCURRENT_GC blocked 89ms
06-20 11:43:59.874: D/dalvikvm(26158): GC_CONCURRENT freed 1655K, 7% free 55361K/58952K, paused 10ms+9ms, total 85ms
06-20 11:43:59.874: D/dalvikvm(26158): WAIT_FOR_CONCURRENT_GC blocked 60ms
06-20 11:43:59.894: E/QCALOG(465): [MessageQ] ProcessNewMessage: [XT-CS] unknown deliver target [OS-Agent]
06-20 11:44:00.034: D/dalvikvm(26158): GC_CONCURRENT freed 1655K, 7% free 55360K/58952K, paused 4ms+12ms, total 84ms
06-20 11:44:00.034: D/dalvikvm(26158): WAIT_FOR_CONCURRENT_GC blocked 73ms
06-20 11:44:00.094: D/StatusBar.NetworkController(1287): refreshViews: Data not connected!! Set no data type icon / Roaming
06-20 11:44:00.204: D/dalvikvm(26158): GC_CONCURRENT freed 1655K, 7% free 55361K/58952K, paused 5ms+10ms, total 81ms
06-20 11:44:00.204: D/dalvikvm(26158): WAIT_FOR_CONCURRENT_GC blocked 65ms
06-20 11:44:00.354: D/dalvikvm(26158): GC_CONCURRENT freed 1655K, 7% free 55361K/58952K, paused 4ms+9ms, total 68ms
06-20 11:44:00.354: D/dalvikvm(26158): WAIT_FOR_CONCURRENT_GC blocked 56ms
06-20 11:44:00.544: D/dalvikvm(26158): GC_CONCURRENT freed 1655K, 7% free 55360K/58952K, paused 4ms+11ms, total 89ms
06-20 11:44:00.544: D/dalvikvm(26158): WAIT_FOR_CONCURRENT_GC blocked 78ms
06-20 11:44:00.734: D/dalvikvm(26158): GC_CONCURRENT freed 1655K, 7% free 55360K/58952K, paused 4ms+11ms, total 79ms
06-20 11:44:00.734: D/dalvikvm(26158): WAIT_FOR_CONCURRENT_GC blocked 68ms
06-20 11:44:00.885: D/dalvikvm(26158): GC_CONCURRENT freed 1655K, 7% free 55360K/58952K, paused 5ms+10ms, total 74ms
06-20 11:44:00.885: D/dalvikvm(26158): WAIT_FOR_CONCURRENT_GC blocked 63ms
06-20 11:44:01.035: D/dalvikvm(26158): GC_CONCURRENT freed 1655K, 7% free 55360K/58952K, paused 4ms+9ms, total 73ms
06-20 11:44:01.035: D/dalvikvm(26158): WAIT_FOR_CONCURRENT_GC blocked 64ms
06-20 11:44:01.205: D/dalvikvm(26158): GC_CONCURRENT freed 1655K, 7% free 55360K/58952K, paused 3ms+14ms, total 91ms
06-20 11:44:01.205: D/dalvikvm(26158): WAIT_FOR_CONCURRENT_GC blocked 81ms
06-20 11:44:01.375: D/dalvikvm(26158): GC_CONCURRENT freed 1655K, 7% free 55360K/58952K, paused 5ms+10ms, total 85ms
06-20 11:44:01.375: D/dalvikvm(26158): WAIT_FOR_CONCURRENT_GC blocked 74ms
06-20 11:44:01.555: D/dalvikvm(26158): GC_CONCURRENT freed 1655K, 7% free 55360K/58952K, paused 11ms+21ms, total 102ms
06-20 11:44:01.555: D/dalvikvm(26158): WAIT_FOR_CONCURRENT_GC blocked 91ms
06-20 11:44:01.715: E/QCALOG(465): [MessageQ] ProcessNewMessage: [LOWI-SERVER] unknown deliver target [OS-Agent]
06-20 11:44:01.735: D/dalvikvm(26158): GC_CONCURRENT freed 1655K, 7% free 55360K/58952K, paused 9ms+9ms, total 94ms
06-20 11:44:01.735: D/dalvikvm(26158): WAIT_FOR_CONCURRENT_GC blocked 80ms
06-20 11:44:01.946: D/dalvikvm(26158): GC_CONCURRENT freed 1655K, 7% free 55361K/58952K, paused 4ms+25ms, total 112ms
06-20 11:44:01.946: D/dalvikvm(26158): WAIT_FOR_CONCURRENT_GC blocked 85ms
06-20 11:44:02.116: D/dalvikvm(26158): GC_CONCURRENT freed 1655K, 7% free 55360K/58952K, paused 6ms+10ms, total 86ms
06-20 11:44:02.116: D/dalvikvm(26158): WAIT_FOR_CONCURRENT_GC blocked 73ms
06-20 11:44:02.206: I/yahoo.push.service(3989): yahoo.log.im: im_80325_im Received '200' from server
06-20 11:44:02.206: I/yahoo.push.service(3989): yahoo.log.im: im_80325_im Reg close. Timeout++: 2340s
06-20 11:44:02.206: I/yahoo.push.service(3989): yahoo.log.im: im_80325_im Connection count: 73
06-20 11:44:02.216: I/yahoo.push.service(3989): yahoo.log.im: im_80325_im Start HTTP Push. Idle timeout: 2340 Sequence: 1462
06-20 11:44:02.216: V/yahoo.push.service(3989): yahoo.log.im: Registered alarm timer(Action: com.yahoo.android.push.Connection_Watchdoghakim.haustonim) to go off in: 2370s
06-20 11:44:02.266: D/dalvikvm(26158): GC_CONCURRENT freed 1655K, 7% free 55361K/58952K, paused 4ms+9ms, total 74ms
06-20 11:44:02.266: D/dalvikvm(26158): WAIT_FOR_CONCURRENT_GC blocked 59ms
06-20 11:44:02.436: D/dalvikvm(26158): GC_CONCURRENT freed 1655K, 7% free 55360K/58952K, paused 9ms+9ms, total 90ms
06-20 11:44:02.436: D/dalvikvm(26158): WAIT_FOR_CONCURRENT_GC blocked 75ms
06-20 11:44:02.596: D/dalvikvm(26158): GC_CONCURRENT freed 1655K, 7% free 55360K/58952K, paused 4ms+9ms, total 75ms
06-20 11:44:02.596: D/dalvikvm(26158): WAIT_FOR_CONCURRENT_GC blocked 65ms
06-20 11:44:02.756: D/dalvikvm(26158): GC_CONCURRENT freed 1655K, 7% free 55361K/58952K, paused 5ms+9ms, total 86ms
06-20 11:44:02.756: D/dalvikvm(26158): WAIT_FOR_CONCURRENT_GC blocked 71ms
06-20 11:44:02.907: D/dalvikvm(26158): GC_CONCURRENT freed 1655K, 7% free 55360K/58952K, paused 4ms+10ms, total 72ms
06-20 11:44:02.907: D/dalvikvm(26158): WAIT_FOR_CONCURRENT_GC blocked 62ms
06-20 11:44:03.057: D/dalvikvm(26158): GC_CONCURRENT freed 1655K, 7% free 55360K/58952K, paused 3ms+9ms, total 72ms
06-20 11:44:03.057: D/dalvikvm(26158): WAIT_FOR_CONCURRENT_GC blocked 63ms
06-20 11:44:03.087: D/StatusBar.NetworkController(1287): refreshViews: Data not connected!! Set no data type icon / Roaming
06-20 11:44:03.237: D/dalvikvm(26158): GC_CONCURRENT freed 1655K, 7% free 55360K/58952K, paused 4ms+14ms, total 81ms
06-20 11:44:03.237: D/dalvikvm(26158): WAIT_FOR_CONCURRENT_GC blocked 71ms
06-20 11:44:03.397: D/dalvikvm(26158): GC_CONCURRENT freed 1655K, 7% free 55360K/58952K, paused 6ms+11ms, total 84ms
06-20 11:44:03.397: D/dalvikvm(26158): WAIT_FOR_CONCURRENT_GC blocked 73ms
06-20 11:44:03.547: D/dalvikvm(26158): GC_CONCURRENT freed 1655K, 7% free 55360K/58952K, paused 4ms+9ms, total 79ms
06-20 11:44:03.547: D/dalvikvm(26158): WAIT_FOR_CONCURRENT_GC blocked 69ms
06-20 11:44:03.707: D/dalvikvm(26158): GC_CONCURRENT freed 1655K, 7% free 55360K/58952K, paused 6ms+9ms, total 79ms
06-20 11:44:03.707: D/dalvikvm(26158): WAIT_FOR_CONCURRENT_GC blocked 67ms
06-20 11:44:03.867: D/dalvikvm(26158): GC_CONCURRENT freed 1655K, 7% free 55361K/58952K, paused 5ms+9ms, total 80ms
06-20 11:44:03.867: D/dalvikvm(26158): WAIT_FOR_CONCURRENT_GC blocked 64ms
06-20 11:44:03.888: E/QCALOG(465): [MessageQ] ProcessNewMessage: [XTWiFi-PE] unknown deliver target [OS-Agent]
06-20 11:44:03.898: E/QCALOG(465): [MessageQ] ProcessNewMessage: [XTWWAN-PE] unknown deliver target [OS-Agent]
06-20 11:44:04.018: D/dalvikvm(26158): GC_CONCURRENT freed 1655K, 7% free 55360K/58952K, paused 4ms+9ms, total 76ms
06-20 11:44:04.018: D/dalvikvm(26158): WAIT_FOR_CONCURRENT_GC blocked 65ms
06-20 11:44:04.178: D/dalvikvm(26158): GC_CONCURRENT freed 1655K, 7% free 55360K/58952K, paused 6ms+10ms, total 80ms
06-20 11:44:04.178: D/dalvikvm(26158): WAIT_FOR_CONCURRENT_GC blocked 70ms
06-20 11:44:04.338: D/dalvikvm(26158): GC_CONCURRENT freed 1655K, 7% free 55361K/58952K, paused 5ms+9ms, total 80ms
06-20 11:44:04.338: D/dalvikvm(26158): WAIT_FOR_CONCURRENT_GC blocked 63ms
06-20 11:44:04.488: D/dalvikvm(26158): GC_CONCURRENT freed 1655K, 7% free 55360K/58952K, paused 3ms+9ms, total 70ms
06-20 11:44:04.488: D/dalvikvm(26158): WAIT_FOR_CONCURRENT_GC blocked 61ms
06-20 11:44:04.638: D/dalvikvm(26158): GC_CONCURRENT freed 1655K, 7% free 55361K/58952K, paused 4ms+10ms, total 73ms
06-20 11:44:04.638: D/dalvikvm(26158): WAIT_FOR_CONCURRENT_GC blocked 51ms
06-20 11:44:04.818: D/dalvikvm(26158): GC_CONCURRENT freed 1655K, 7% free 55360K/58952K, paused 7ms+14ms, total 102ms
06-20 11:44:04.818: D/dalvikvm(26158): WAIT_FOR_CONCURRENT_GC blocked 89ms
06-20 11:44:04.888: E/QCALOG(465): [MessageQ] ProcessNewMessage: [XT-CS] unknown deliver target [OS-Agent]
06-20 11:44:04.979: D/dalvikvm(26158): GC_CONCURRENT freed 1655K, 7% free 55360K/58952K, paused 4ms+11ms, total 78ms
06-20 11:44:04.979: D/dalvikvm(26158): WAIT_FOR_CONCURRENT_GC blocked 69ms
06-20 11:44:05.089: D/StatusBar.NetworkController(1287): refreshViews: Data not connected!! Set no data type icon / Roaming
06-20 11:44:05.139: D/dalvikvm(26158): GC_CONCURRENT freed 1655K, 7% free 55360K/58952K, paused 4ms+9ms, total 79ms
06-20 11:44:05.139: D/dalvikvm(26158): WAIT_FOR_CONCURRENT_GC blocked 69ms
06-20 11:44:05.309: D/dalvikvm(26158): GC_CONCURRENT freed 1655K, 7% free 55360K/58952K, paused 5ms+11ms, total 90ms
06-20 11:44:05.309: D/dalvikvm(26158): WAIT_FOR_CONCURRENT_GC blocked 78ms
06-20 11:44:05.459: D/dalvikvm(26158): GC_CONCURRENT freed 1655K, 7% free 55360K/58952K, paused 4ms+9ms, total 72ms
06-20 11:44:05.459: D/dalvikvm(26158): WAIT_FOR_CONCURRENT_GC blocked 62ms
06-20 11:44:05.629: D/dalvikvm(26158): GC_CONCURRENT freed 1655K, 7% free 55360K/58952K, paused 5ms+11ms, total 88ms
06-20 11:44:05.629: D/dalvikvm(26158): WAIT_FOR_CONCURRENT_GC blocked 73ms
06-20 11:44:05.789: D/dalvikvm(26158): GC_CONCURRENT freed 1655K, 7% free 55360K/58952K, paused 4ms+10ms, total 75ms
06-20 11:44:05.789: D/dalvikvm(26158): WAIT_FOR_CONCURRENT_GC blocked 65ms
06-20 11:44:05.960: D/dalvikvm(26158): GC_CONCURRENT freed 1655K, 7% free 55360K/58952K, paused 10ms+11ms, total 93ms
06-20 11:44:05.960: D/dalvikvm(26158): WAIT_FOR_CONCURRENT_GC blocked 77ms
06-20 11:44:06.090: D/dalvikvm(4431): GC_FOR_ALLOC freed 2650K, 9% free 61232K/66748K, paused 51ms, total 53ms
06-20 11:44:06.120: D/dalvikvm(26158): GC_CONCURRENT freed 1655K, 7% free 55361K/58952K, paused 5ms+10ms, total 82ms
06-20 11:44:06.120: D/dalvikvm(26158): WAIT_FOR_CONCURRENT_GC blocked 64ms
06-20 11:44:06.270: D/dalvikvm(26158): GC_CONCURRENT freed 1655K, 7% free 55360K/58952K, paused 4ms+9ms, total 73ms
06-20 11:44:06.270: D/dalvikvm(26158): WAIT_FOR_CONCURRENT_GC blocked 62ms
06-20 11:44:06.440: D/dalvikvm(26158): GC_CONCURRENT freed 1655K, 7% free 55360K/58952K, paused 5ms+10ms, total 85ms
06-20 11:44:06.440: D/dalvikvm(26158): WAIT_FOR_CONCURRENT_GC blocked 74ms
06-20 11:44:06.620: D/dalvikvm(26158): GC_CONCURRENT freed 1655K, 7% free 55360K/58952K, paused 5ms+13ms, total 95ms
06-20 11:44:06.620: D/dalvikvm(26158): WAIT_FOR_CONCURRENT_GC blocked 84ms
06-20 11:44:06.790: D/dalvikvm(26158): GC_CONCURRENT freed 1655K, 7% free 55360K/58952K, paused 9ms+10ms, total 91ms
06-20 11:44:06.790: D/dalvikvm(26158): WAIT_FOR_CONCURRENT_GC blocked 76ms
06-20 11:44:06.961: D/dalvikvm(26158): GC_CONCURRENT freed 1655K, 7% free 55361K/58952K, paused 4ms+10ms, total 81ms
06-20 11:44:06.961: D/dalvikvm(26158): WAIT_FOR_CONCURRENT_GC blocked 65ms
06-20 11:44:07.101: D/StatusBar.NetworkController(1287): refreshViews: Data not connected!! Set no data type icon / Roaming
06-20 11:44:07.161: D/dalvikvm(26158): GC_CONCURRENT freed 1655K, 7% free 55361K/58952K, paused 5ms+9ms, total 86ms
06-20 11:44:07.161: D/dalvikvm(26158): WAIT_FOR_CONCURRENT_GC blocked 73ms
06-20 11:44:07.321: D/dalvikvm(26158): GC_CONCURRENT freed 1655K, 7% free 55361K/58952K, paused 6ms+10ms, total 81ms
06-20 11:44:07.321: D/dalvikvm(26158): WAIT_FOR_CONCURRENT_GC blocked 63ms
06-20 11:44:07.461: D/dalvikvm(26158): GC_CONCURRENT freed 1655K, 7% free 55360K/58952K, paused 3ms+9ms, total 69ms
06-20 11:44:07.461: D/dalvikvm(26158): WAIT_FOR_CONCURRENT_GC blocked 59ms
06-20 11:44:07.611: D/dalvikvm(26158): GC_CONCURRENT freed 1655K, 7% free 55360K/58952K, paused 4ms+10ms, total 74ms
06-20 11:44:07.611: D/dalvikvm(26158): WAIT_FOR_CONCURRENT_GC blocked 64ms
06-20 11:44:07.791: D/dalvikvm(26158): GC_CONCURRENT freed 1655K, 7% free 55360K/58952K, paused 5ms+9ms, total 86ms
06-20 11:44:07.791: D/dalvikvm(26158): WAIT_FOR_CONCURRENT_GC blocked 75ms
06-20 11:44:07.951: D/dalvikvm(26158): GC_CONCURRENT freed 1655K, 7% free 55360K/58952K, paused 6ms+9ms, total 81ms
06-20 11:44:07.951: D/dalvikvm(26158): WAIT_FOR_CONCURRENT_GC blocked 70ms
06-20 11:44:08.102: D/StatusBar.NetworkController(1287): refreshViews: Data not connected!! Set no data type icon / Roaming
06-20 11:44:08.132: D/dalvikvm(26158): GC_CONCURRENT freed 1655K, 7% free 55360K/58952K, paused 5ms+10ms, total 85ms
06-20 11:44:08.132: D/dalvikvm(26158): WAIT_FOR_CONCURRENT_GC blocked 74ms
06-20 11:44:08.292: D/dalvikvm(26158): GC_CONCURRENT freed 1655K, 7% free 55360K/58952K, paused 9ms+9ms, total 92ms
06-20 11:44:08.292: D/dalvikvm(26158): WAIT_FOR_CONCURRENT_GC blocked 77ms
06-20 11:44:08.472: D/dalvikvm(26158): GC_CONCURRENT freed 1655K, 7% free 55360K/58952K, paused 4ms+12ms, total 86ms
06-20 11:44:08.472: D/dalvikvm(26158): WAIT_FOR_CONCURRENT_GC blocked 76ms
06-20 11:44:08.642: D/dalvikvm(26158): GC_CONCURRENT freed 1655K, 7% free 55360K/58952K, paused 11ms+10ms, total 87ms
06-20 11:44:08.642: D/dalvikvm(26158): WAIT_FOR_CONCURRENT_GC blocked 65ms
06-20 11:44:08.802: D/dalvikvm(26158): GC_CONCURRENT freed 1655K, 7% free 55360K/58952K, paused 4ms+13ms, total 80ms
06-20 11:44:08.802: D/dalvikvm(26158): WAIT_FOR_CONCURRENT_GC blocked 70ms
06-20 11:44:08.892: E/QCALOG(465): [MessageQ] ProcessNewMessage: [XTWiFi-PE] unknown deliver target [OS-Agent]
06-20 11:44:08.902: E/QCALOG(465): [MessageQ] ProcessNewMessage: [XTWWAN-PE] unknown deliver target [OS-Agent]
06-20 11:44:08.952: D/dalvikvm(26158): GC_CONCURRENT freed 1655K, 7% free 55361K/58952K, paused 5ms+10ms, total 71ms
06-20 11:44:08.952: D/dalvikvm(26158): WAIT_FOR_CONCURRENT_GC blocked 55ms
06-20 11:44:09.103: D/StatusBar.NetworkController(1287): refreshViews: Data not connected!! Set no data type icon / Roaming
06-20 11:44:09.133: D/dalvikvm(26158): GC_CONCURRENT freed 1655K, 7% free 55360K/58952K, paused 4ms+9ms, total 84ms
06-20 11:44:09.133: D/dalvikvm(26158): WAIT_FOR_CONCURRENT_GC blocked 73ms
06-20 11:44:09.283: D/dalvikvm(26158): GC_CONCURRENT freed 1655K, 7% free 55361K/58952K, paused 4ms+9ms, total 71ms
06-20 11:44:09.283: D/dalvikvm(26158): WAIT_FOR_CONCURRENT_GC blocked 39ms
06-20 11:44:09.493: D/dalvikvm(26158): GC_CONCURRENT freed 1655K, 7% free 55360K/58952K, paused 9ms+9ms, total 99ms
06-20 11:44:09.493: D/dalvikvm(26158): WAIT_FOR_CONCURRENT_GC blocked 84ms
06-20 11:44:09.623: D/dalvikvm(32242): GC_CONCURRENT freed 394K, 15% free 50608K/58952K, paused 15ms+3ms, total 35ms
06-20 11:44:09.663: D/dalvikvm(26158): GC_CONCURRENT freed 1655K, 7% free 55360K/58952K, paused 5ms+9ms, total 77ms
06-20 11:44:09.663: D/dalvikvm(26158): WAIT_FOR_CONCURRENT_GC blocked 66ms
06-20 11:44:09.843: D/dalvikvm(26158): GC_CONCURRENT freed 1655K, 7% free 55360K/58952K, paused 9ms+9ms, total 107ms
06-20 11:44:09.843: D/dalvikvm(26158): WAIT_FOR_CONCURRENT_GC blocked 92ms
06-20 11:44:09.893: E/QCALOG(465): [MessageQ] ProcessNewMessage: [XT-CS] unknown deliver target [OS-Agent]
06-20 11:44:10.034: D/dalvikvm(26158): GC_CONCURRENT freed 1655K, 7% free 55360K/58952K, paused 7ms+9ms, total 90ms
06-20 11:44:10.034: D/dalvikvm(26158): WAIT_FOR_CONCURRENT_GC blocked 78ms
06-20 11:44:10.074: I/ReportManager(4431): start to report size=0
06-20 11:44:10.104: D/StatusBar.NetworkController(1287): refreshViews: Data not connected!! Set no data type icon / Roaming
06-20 11:44:10.204: D/dalvikvm(26158): GC_CONCURRENT freed 1655K, 7% free 55360K/58952K, paused 4ms+9ms, total 72ms
06-20 11:44:10.204: D/dalvikvm(26158): WAIT_FOR_CONCURRENT_GC blocked 62ms
06-20 11:44:10.354: D/dalvikvm(26158): GC_CONCURRENT freed 1655K, 7% free 55361K/58952K, paused 4ms+9ms, total 72ms
06-20 11:44:10.354: D/dalvikvm(26158): WAIT_FOR_CONCURRENT_GC blocked 47ms
06-20 11:44:10.544: D/dalvikvm(26158): GC_CONCURRENT freed 1655K, 7% free 55361K/58952K, paused 5ms+9ms, total 101ms
06-20 11:44:10.544: D/dalvikvm(26158): WAIT_FOR_CONCURRENT_GC blocked 84ms
06-20 11:44:10.714: D/dalvikvm(26158): GC_CONCURRENT freed 1655K, 7% free 55360K/58952K, paused 7ms+10ms, total 85ms
06-20 11:44:10.714: D/dalvikvm(26158): WAIT_FOR_CONCURRENT_GC blocked 72ms
06-20 11:44:10.864: D/dalvikvm(26158): GC_CONCURRENT freed 1655K, 7% free 55361K/58952K, paused 4ms+9ms, total 71ms
06-20 11:44:10.864: D/dalvikvm(26158): WAIT_FOR_CONCURRENT_GC blocked 44ms
06-20 11:44:11.055: D/dalvikvm(26158): GC_CONCURRENT freed 1655K, 7% free 55360K/58952K, paused 9ms+9ms, total 101ms
06-20 11:44:11.055: D/dalvikvm(26158): WAIT_FOR_CONCURRENT_GC blocked 86ms
06-20 11:44:11.245: D/dalvikvm(26158): GC_CONCURRENT freed 1655K, 7% free 55360K/58952K, paused 8ms+10ms, total 96ms
06-20 11:44:11.245: D/dalvikvm(26158): WAIT_FOR_CONCURRENT_GC blocked 76ms
06-20 11:44:11.415: D/dalvikvm(26158): GC_CONCURRENT freed 1655K, 7% free 55360K/58952K, paused 8ms+9ms, total 89ms
06-20 11:44:11.415: D/dalvikvm(26158): WAIT_FOR_CONCURRENT_GC blocked 75ms
06-20 11:44:11.575: D/dalvikvm(26158): GC_CONCURRENT freed 1655K, 7% free 55360K/58952K, paused 6ms+9ms, total 81ms
06-20 11:44:11.575: D/dalvikvm(26158): WAIT_FOR_CONCURRENT_GC blocked 70ms
06-20 11:44:11.745: D/dalvikvm(26158): GC_CONCURRENT freed 1655K, 7% free 55360K/58952K, paused 5ms+9ms, total 81ms
06-20 11:44:11.745: D/dalvikvm(26158): WAIT_FOR_CONCURRENT_GC blocked 70ms
06-20 11:44:11.905: D/dalvikvm(26158): GC_CONCURRENT freed 1655K, 7% free 55360K/58952K, paused 3ms+9ms, total 80ms
06-20 11:44:11.905: D/dalvikvm(26158): WAIT_FOR_CONCURRENT_GC blocked 71ms
06-20 11:44:12.055: D/dalvikvm(26158): GC_CONCURRENT freed 1655K, 7% free 55361K/58952K, paused 5ms+9ms, total 70ms
06-20 11:44:12.055: D/dalvikvm(26158): WAIT_FOR_CONCURRENT_GC blocked 44ms
06-20 11:44:12.266: D/dalvikvm(26158): GC_CONCURRENT freed 1655K, 7% free 55360K/58952K, paused 9ms+9ms, total 95ms
06-20 11:44:12.266: D/dalvikvm(26158): WAIT_FOR_CONCURRENT_GC blocked 80ms
06-20 11:44:12.436: D/dalvikvm(26158): GC_CONCURRENT freed 1655K, 7% free 55360K/58952K, paused 5ms+9ms, total 83ms
06-20 11:44:12.436: D/dalvikvm(26158): WAIT_FOR_CONCURRENT_GC blocked 72ms
06-20 11:44:12.596: D/dalvikvm(26158): GC_CONCURRENT freed 1655K, 7% free 55361K/58952K, paused 4ms+9ms, total 70ms
06-20 11:44:12.596: D/dalvikvm(26158): WAIT_FOR_CONCURRENT_GC blocked 54ms
06-20 11:44:12.746: D/dalvikvm(26158): GC_CONCURRENT freed 1655K, 7% free 55360K/58952K, paused 3ms+9ms, total 69ms
06-20 11:44:12.746: D/dalvikvm(26158): WAIT_FOR_CONCURRENT_GC blocked 58ms
06-20 11:44:12.896: D/dalvikvm(26158): GC_CONCURRENT freed 1655K, 7% free 55360K/58952K, paused 4ms+10ms, total 75ms
06-20 11:44:12.896: D/dalvikvm(26158): WAIT_FOR_CONCURRENT_GC blocked 58ms
06-20 11:44:13.046: D/dalvikvm(26158): GC_CONCURRENT freed 1655K, 7% free 55360K/58952K, paused 4ms+9ms, total 74ms
06-20 11:44:13.046: D/dalvikvm(26158): WAIT_FOR_CONCURRENT_GC blocked 64ms
06-20 11:44:13.107: D/StatusBar.NetworkController(1287): refreshViews: Data not connected!! Set no data type icon / Roaming
06-20 11:44:13.197: D/dalvikvm(26158): GC_CONCURRENT freed 1655K, 7% free 55360K/58952K, paused 5ms+9ms, total 76ms
06-20 11:44:13.197: D/dalvikvm(26158): WAIT_FOR_CONCURRENT_GC blocked 65ms
06-20 11:44:13.387: D/dalvikvm(26158): GC_CONCURRENT freed 1655K, 7% free 55360K/58952K, paused 7ms+10ms, total 90ms
06-20 11:44:13.387: D/dalvikvm(26158): WAIT_FOR_CONCURRENT_GC blocked 77ms
06-20 11:44:13.557: D/dalvikvm(26158): GC_CONCURRENT freed 1655K, 7% free 55360K/58952K, paused 4ms+13ms, total 89ms
06-20 11:44:13.557: D/dalvikvm(26158): WAIT_FOR_CONCURRENT_GC blocked 79ms
06-20 11:44:13.737: D/dalvikvm(26158): GC_CONCURRENT freed 1655K, 7% free 55360K/58952K, paused 4ms+11ms, total 84ms
06-20 11:44:13.737: D/dalvikvm(26158): WAIT_FOR_CONCURRENT_GC blocked 69ms
06-20 11:44:13.897: E/QCALOG(465): [MessageQ] ProcessNewMessage: [XTWiFi-PE] unknown deliver target [OS-Agent]
06-20 11:44:13.897: E/QCALOG(465): [MessageQ] ProcessNewMessage: [XTWWAN-PE] unknown deliver target [OS-Agent]
06-20 11:44:13.897: D/dalvikvm(26158): GC_CONCURRENT freed 1655K, 7% free 55360K/58952K, paused 4ms+9ms, total 84ms
06-20 11:44:13.897: D/dalvikvm(26158): WAIT_FOR_CONCURRENT_GC blocked 74ms
06-20 11:44:14.057: D/dalvikvm(26158): GC_CONCURRENT freed 1655K, 7% free 55360K/58952K, paused 4ms+9ms, total 74ms
06-20 11:44:14.057: D/dalvikvm(26158): WAIT_FOR_CONCURRENT_GC blocked 64ms
06-20 11:44:14.107: D/StatusBar.NetworkController(1287): refreshViews: Data not connected!! Set no data type icon / Roaming
06-20 11:44:14.248: D/dalvikvm(26158): GC_CONCURRENT freed 1655K, 7% free 55360K/58952K, paused 5ms+11ms, total 92ms
06-20 11:44:14.248: D/dalvikvm(26158): WAIT_FOR_CONCURRENT_GC blocked 65ms
06-20 11:44:14.408: D/dalvikvm(26158): GC_CONCURRENT freed 1655K, 7% free 55361K/58952K, paused 5ms+10ms, total 79ms
06-20 11:44:14.408: D/dalvikvm(26158): WAIT_FOR_CONCURRENT_GC blocked 61ms
06-20 11:44:14.568: D/dalvikvm(26158): GC_CONCURRENT freed 1655K, 7% free 55360K/58952K, paused 4ms+10ms, total 76ms
06-20 11:44:14.568: D/dalvikvm(26158): WAIT_FOR_CONCURRENT_GC blocked 66ms
06-20 11:44:14.718: D/dalvikvm(26158): GC_CONCURRENT freed 1655K, 7% free 55360K/58952K, paused 4ms+9ms, total 81ms
06-20 11:44:14.718: D/dalvikvm(26158): WAIT_FOR_CONCURRENT_GC blocked 71ms
06-20 11:44:14.878: D/dalvikvm(26158): GC_CONCURRENT freed 1655K, 7% free 55360K/58952K, paused 4ms+10ms, total 86ms
06-20 11:44:14.878: D/dalvikvm(26158): WAIT_FOR_CONCURRENT_GC blocked 76ms
06-20 11:44:14.888: E/QCALOG(465): [MessageQ] ProcessNewMessage: [XT-CS] unknown deliver target [OS-Agent]
06-20 11:44:14.998: D/dalvikvm(4431): GC_FOR_ALLOC freed 2662K, 9% free 61233K/66748K, paused 45ms, total 45ms
06-20 11:44:15.048: D/dalvikvm(26158): GC_CONCURRENT freed 1655K, 7% free 55360K/58952K, paused 7ms+10ms, total 84ms
06-20 11:44:15.048: D/dalvikvm(26158): WAIT_FOR_CONCURRENT_GC blocked 72ms
06-20 11:44:15.209: D/dalvikvm(26158): GC_CONCURRENT freed 1655K, 7% free 55360K/58952K, paused 3ms+10ms, total 84ms
06-20 11:44:15.209: D/dalvikvm(26158): WAIT_FOR_CONCURRENT_GC blocked 75ms
06-20 11:44:15.379: D/dalvikvm(26158): GC_CONCURRENT freed 1655K, 7% free 55360K/58952K, paused 8ms+9ms, total 86ms
06-20 11:44:15.379: D/dalvikvm(26158): WAIT_FOR_CONCURRENT_GC blocked 71ms
06-20 11:44:15.529: D/dalvikvm(26158): GC_CONCURRENT freed 1655K, 7% free 55360K/58952K, paused 4ms+10ms, total 82ms
06-20 11:44:15.529: D/dalvikvm(26158): WAIT_FOR_CONCURRENT_GC blocked 72ms
06-20 11:44:15.699: D/dalvikvm(26158): GC_CONCURRENT freed 1655K, 7% free 55360K/58952K, paused 5ms+9ms, total 85ms
06-20 11:44:15.699: D/dalvikvm(26158): WAIT_FOR_CONCURRENT_GC blocked 74ms
06-20 11:44:15.869: D/dalvikvm(26158): GC_CONCURRENT freed 1655K, 7% free 55360K/58952K, paused 5ms+11ms, total 82ms
06-20 11:44:15.869: D/dalvikvm(26158): WAIT_FOR_CONCURRENT_GC blocked 71ms
06-20 11:44:15.909: I/ActivityManager(899): Start proc com.facebook.pages.app for service com.facebook.pages.app/com.facebook.ui.media.cache.MediaCacheCleanupService: pid=4936 uid=10231 gids={50231, 3003, 1028, 1015}
06-20 11:44:15.929: I/dalvikvm(4936): Enabling JNI app bug workarounds for target SDK version 10...
06-20 11:44:16.049: D/dalvikvm(26158): GC_CONCURRENT freed 1655K, 7% free 55360K/58952K, paused 4ms+12ms, total 79ms
06-20 11:44:16.049: D/dalvikvm(26158): WAIT_FOR_CONCURRENT_GC blocked 63ms
06-20 11:44:16.109: D/StatusBar.NetworkController(1287): refreshViews: Data not connected!! Set no data type icon / Roaming
06-20 11:44:16.169: D/ACRA(4936): ACRA is enabled for com.facebook.pages.app, intializing...
06-20 11:44:16.180: D/ACRA(4936): Looking for error files in /data/data/com.facebook.pages.app/app_acra-reports
06-20 11:44:16.180: D/ACRA(4936): Looking for error files in /data/data/com.facebook.pages.app/app_minidumps
06-20 11:44:16.190: D/dalvikvm(4936): Trying to load lib /data/app-lib/com.facebook.pages.app-2/libfb_stl_shared.so 0x447960d8
06-20 11:44:16.200: D/dalvikvm(4936): Added shared lib /data/app-lib/com.facebook.pages.app-2/libfb_stl_shared.so 0x447960d8
06-20 11:44:16.200: D/dalvikvm(4936): No JNI_OnLoad found in /data/app-lib/com.facebook.pages.app-2/libfb_stl_shared.so 0x447960d8, skipping init
06-20 11:44:16.200: D/dalvikvm(4936): Trying to load lib /data/app-lib/com.facebook.pages.app-2/libfb_breakpad_client.so 0x447960d8
06-20 11:44:16.200: D/dalvikvm(4936): Added shared lib /data/app-lib/com.facebook.pages.app-2/libfb_breakpad_client.so 0x447960d8
06-20 11:44:16.230: D/dalvikvm(26158): GC_CONCURRENT freed 1655K, 7% free 55360K/58952K, paused 3ms+10ms, total 90ms
06-20 11:44:16.230: D/dalvikvm(26158): WAIT_FOR_CONCURRENT_GC blocked 81ms
06-20 11:44:16.260: V/DexLibLoader(4936): Preparing secondary program dexes.
06-20 11:44:16.260: V/DexLibLoader(4936): Loaded 2 raw lines of metadata.
06-20 11:44:16.260: V/DexLibLoader(4936): Secondary program dex metadata: secondary-1.dex.jar 0f967e8998f59644137e37f2e45245a8edf2b313 secondary.dex01.Canary
06-20 11:44:16.260: V/DexLibLoader(4936): Secondary program dex metadata: secondary-2.dex.jar 9281b39d90fff2015861679d772cec976f5fb331 secondary.dex02.Canary
06-20 11:44:16.260: W/DexLibLoader(4936): Unexpected file in program dex directory: /data/data/com.facebook.pages.app/app_secondary_program_dex/temp_dex_lock
06-20 11:44:16.260: V/DexLibLoader(4936): Preparing to extract secondary-1.dex.jar to /data/data/com.facebook.pages.app/app_secondary_program_dex/program-0f967e8998f59644137e37f2e45245a8edf2b3136e4c2532.dex.jar
06-20 11:44:16.260: V/DexLibLoader(4936): Dex already copied
06-20 11:44:16.260: D/OdexVerifier(4936): Odex verification is skipped. OS version not supported.
06-20 11:44:16.260: V/DexLibLoader(4936): Creating class loader
06-20 11:44:16.280: V/DexLibLoader(4936): Finished creating class loader
06-20 11:44:16.280: V/DexLibLoader(4936): Preparing to extract secondary-2.dex.jar to /data/data/com.facebook.pages.app/app_secondary_program_dex/program-9281b39d90fff2015861679d772cec976f5fb3316e4c2532.dex.jar
06-20 11:44:16.280: V/DexLibLoader(4936): Dex already copied
06-20 11:44:16.280: D/OdexVerifier(4936): Odex verification is skipped. OS version not supported.
06-20 11:44:16.280: V/DexLibLoader(4936): Creating class loader
06-20 11:44:16.290: V/DexLibLoader(4936): Finished creating class loader
06-20 11:44:16.290: V/DexLibLoader(4936): Verifying classes from secondary dexes.
06-20 11:44:16.310: D/DexLibLoader(4936): DexLibLoader.ensureDexLoaded took 66 ms
06-20 11:44:16.350: I/ActivityManager(899): Process com.svox.pico (pid 3728) has died.
06-20 11:44:16.390: I/ActivityManager(899): Process com.android.voicedialer (pid 3681) has died.
06-20 11:44:16.400: E/rsC++(19258): RS Message thread exiting.
06-20 11:44:16.440: D/dalvikvm(26158): GC_CONCURRENT freed 1655K, 7% free 55361K/58952K, paused 4ms+20ms, total 123ms
06-20 11:44:16.440: D/dalvikvm(26158): WAIT_FOR_CONCURRENT_GC blocked 109ms
06-20 11:44:16.440: D/dalvikvm(26158): WAIT_FOR_CONCURRENT_GC blocked 72ms
06-20 11:44:16.580: D/dalvikvm(26158): GC_CONCURRENT freed 1655K, 7% free 55360K/58952K, paused 4ms+9ms, total 68ms
06-20 11:44:16.580: D/dalvikvm(26158): WAIT_FOR_CONCURRENT_GC blocked 58ms
06-20 11:44:16.750: D/dalvikvm(26158): GC_CONCURRENT freed 1655K, 7% free 55360K/58952K, paused 3ms+9ms, total 72ms
06-20 11:44:16.750: D/dalvikvm(26158): WAIT_FOR_CONCURRENT_GC blocked 66ms
06-20 11:44:16.890: D/dalvikvm(26158): GC_CONCURRENT freed 1655K, 7% free 55360K/58952K, paused 4ms+10ms, total 72ms
06-20 11:44:16.890: D/dalvikvm(26158): WAIT_FOR_CONCURRENT_GC blocked 53ms
06-20 11:44:17.050: D/dalvikvm(26158): GC_CONCURRENT freed 1655K, 7% free 55360K/58952K, paused 4ms+10ms, total 73ms
06-20 11:44:17.050: D/dalvikvm(26158): WAIT_FOR_CONCURRENT_GC blocked 62ms
06-20 11:44:17.120: D/StatusBar.NetworkController(1287): refreshViews: Data not connected!! Set no data type icon / Roaming
06-20 11:44:17.211: D/dalvikvm(26158): GC_CONCURRENT freed 1655K, 7% free 55361K/58952K, paused 5ms+9ms, total 78ms
06-20 11:44:17.211: D/dalvikvm(26158): WAIT_FOR_CONCURRENT_GC blocked 62ms
06-20 11:44:17.371: D/dalvikvm(26158): GC_CONCURRENT freed 1655K, 7% free 55361K/58952K, paused 4ms+10ms, total 73ms
06-20 11:44:17.371: D/dalvikvm(26158): WAIT_FOR_CONCURRENT_GC blocked 55ms
06-20 11:44:17.521: D/dalvikvm(26158): GC_CONCURRENT freed 1655K, 7% free 55360K/58952K, paused 4ms+10ms, total 70ms
06-20 11:44:17.521: D/dalvikvm(26158): WAIT_FOR_CONCURRENT_GC blocked 60ms
06-20 11:44:17.641: W/dalvikvm(4936): method Lcom/facebook/reflex/view/AbstractListView;.invalidate incorrectly overrides package-private method with same name in Landroid/view/View;
06-20 11:44:17.641: W/dalvikvm(4936): method Lcom/facebook/reflex/view/GalleryViewAutoReflex;.invalidate incorrectly overrides package-private method with same name in Landroid/view/View;
06-20 11:44:17.651: W/dalvikvm(4936): method Lcom/facebook/reflex/view/HorizontalScrollViewAutoReflex;.invalidate incorrectly overrides package-private method with same name in Landroid/view/View;
06-20 11:44:17.651: W/dalvikvm(4936): method Lcom/facebook/reflex/view/ImageViewAutoReflex;.invalidate incorrectly overrides package-private method with same name in Landroid/view/View;
06-20 11:44:17.651: W/dalvikvm(4936): method Lcom/facebook/reflex/view/ScrollViewAutoReflex;.invalidate incorrectly overrides package-private method with same name in Landroid/view/View;
06-20 11:44:17.661: W/dalvikvm(4936): method Lcom/facebook/reflex/view/ViewPagerAutoReflex;.invalidate incorrectly overrides package-private method with same name in Landroid/view/View;
06-20 11:44:17.671: D/dalvikvm(26158): GC_CONCURRENT freed 1655K, 7% free 55360K/58952K, paused 4ms+10ms, total 72ms
06-20 11:44:17.671: D/dalvikvm(26158): WAIT_FOR_CONCURRENT_GC blocked 62ms
06-20 11:44:17.821: D/dalvikvm(26158): GC_CONCURRENT freed 1655K, 7% free 55361K/58952K, paused 5ms+9ms, total 77ms
06-20 11:44:17.821: D/dalvikvm(26158): WAIT_FOR_CONCURRENT_GC blocked 58ms
06-20 11:44:17.971: D/dalvikvm(26158): GC_CONCURRENT freed 1655K, 7% free 55361K/58952K, paused 5ms+9ms, total 79ms
06-20 11:44:17.971: D/dalvikvm(26158): WAIT_FOR_CONCURRENT_GC blocked 61ms
06-20 11:44:18.121: D/StatusBar.NetworkController(1287): refreshViews: Data not connected!! Set no data type icon / Roaming
06-20 11:44:18.131: D/dalvikvm(26158): GC_CONCURRENT freed 1655K, 7% free 55361K/58952K, paused 4ms+9ms, total 81ms
06-20 11:44:18.131: D/dalvikvm(26158): WAIT_FOR_CONCURRENT_GC blocked 59ms
06-20 11:44:18.292: D/dalvikvm(4936): GC_CONCURRENT freed 5366K, 10% free 53245K/58952K, paused 7ms+4ms, total 83ms
06-20 11:44:18.302: D/dalvikvm(26158): GC_CONCURRENT freed 1655K, 7% free 55361K/58952K, paused 4ms+10ms, total 91ms
06-20 11:44:18.302: D/dalvikvm(26158): WAIT_FOR_CONCURRENT_GC blocked 74ms
06-20 11:44:18.462: D/dalvikvm(26158): GC_CONCURRENT freed 1655K, 7% free 55360K/58952K, paused 4ms+9ms, total 74ms
06-20 11:44:18.462: D/dalvikvm(26158): WAIT_FOR_CONCURRENT_GC blocked 64ms
