06-20 11:45:38.169: I/HttpConnector(4431): 						<defaultCashPrice>2200.00</defaultCashPrice>
06-20 11:45:38.169: I/HttpConnector(4431): 						<contentType>102</contentType>
06-20 11:45:38.169: I/HttpConnector(4431): 						<commentCount>0</commentCount>
06-20 11:45:38.169: I/HttpConnector(4431): 						<glaringIconPath>http://112.215.81.113/tpf/share/mdspfile/20131111/000942/000942000000020542/1406131124471953.jpg</glaringIconPath>
06-20 11:45:38.169: I/HttpConnector(4431): 						<duration>0</duration>
06-20 11:45:38.169: I/HttpConnector(4431): 						<categoryID>2001</categoryID>
06-20 11:45:38.169: I/HttpConnector(4431): 					    <isThirdContent>0</isThirdContent>
06-20 11:45:38.169: I/HttpConnector(4431): 					    <anonymousDownload>false</anonymousDownload>
06-20 11:45:38.169: I/HttpConnector(4431): 					</categoryItem>
06-20 11:45:38.169: I/HttpConnector(4431): 			<categoryItem>
06-20 11:45:38.169: I/HttpConnector(4431): 						<contentCode>000945000000022046</contentCode>
06-20 11:45:38.169: I/HttpConnector(4431): 						<contentName>Majesty</contentName>
06-20 11:45:38.169: I/HttpConnector(4431): 						<categoryName>Games</categoryName>
06-20 11:45:38.169: I/HttpConnector(4431): 						<contentDesc>Majesty: The Fantasy Kingdom Sim adalah dunia ajaib yang luas di mana Anda merasa terhormat dengan mahkota kerajaan dongeng kecil. Ketika Anda menjadi kepala negara semua tanggung jawab untuk kemakmuran tanah bertumpu pada bahu kerajaan Anda. Anda akan harus melawan berbagai musuh dan monster, menjelajahi wilayah baru, mengelola ekonomi</contentDesc>
06-20 11:45:38.169: I/HttpConnector(4431): 						<avgMark>0</avgMark>
06-20 11:45:38.169: I/HttpConnector(4431): 						<contentProviderName>PT. Herocraft</contentProviderName>
06-20 11:45:38.169: I/HttpConnector(4431): 						<iconPath>http://112.215.81.113/tpf/share/mdspfile/20131220/000945/000945000000022046/1406131321295957.jpg</iconPath>
06-20 11:45:38.169: I/HttpConnector(4431): 						<defaultCashPrice>11000.00</defaultCashPrice>
06-20 11:45:38.169: I/HttpConnector(4431): 						<contentType>102</contentType>
06-20 11:45:38.169: I/HttpConnector(4431): 						<commentCount>0</commentCount>
06-20 11:45:38.169: I/HttpConnector(4431): 						<glaringIconPath>http://112.215.81.113/tpf/share/mdspfile/20131220/000945/000945000000022046/1406131321293338.jpg</glaringIconPath>
06-20 11:45:38.169: I/HttpConnector(4431): 						<duration>0</duration>
06-20 11:45:38.169: I/HttpConnector(4431): 						<categoryID>2001</categoryID>
06-20 11:45:38.169: I/HttpConnector(4431): 					    <isThirdContent>0</isThirdContent>
06-20 11:45:38.169: I/HttpConnector(4431): 					    <anonymousDownload>false</anonymousDownload>
06-20 11:45:38.169: I/HttpConnector(4431): 					</categoryItem>
06-20 11:45:38.169: I/HttpConnector(4431): 			<categoryItem>
06-20 11:45:38.169: I/HttpConnector(4431): 						<contentCode>000943000000018502</contentCode>
06-20 11:45:38.169: I/HttpConnector(4431): 						<contentName>BoBoiBoy 4 in 1 Funfair</contentName>
06-20 11:45:38.169: I/HttpConnector(4431): 						<categoryName>Games</categoryName>
06-20 11:45:38.169: I/HttpConnector(4431): 						<contentDesc>Satu lagi misi untuk BoBoiBoy menentang kuasa jahat Adu Du. Ikuti arahan BoBoiBoy dan dapatkan skor tertinggi untuk kesemua cabaran.</contentDesc>
06-20 11:45:38.169: I/HttpConnector(4431): 						<avgMark>0</avgMark>
06-20 11:45:38.169: I/HttpConnector(4431): 						<contentProviderName>PT. 8Elements</contentProviderName>
06-20 11:45:38.169: I/HttpConnector(4431): 						<iconPath>http://112.215.81.113/tpf/share/mdspfile/20131018/000943/000943000000018502/1406131319262669.jpg</iconPath>
06-20 11:45:38.169: I/HttpConnector(4431): 						<defaultCashPrice>11000.00</defaultCashPrice>
06-20 11:45:38.169: I/HttpConnector(4431): 						<contentType>102</contentType>
06-20 11:45:38.169: I/HttpConnector(4431): 						<commentCount>0</commentCount>
06-20 11:45:38.169: I/HttpConnector(4431): 						<glaringIconPath>http://112.215.81.113/tpf/share/mdspfile/20131018/000943/000943000000018502/1406131319261707.jpg</glaringIconPath>
06-20 11:45:38.169: I/HttpConnector(4431): 						<duration>0</duration>
06-20 11:45:38.169: I/HttpConnector(4431): 						<categoryID>2001</categoryID>
06-20 11:45:38.169: I/HttpConnector(4431): 					    <isThirdContent>0</isThirdContent>
06-20 11:45:38.169: I/HttpConnector(4431): 					    <anonymousDownload>false</anonymousDownload>
06-20 11:45:38.169: I/HttpConnector(4431): 					</categoryItem>
06-20 11:45:38.169: I/HttpConnector(4431): 			<categoryItem>
06-20 11:45:38.169: I/HttpConnector(4431): 						<contentCode>000943000000020204</contentCode>
06-20 11:45:38.169: I/HttpConnector(4431): 						<contentName>Ben10GalacticGetaway</contentName>
06-20 11:45:38.169: I/HttpConnector(4431): 						<categoryName>Games</categoryName>
06-20 11:45:38.169: I/HttpConnector(4431): 						<contentDesc>Nikmati avatar untuk menggunakan senjata rahasia Anda dalam mengalahkan monster kehidupan nyata.</contentDesc>
06-20 11:45:38.169: I/HttpConnector(4431): 						<avgMark>0</avgMark>
06-20 11:45:38.169: I/HttpConnector(4431): 						<contentProviderName>PT. 8Elements</contentProviderName>
06-20 11:45:38.169: I/HttpConnector(4431): 						<iconPath>http://112.215.81.1
06-20 11:45:38.180: I/HttpConnector(4431): Response Code :  Succeed
06-20 11:45:38.190: I/GetDirectoryListHttpManager(4431): in handleData response.getData() = <?xml version="1.0" encoding="UTF-8"?>
06-20 11:45:38.190: I/GetDirectoryListHttpManager(4431): <categoryAjaxResp>
06-20 11:45:38.190: I/GetDirectoryListHttpManager(4431): 	<operResultCode>0</operResultCode>
06-20 11:45:38.190: I/GetDirectoryListHttpManager(4431): 	<operDesc>Proses berhasil.(0)</operDesc>
06-20 11:45:38.190: I/GetDirectoryListHttpManager(4431): 	<count>65</count>
06-20 11:45:38.190: I/GetDirectoryListHttpManager(4431): 	<categoryItems>
06-20 11:45:38.190: I/GetDirectoryListHttpManager(4431): 			<categoryItem>
06-20 11:45:38.190: I/GetDirectoryListHttpManager(4431): 						<contentCode>000942000000020542</contentCode>
06-20 11:45:38.190: I/GetDirectoryListHttpManager(4431): 						<contentName>Frisbee Forvever</contentName>
06-20 11:45:38.190: I/GetDirectoryListHttpManager(4431): 						<categoryName>Games</categoryName>
06-20 11:45:38.190: I/GetDirectoryListHttpManager(4431): 						<contentDesc>Apakah Anda seorang Guru Frisbee ®? Liar dalam dunia Frisbee ® Selamanya! Sebuah Aplikasi Android dengan HD super renyah dan grafik 3D. Bersiap untuk lepas landas dan terbang dengan kecepatan menakjubkan lebih dari 100 lagu gila. California Theme Park, gunung agung di Wild West atau mengirim gelombang menyala-nyala di lautan Karibia Bajak Laut diisi.</contentDesc>
06-20 11:45:38.190: I/GetDirectoryListHttpManager(4431): 						<avgMark>0</avgMark>
06-20 11:45:38.190: I/GetDirectoryListHttpManager(4431): 						<contentProviderName>PT. Ololo</contentProviderName>
06-20 11:45:38.190: I/GetDirectoryListHttpManager(4431): 						<iconPath>http://112.215.81.113/tpf/share/mdspfile/20131111/000942/000942000000020542/1406131124477365.jpg</iconPath>
06-20 11:45:38.190: I/GetDirectoryListHttpManager(4431): 						<defaultCashPrice>2200.00</defaultCashPrice>
06-20 11:45:38.190: I/GetDirectoryListHttpManager(4431): 						<contentType>102</contentType>
06-20 11:45:38.190: I/GetDirectoryListHttpManager(4431): 						<commentCount>0</commentCount>
06-20 11:45:38.190: I/GetDirectoryListHttpManager(4431): 						<glaringIconPath>http://112.215.81.113/tpf/share/mdspfile/20131111/000942/000942000000020542/1406131124471953.jpg</glaringIconPath>
06-20 11:45:38.190: I/GetDirectoryListHttpManager(4431): 						<duration>0</duration>
06-20 11:45:38.190: I/GetDirectoryListHttpManager(4431): 						<categoryID>2001</categoryID>
06-20 11:45:38.190: I/GetDirectoryListHttpManager(4431): 					    <isThirdContent>0</isThirdContent>
06-20 11:45:38.190: I/GetDirectoryListHttpManager(4431): 					    <anonymousDownload>false</anonymousDownload>
06-20 11:45:38.190: I/GetDirectoryListHttpManager(4431): 					</categoryItem>
06-20 11:45:38.190: I/GetDirectoryListHttpManager(4431): 			<categoryItem>
06-20 11:45:38.190: I/GetDirectoryListHttpManager(4431): 						<contentCode>000945000000022046</contentCode>
06-20 11:45:38.190: I/GetDirectoryListHttpManager(4431): 						<contentName>Majesty</contentName>
06-20 11:45:38.190: I/GetDirectoryListHttpManager(4431): 						<categoryName>Games</categoryName>
06-20 11:45:38.190: I/GetDirectoryListHttpManager(4431): 						<contentDesc>Majesty: The Fantasy Kingdom Sim adalah dunia ajaib yang luas di mana Anda merasa terhormat dengan mahkota kerajaan dongeng kecil. Ketika Anda menjadi kepala negara semua tanggung jawab untuk kemakmuran tanah bertumpu pada bahu kerajaan Anda. Anda akan harus melawan berbagai musuh dan monster, menjelajahi wilayah baru, mengelola ekonomi</contentDesc>
06-20 11:45:38.190: I/GetDirectoryListHttpManager(4431): 						<avgMark>0</avgMark>
06-20 11:45:38.190: I/GetDirectoryListHttpManager(4431): 						<contentProviderName>PT. Herocraft</contentProviderName>
06-20 11:45:38.190: I/GetDirectoryListHttpManager(4431): 						<iconPath>http://112.215.81.113/tpf/share/mdspfile/20131220/000945/000945000000022046/1406131321295957.jpg</iconPath>
06-20 11:45:38.190: I/GetDirectoryListHttpManager(4431): 						<defaultCashPrice>11000.00</defaultCashPrice>
06-20 11:45:38.190: I/GetDirectoryListHttpManager(4431): 						<contentType>102</contentType>
06-20 11:45:38.190: I/GetDirectoryListHttpManager(4431): 						<commentCount>0</commentCount>
06-20 11:45:38.190: I/GetDirectoryListHttpManager(4431): 						<glaringIconPath>http://112.215.81.113/tpf/share/mdspfile/20131220/000945/000945000000022046/1406131321293338.jpg</glaringIconPath>
06-20 11:45:38.190: I/GetDirectoryListHttpManager(4431): 						<duration>0</duration>
06-20 11:45:38.190: I/GetDirectoryListHttpManager(4431): 						<categoryID>2001</categoryID>
06-20 11:45:38.190: I/GetDirectoryListHttpManager(4431): 					    <isThirdContent>0</isThirdContent>
06-20 11:45:38.190: I/GetDirectoryListHttpManager(4431): 					    <anonymousDownload>false</anonymousDownload>
06-20 11:45:38.190: I/GetDirectoryListHttpManager(4431): 					</categoryItem>
06-20 11:45:38.190: I/GetDirectoryListHttpManager(4431): 			<categoryItem>
06-20 11:45:38.190: I/GetDirectoryListHttpManager(4431): 						<contentCode>000943000000018502</contentCode>
06-20 11:45:38.190: I/GetDirectoryListHttpManager(4431): 						<contentName>BoBoiBoy 4 in 1 Funfair</contentName>
06-20 11:45:38.190: I/GetDirectoryListHttpManager(4431): 						<categoryName>Games</categoryName>
06-20 11:45:38.190: I/GetDirectoryListHttpManager(4431): 						<contentDesc>Satu lagi misi untuk BoBoiBoy menentang kuasa jahat Adu Du. Ikuti arahan BoBoiBoy dan dapatkan skor tertinggi untuk kesemua cabaran.</contentDesc>
06-20 11:45:38.190: I/GetDirectoryListHttpManager(4431): 						<avgMark>0</avgMark>
06-20 11:45:38.190: I/GetDirectoryListHttpManager(4431): 						<contentProviderName>PT. 8Elements</contentProviderName>
06-20 11:45:38.190: I/GetDirectoryListHttpManager(4431): 						<iconPath>http://112.215.81.113/tpf/share/mdspfile/20131018/000943/000943000000018502/1406131319262669.jpg</iconPath>
06-20 11:45:38.190: I/GetDirectoryListHttpManager(4431): 						<defaultCashPrice>11000.00</defaultCashPrice>
06-20 11:45:38.190: I/GetDirectoryListHttpManager(4431): 						<contentType>102</contentType>
06-20 11:45:38.190: I/GetDirectoryListHttpManager(4431): 						<commentCount>0</commentCount>
06-20 11:45:38.190: I/GetDirectoryListHttpManager(4431): 						<glaringIconPath>http://112.215.81.113/tpf/share/mdspfile/20131018/000943/000943000000018502/1406131319261707.jpg</glaringIconPath>
06-20 11:45:38.190: I/GetDirectoryListHttpManager(4431): 						<duration>0</duration>
06-20 11:45:38.190: I/GetDirectoryListHttpManager(4431): 						<categoryID>2001</categoryID>
06-20 11:45:38.190: I/GetDirectoryListHttpManager(4431): 					    <isThirdContent>0</isThirdContent>
06-20 11:45:38.190: I/GetDirectoryListHttpManager(4431): 					    <anonymousDownload>false</anonymousDownload>
06-20 11:45:38.190: I/GetDirectoryListHttpManager(4431): 					</categoryItem>
06-20 11:45:38.190: I/GetDirectoryListHttpManager(4431): 			<categoryItem>
06-20 11:45:38.190: I/GetDirectoryListHttpManager(4431): 						<contentCode>000943000000020204</contentCode>
06-20 11:45:38.190: I/GetDirectoryListHttpManager(4431): 						<contentName>Ben10GalacticGetaway</contentName>
06-20 11:45:38.190: I/GetDirectoryListHttpManager(4431): 						<categoryName>Games</categoryName>
06-20 11:45:38.190: I/GetDirectoryListHttpManager(4431): 						<contentDesc>Nikmati avatar untuk menggunakan senjata rahasia Anda dalam mengalahkan monster kehidupan nyata.</contentDesc>
06-20 11:45:38.190: I/GetDirectoryListHttpManager(4431): 						<avgMark>0</avgMark>
06-20 11:45:38.190: I/GetDirectoryListHttpManager(4431): 						<contentProviderName>PT. 8Elements</contentProviderName>
06-20 11:45:38.190: I/GetDirectoryListHttpManager(4431): 		
06-20 11:45:38.200: I/HttpConnector(4431): response data : <?xml version="1.0" encoding="UTF-8"?>
06-20 11:45:38.200: I/HttpConnector(4431): <categoryAjaxResp>
06-20 11:45:38.200: I/HttpConnector(4431): 	<operResultCode>0</operResultCode>
06-20 11:45:38.200: I/HttpConnector(4431): 	<operDesc>Proses berhasil.(0)</operDesc>
06-20 11:45:38.200: I/HttpConnector(4431): 	<count>1105</count>
06-20 11:45:38.200: I/HttpConnector(4431): 	<categoryItems>
06-20 11:45:38.200: I/HttpConnector(4431): 			<categoryItem>
06-20 11:45:38.200: I/HttpConnector(4431): 						<contentCode>001322000000021360</contentCode>
06-20 11:45:38.200: I/HttpConnector(4431): 						<contentName>Kuis Logo</contentName>
06-20 11:45:38.200: I/HttpConnector(4431): 						<categoryName>APP</categoryName>
06-20 11:45:38.200: I/HttpConnector(4431): 						<contentDesc>Game tebak logo versi Indonesia yang menampilkan merek dan logo lokal.</contentDesc>
06-20 11:45:38.200: I/HttpConnector(4431): 						<avgMark>5</avgMark>
06-20 11:45:38.200: I/HttpConnector(4431): 						<contentProviderName>Okto Mobile</contentProviderName>
06-20 11:45:38.200: I/HttpConnector(4431): 						<iconPath>http://112.215.81.113/tpf/share/mdspfile/20131204/001322/001322000000021360/1406041555538054.jpg</iconPath>
06-20 11:45:38.200: I/HttpConnector(4431): 						<defaultCashPrice>0.00</defaultCashPrice>
06-20 11:45:38.200: I/HttpConnector(4431): 						<contentType>102</contentType>
06-20 11:45:38.200: I/HttpConnector(4431): 						<commentCount>1</commentCount>
06-20 11:45:38.200: I/HttpConnector(4431): 						<glaringIconPath>http://112.215.81.113/tpf/share/mdspfile/20131204/001322/001322000000021360/1406041555532028.jpg</glaringIconPath>
06-20 11:45:38.200: I/HttpConnector(4431): 						<duration>0</duration>
06-20 11:45:38.200: I/HttpConnector(4431): 						<categoryID>2003</categoryID>
06-20 11:45:38.200: I/HttpConnector(4431): 					    <isThirdContent>0</isThirdContent>
06-20 11:45:38.200: I/HttpConnector(4431): 					    <anonymousDownload>false</anonymousDownload>
06-20 11:45:38.200: I/HttpConnector(4431): 					</categoryItem>
06-20 11:45:38.200: I/HttpConnector(4431): 			<categoryItem>
06-20 11:45:38.200: I/HttpConnector(4431): 						<contentCode>000919000000147288</contentCode>
06-20 11:45:38.200: I/HttpConnector(4431): 						<contentName>2014 FIFA World Cup: Brazil</contentName>
06-20 11:45:38.200: I/HttpConnector(4431): 						<categoryName>Games</categoryName>
06-20 11:45:38.200: I/HttpConnector(4431): 						<contentDesc>Bawa negara favoritmu menuju kemenangan pada pertandingan Piala Dunia 2014 di Brazil lewat ponsel kamu. Ini Game untuk Android</contentDesc>
06-20 11:45:38.200: I/HttpConnector(4431): 						<avgMark>0</avgMark>
06-20 11:45:38.200: I/HttpConnector(4431): 						<contentProviderName>PT. Elasitas Multi Kreasi</contentProviderName>
06-20 11:45:38.200: I/HttpConnector(4431): 						<iconPath>http://112.215.81.113/tpf/share/mdspfile/20140617/000919/000919000000147288/1406191510298318.jpg</iconPath>
06-20 11:45:38.200: I/HttpConnector(4431): 						<defaultCashPrice>5500.00</defaultCashPrice>
06-20 11:45:38.200: I/HttpConnector(4431): 						<contentType>102</contentType>
06-20 11:45:38.200: I/HttpConnector(4431): 						<commentCount>0</commentCount>
06-20 11:45:38.200: I/HttpConnector(4431): 						<glaringIconPath>http://112.215.81.113/tpf/share/mdspfile/20140617/000919/000919000000147288/1406191510288945.jpg</glaringIconPath>
06-20 11:45:38.200: I/HttpConnector(4431): 						<duration>0</duration>
06-20 11:45:38.200: I/HttpConnector(4431): 						<categoryID>2001</categoryID>
06-20 11:45:38.200: I/HttpConnector(4431): 					    <isThirdContent>0</isThirdContent>
06-20 11:45:38.200: I/HttpConnector(4431): 					    <anonymousDownload>false</anonymousDownload>
06-20 11:45:38.200: I/HttpConnector(4431): 					</categoryItem>
06-20 11:45:38.200: I/HttpConnector(4431): 			<categoryItem>
06-20 11:45:38.200: I/HttpConnector(4431): 						<contentCode>001810000000146183</contentCode>
06-20 11:45:38.200: I/HttpConnector(4431): 						<contentName>Rayman Jungle Run</contentName>
06-20 11:45:38.200: I/HttpConnector(4431): 						<categoryName>Games</categoryName>
06-20 11:45:38.200: I/HttpConnector(4431): 						<contentDesc>? PILIHAN EDITOR DI GOOGLE PLAY ?
06-20 11:45:38.200: I/HttpConnector(4431): Pemenang berbagai penghargaan seperti Game of the Year dan Platformer of the Year!!
06-20 11:45:38.200: I/HttpConnector(4431): Platform legendaris yang tersedia di perangkat mobile favorit Anda! 
06-20 11:45:38.200: I/HttpConnector(4431): - Grafis yang indah 
06-20 11:45:38.200: I/HttpConnector(4431): - Dunia baru untuk ditemukan 
06-20 11:45:38.200: I/HttpConnector(4431): - Kekuatan baru untuk unlock
06-20 11:45:38.200: I/HttpConnector(4431): - Musik yang menawan 
06-20 11:45:38.200: I/HttpConnector(4431): - Mengontrol dengan sentuhan 
06-20 11:45:38.200: I/HttpConnector(4431): - Wallpaper eksklusif 
06-20 11:45:38.200: I/HttpConnector(4431): Rayman Jungle Run mudah dimainkan oleh semua usia. Ingin menjadi master dari Rayman Jungle Run?? Permainan ini akan sangat menantang. Selesaikan tingkat Land of the Livid Dead jika kamu memiliki kemampuan!
06-20 11:45:38.200: I/HttpConnector(4431): Perjalanan Rayman Jungle Run berlanjut dengan 20 tingkat baru... GRATIS! 
06-20 11:45:38.200: I/HttpConnector(4431): ? Hindari bola meriam dan lompat melalui bebatuan pada tingkat Pirate Ship baru untuk aksi lebih seru! 
06-20 11:45:38.200: I/HttpConnector(4431): ? Berlari lebih cepat dari sebelumnya dalam tingkat Boss Plant untuk melarikan diri dari  bunga raksasa yang berbau. 
06-20 11:45:38.200: I/HttpConnector(4431): ? Setelah berlari sekian lama, apakah Anda berani memasuki tingkat berikutnya dari Land of the Livid Dead?</contentDesc>
06-20 11:45:38.200: I/HttpConnector(4431): 						<avgMark>0</avgMark>
06-20 11:45:38.200: I/HttpConnector(4431): 						<contentProviderName>TMGamer</contentProviderName>
06-20 11:45:38.200: I/HttpConnector(4431): 						<iconPath>http://112.215.81.113/tpf/share/mdspfile/20140516/001810/001810000000146183/1406191221001738.png</iconPath>
06-20 11:45:38.200: I/HttpConnector(4431): 						<defaultCashPrice>41800.00</defaultCashPrice>
06-20 11:45:38.200: I/HttpConnector(4431): 						<contentType>102</contentType>
06-20 11:45:38.200: I/HttpConnector(4431): 						<commentCount>0</commentCount>
06-20 11:45:38.200: I/HttpConnector(4431): 						<glaringIconPath>http://112.215.81.113/tpf/share/mdspfile/20140516/001810/001810000000146183/1406191221006191.jpg</glaringIconPath>
06-20 11:45:38.200: I/HttpConnector(4431): 						<duration>0</duration>
06-20 11:45:38.200: I/HttpConnector(4431): 						<categoryID>2001</categoryID>
06-20 11:45:38.200: I/HttpConnector(4431): 					    <isThirdContent>0</isThirdContent>
06-20 11:45:38.200: I/HttpConnector(4431): 					    <anonymousDownload>true</anonymousDownload>
06-20 11:45:38.200: I/HttpConnector(4431): 					</categoryItem>
06-20 11:45:38.200: I/HttpConnector(4431): 			<categoryItem>
06-20 11:45:38.200: I/HttpConnector(4431): 						<contentCode>001810000000145008</contentCode>
06-20 11:45:38.200: I/HttpConnector(4431): 						<cont
06-20 11:45:38.210: I/HttpConnector(4431): Response Code :  Succeed
06-20 11:45:38.220: D/dalvikvm(26158): GC_CONCURRENT freed 1656K, 7% free 55362K/58952K, paused 9ms+17ms, total 126ms
06-20 11:45:38.220: D/dalvikvm(26158): WAIT_FOR_CONCURRENT_GC blocked 108ms
06-20 11:45:38.240: I/GetDirectoryListHttpManager(4431): in handleData response.getData() = <?xml version="1.0" encoding="UTF-8"?>
06-20 11:45:38.240: I/GetDirectoryListHttpManager(4431): <categoryAjaxResp>
06-20 11:45:38.240: I/GetDirectoryListHttpManager(4431): 	<operResultCode>0</operResultCode>
06-20 11:45:38.240: I/GetDirectoryListHttpManager(4431): 	<operDesc>Proses berhasil.(0)</operDesc>
06-20 11:45:38.240: I/GetDirectoryListHttpManager(4431): 	<count>1105</count>
06-20 11:45:38.240: I/GetDirectoryListHttpManager(4431): 	<categoryItems>
06-20 11:45:38.240: I/GetDirectoryListHttpManager(4431): 			<categoryItem>
06-20 11:45:38.240: I/GetDirectoryListHttpManager(4431): 						<contentCode>001322000000021360</contentCode>
06-20 11:45:38.240: I/GetDirectoryListHttpManager(4431): 						<contentName>Kuis Logo</contentName>
06-20 11:45:38.240: I/GetDirectoryListHttpManager(4431): 						<categoryName>APP</categoryName>
06-20 11:45:38.240: I/GetDirectoryListHttpManager(4431): 						<contentDesc>Game tebak logo versi Indonesia yang menampilkan merek dan logo lokal.</contentDesc>
06-20 11:45:38.240: I/GetDirectoryListHttpManager(4431): 						<avgMark>5</avgMark>
06-20 11:45:38.240: I/GetDirectoryListHttpManager(4431): 						<contentProviderName>Okto Mobile</contentProviderName>
06-20 11:45:38.240: I/GetDirectoryListHttpManager(4431): 						<iconPath>http://112.215.81.113/tpf/share/mdspfile/20131204/001322/001322000000021360/1406041555538054.jpg</iconPath>
06-20 11:45:38.240: I/GetDirectoryListHttpManager(4431): 						<defaultCashPrice>0.00</defaultCashPrice>
06-20 11:45:38.240: I/GetDirectoryListHttpManager(4431): 						<contentType>102</contentType>
06-20 11:45:38.240: I/GetDirectoryListHttpManager(4431): 						<commentCount>1</commentCount>
06-20 11:45:38.240: I/GetDirectoryListHttpManager(4431): 						<glaringIconPath>http://112.215.81.113/tpf/share/mdspfile/20131204/001322/001322000000021360/1406041555532028.jpg</glaringIconPath>
06-20 11:45:38.240: I/GetDirectoryListHttpManager(4431): 						<duration>0</duration>
06-20 11:45:38.240: I/GetDirectoryListHttpManager(4431): 						<categoryID>2003</categoryID>
06-20 11:45:38.240: I/GetDirectoryListHttpManager(4431): 					    <isThirdContent>0</isThirdContent>
06-20 11:45:38.240: I/GetDirectoryListHttpManager(4431): 					    <anonymousDownload>false</anonymousDownload>
06-20 11:45:38.240: I/GetDirectoryListHttpManager(4431): 					</categoryItem>
06-20 11:45:38.240: I/GetDirectoryListHttpManager(4431): 			<categoryItem>
06-20 11:45:38.240: I/GetDirectoryListHttpManager(4431): 						<contentCode>000919000000147288</contentCode>
06-20 11:45:38.240: I/GetDirectoryListHttpManager(4431): 						<contentName>2014 FIFA World Cup: Brazil</contentName>
06-20 11:45:38.240: I/GetDirectoryListHttpManager(4431): 						<categoryName>Games</categoryName>
06-20 11:45:38.240: I/GetDirectoryListHttpManager(4431): 						<contentDesc>Bawa negara favoritmu menuju kemenangan pada pertandingan Piala Dunia 2014 di Brazil lewat ponsel kamu. Ini Game untuk Android</contentDesc>
06-20 11:45:38.240: I/GetDirectoryListHttpManager(4431): 						<avgMark>0</avgMark>
06-20 11:45:38.240: I/GetDirectoryListHttpManager(4431): 						<contentProviderName>PT. Elasitas Multi Kreasi</contentProviderName>
06-20 11:45:38.240: I/GetDirectoryListHttpManager(4431): 						<iconPath>http://112.215.81.113/tpf/share/mdspfile/20140617/000919/000919000000147288/1406191510298318.jpg</iconPath>
06-20 11:45:38.240: I/GetDirectoryListHttpManager(4431): 						<defaultCashPrice>5500.00</defaultCashPrice>
06-20 11:45:38.240: I/GetDirectoryListHttpManager(4431): 						<contentType>102</contentType>
06-20 11:45:38.240: I/GetDirectoryListHttpManager(4431): 						<commentCount>0</commentCount>
06-20 11:45:38.240: I/GetDirectoryListHttpManager(4431): 						<glaringIconPath>http://112.215.81.113/tpf/share/mdspfile/20140617/000919/000919000000147288/1406191510288945.jpg</glaringIconPath>
06-20 11:45:38.240: I/GetDirectoryListHttpManager(4431): 						<duration>0</duration>
06-20 11:45:38.240: I/GetDirectoryListHttpManager(4431): 						<categoryID>2001</categoryID>
06-20 11:45:38.240: I/GetDirectoryListHttpManager(4431): 					    <isThirdContent>0</isThirdContent>
06-20 11:45:38.240: I/GetDirectoryListHttpManager(4431): 					    <anonymousDownload>false</anonymousDownload>
06-20 11:45:38.240: I/GetDirectoryListHttpManager(4431): 					</categoryItem>
06-20 11:45:38.240: I/GetDirectoryListHttpManager(4431): 			<categoryItem>
06-20 11:45:38.240: I/GetDirectoryListHttpManager(4431): 						<contentCode>001810000000146183</contentCode>
06-20 11:45:38.240: I/GetDirectoryListHttpManager(4431): 						<contentName>Rayman Jungle Run</contentName>
06-20 11:45:38.240: I/GetDirectoryListHttpManager(4431): 						<categoryName>Games</categoryName>
06-20 11:45:38.240: I/GetDirectoryListHttpManager(4431): 						<contentDesc>? PILIHAN EDITOR DI GOOGLE PLAY ?
06-20 11:45:38.240: I/GetDirectoryListHttpManager(4431): Pemenang berbagai penghargaan seperti Game of the Year dan Platformer of the Year!!
06-20 11:45:38.240: I/GetDirectoryListHttpManager(4431): Platform legendaris yang tersedia di perangkat mobile favorit Anda! 
06-20 11:45:38.240: I/GetDirectoryListHttpManager(4431): - Grafis yang indah 
06-20 11:45:38.240: I/GetDirectoryListHttpManager(4431): - Dunia baru untuk ditemukan 
06-20 11:45:38.240: I/GetDirectoryListHttpManager(4431): - Kekuatan baru untuk unlock
06-20 11:45:38.240: I/GetDirectoryListHttpManager(4431): - Musik yang menawan 
06-20 11:45:38.240: I/GetDirectoryListHttpManager(4431): - Mengontrol dengan sentuhan 
06-20 11:45:38.240: I/GetDirectoryListHttpManager(4431): - Wallpaper eksklusif 
06-20 11:45:38.240: I/GetDirectoryListHttpManager(4431): Rayman Jungle Run mudah dimainkan oleh semua usia. Ingin menjadi master dari Rayman Jungle Run?? Permainan ini akan sangat menantang. Selesaikan tingkat Land of the Livid Dead jika kamu memiliki kemampuan!
06-20 11:45:38.240: I/GetDirectoryListHttpManager(4431): Perjalanan Rayman Jungle Run berlanjut dengan 20 tingkat baru... GRATIS! 
06-20 11:45:38.240: I/GetDirectoryListHttpManager(4431): ? Hindari bola meriam dan lompat melalui bebatuan pada tingkat Pirate Ship baru untuk aksi lebih seru! 
06-20 11:45:38.240: I/GetDirectoryListHttpManager(4431): ? Berlari lebih cepat dari sebelumnya dalam tingkat Boss Plant untuk melarikan diri dari  bunga raksasa yang berbau. 
06-20 11:45:38.240: I/GetDirectoryListHttpManager(4431): ? Setelah berlari sekian lama, apakah Anda berani memasuki tingkat berikutnya dari Land of the Livid Dead?</contentDesc>
06-20 11:45:38.240: I/GetDirectoryListHttpManager(4431): 						<avgMark>0</avgMark>
06-20 11:45:38.240: I/GetDirectoryListHttpManager(4431): 						<contentProviderName>TMGamer</contentProviderName>
06-20 11:45:38.240: I/GetDirectoryListHttpManager(4431): 						<iconPath>http://112.215.81.113/tpf/share/mdspfile/20140516/001810/001810000000146183/1406191221001738.png</iconPath>
06-20 11:45:38.240: I/GetDirectoryListHttpManager(4431): 						<defaultCashPrice>41800.00</defaultCashPrice>
06-20 11:45:38.240: I/GetDirectoryListHttpManager(4431): 						<contentType>102</contentType>
06-20 11:45:38.240: I/GetDirectoryListHttpManager(4431): 						<commentCount>0</commentCount>
06-20 11:45:38.240: I/GetDirectoryListHttpManager(4431): 						<glaringIconPath>http://112.215.81.113/tpf/share/mdspfile/20140516/001810/001810000000146183/1406191221006191.jpg</glaringIconPath>
06-20 11:45:38.240: I/GetDirectoryListHttpManager(4431): 						<duration>0</duration>
06-20 11:45:38.240: I/GetDirectoryListHttpManager(4431): 						<categoryID>2001</categoryID>
06-20 11:45:38.240: I/GetDirectoryListHttpManager(4431): 					    <isThirdContent>0</isThirdContent>
06-20 11:45:38.240: I/GetDirectoryListHttpManager(4431): 					    <anonymousDownload>true</anonymousDownload>
06-20 11:45:38.240: I/GetDirectoryListHttpManager(4431): 					</categoryItem>
06-20 11:45:38.240: I/GetDirectoryListHttpManager(4431): 			<categoryItem>
06-20 11:45:38.240: I/GetDirectoryListHttpManager(4431): 						<contentCode>001810000000
06-20 11:45:38.270: I/GetDirectoryListRecListlLogic(4431): onProgress isInProgress=false
06-20 11:45:38.310: W/WindowManager(899): Access to extended visibility flags denied: Requires com.sonymobile.permission.SYSTEM_UI_VISIBILITY_EXTENSIONS permission.
06-20 11:45:38.380: I/GetDirectoryListRecListlLogic(4431): onProgress isInProgress=false
06-20 11:45:38.400: D/dalvikvm(26158): GC_CONCURRENT freed 1656K, 7% free 55362K/58952K, paused 4ms+12ms, total 78ms
06-20 11:45:38.400: D/dalvikvm(26158): WAIT_FOR_CONCURRENT_GC blocked 66ms
06-20 11:45:38.450: D/dalvikvm(4431): GC_CONCURRENT freed 2679K, 10% free 60261K/66748K, paused 5ms+9ms, total 65ms
06-20 11:45:38.450: D/dalvikvm(4431): WAIT_FOR_CONCURRENT_GC blocked 52ms
06-20 11:45:38.460: D/dalvikvm(4431): WAIT_FOR_CONCURRENT_GC blocked 54ms
06-20 11:45:38.530: D/ALSADevice(315): standby: handle 0xb7d57088 h 0x0
06-20 11:45:38.530: V/ALSADevice(315): standby handle h 0xb7df2380
06-20 11:45:38.580: D/dalvikvm(26158): GC_CONCURRENT freed 1656K, 7% free 55362K/58952K, paused 4ms+10ms, total 80ms
06-20 11:45:38.580: D/dalvikvm(26158): WAIT_FOR_CONCURRENT_GC blocked 69ms
06-20 11:45:38.580: D/alsa_ucm(315): snd_use_case_set(): uc_mgr 0xb7c74460 identifier _verb value Inactive
06-20 11:45:38.580: D/alsa_ucm(315): Set mixer controls for HiFi Lowlatency enable 0
06-20 11:45:38.580: D/alsa_ucm(315): Setting mixer control: SLIMBUS_0_RX Audio Mixer MultiMedia5, value: 0
06-20 11:45:38.580: V/ALSADevice(315): Number of modifiers 0
06-20 11:45:38.580: V/ALSADevice(315): usecase_type is 0
06-20 11:45:38.580: D/alsa_ucm(315): snd_use_case_set(): uc_mgr 0xb7c74460 identifier _disdev value Handset ASR
06-20 11:45:38.580: D/alsa_ucm(315): disdev: device Handset ASR not enabled, no need to disable
06-20 11:45:38.580: D/alsa_ucm(315): snd_use_case_set(): uc_mgr 0xb7c74460 identifier _disdev value xLoud Speaker
06-20 11:45:38.580: D/alsa_ucm(315): Set mixer controls for xLoud Speaker enable 0
06-20 11:45:38.580: D/alsa_ucm(315): Setting mixer control: RX3 MIX1 INP1, value: ZERO
06-20 11:45:38.580: D/alsa_ucm(315): Setting mixer control: RX3 MIX1 INP2, value: ZERO
06-20 11:45:38.580: D/alsa_ucm(315): Setting mixer control: LINEOUT1 Volume, value: 0
06-20 11:45:38.580: D/alsa_ucm(315): Setting mixer control: SLIM TX3 MUX, value: ZERO
06-20 11:45:38.580: D/alsa_ucm(315): Setting mixer control: SLIM TX5 MUX, value: ZERO
06-20 11:45:38.580: V/AudioHardwareALSA(315): closeUsbPlaybackIfNothingActive, musbPlaybackState: 0
06-20 11:45:38.580: D/AudioUsbALSA(315): exitPlaybackThread, mproxypfdPlayback: -1
06-20 11:45:38.580: D/AudioUsbALSA(315): closeDevice handle 0x0
06-20 11:45:38.580: D/AudioUsbALSA(315): closeDevice handle 0x0
06-20 11:45:38.740: D/dalvikvm(26158): GC_CONCURRENT freed 1655K, 7% free 55362K/58952K, paused 5ms+11ms, total 74ms
06-20 11:45:38.740: D/dalvikvm(26158): WAIT_FOR_CONCURRENT_GC blocked 60ms
06-20 11:45:38.900: E/QCALOG(465): [MessageQ] ProcessNewMessage: [XTWiFi-PE] unknown deliver target [OS-Agent]
06-20 11:45:38.900: E/QCALOG(465): [MessageQ] ProcessNewMessage: [XTWWAN-PE] unknown deliver target [OS-Agent]
06-20 11:45:38.910: D/dalvikvm(4431): GC_CONCURRENT freed 2611K, 9% free 60917K/66748K, paused 6ms+10ms, total 62ms
06-20 11:45:38.910: D/dalvikvm(4431): WAIT_FOR_CONCURRENT_GC blocked 52ms
06-20 11:45:38.910: D/dalvikvm(4431): WAIT_FOR_CONCURRENT_GC blocked 52ms
06-20 11:45:38.910: D/dalvikvm(4431): WAIT_FOR_CONCURRENT_GC blocked 42ms
06-20 11:45:38.910: D/dalvikvm(4431): WAIT_FOR_CONCURRENT_GC blocked 53ms
06-20 11:45:38.910: D/dalvikvm(4431): WAIT_FOR_CONCURRENT_GC blocked 59ms
06-20 11:45:38.920: D/dalvikvm(26158): GC_CONCURRENT freed 1656K, 7% free 55362K/58952K, paused 5ms+11ms, total 85ms
06-20 11:45:38.920: D/dalvikvm(26158): WAIT_FOR_CONCURRENT_GC blocked 57ms
06-20 11:45:39.030: I/HttpConnector(4431): Response Code[200]
06-20 11:45:39.040: I/HttpConnector(4431): response data : <?xml version="1.0" encoding="UTF-8"?>
06-20 11:45:39.040: I/HttpConnector(4431): <categoryAjaxResp>
06-20 11:45:39.040: I/HttpConnector(4431): 	<operResultCode>0</operResultCode>
06-20 11:45:39.040: I/HttpConnector(4431): 	<operDesc>Proses berhasil.(0)</operDesc>
06-20 11:45:39.040: I/HttpConnector(4431): 	<count>5</count>
06-20 11:45:39.040: I/HttpConnector(4431): 	<categoryItems>
06-20 11:45:39.040: I/HttpConnector(4431): 			<categoryItem>
06-20 11:45:39.040: I/HttpConnector(4431): 						<contentCode>001419000000146388</contentCode>
06-20 11:45:39.040: I/HttpConnector(4431): 						<contentName>Lava Runner</contentName>
06-20 11:45:39.040: I/HttpConnector(4431): 						<categoryName>APP</categoryName>
06-20 11:45:39.040: I/HttpConnector(4431): 						<contentDesc>Indonesia baru saja menyatakan tentang meningkatnya status 20 gunung api di Indonesia menjadi waspada dan 4 gunung api menjadi siaga. Hal ini membuat masyarakat Indonesia menghindari gunung-gunung api tersebut.
06-20 11:45:39.040: I/HttpConnector(4431): Hampir sama dengan Jonah the Miner sebagai ikon dari game Lava Runner ini, dia harus berusaha menghindari lava yang terus menerus naik dengan menekan tangga-tangga yang ada untuk naik atau turun dan mengambil kristal untuk menambah poin sebanyak mungkin. Berpacu dengan waktu dan gempa bumi yang sewaktu-waktu bisa bum terjadi, berhati-hatilah dengan setiap keputusan yang kamu ambil. Jonah the Miner juga harus menghindari para Piggies agar dia tidak terjatuh ke pusaran lava di bawahnya.</contentDesc>
06-20 11:45:39.040: I/HttpConnector(4431): 						<avgMark>5</avgMark>
06-20 11:45:39.040: I/HttpConnector(4431): 						<contentProviderName>Amagine Interactive</contentProviderName>
06-20 11:45:39.040: I/HttpConnector(4431): 						<iconPath>http://112.215.81.113/tpf/share/mdspfile/20140516/001419/001419000000146388/1406131124302781.png</iconPath>
06-20 11:45:39.040: I/HttpConnector(4431): 						<defaultCashPrice>0.00</defaultCashPrice>
06-20 11:45:39.040: I/HttpConnector(4431): 						<contentType>102</contentType>
06-20 11:45:39.040: I/HttpConnector(4431): 						<commentCount>3</commentCount>
06-20 11:45:39.040: I/HttpConnector(4431): 						<glaringIconPath>http://112.215.81.113/tpf/share/mdspfile/20140516/001419/001419000000146388/1406131124294182.png</glaringIconPath>
06-20 11:45:39.040: I/HttpConnector(4431): 						<duration>0</duration>
06-20 11:45:39.040: I/HttpConnector(4431): 						<categoryID>2003</categoryID>
06-20 11:45:39.040: I/HttpConnector(4431): 					    <isThirdContent>0</isThirdContent>
06-20 11:45:39.040: I/HttpConnector(4431): 					    <anonymousDownload>false</anonymousDownload>
06-20 11:45:39.040: I/HttpConnector(4431): 					</categoryItem>
06-20 11:45:39.040: I/HttpConnector(4431): 			<categoryItem>
06-20 11:45:39.040: I/HttpConnector(4431): 						<contentCode>001807000000146196</contentCode>
06-20 11:45:39.040: I/HttpConnector(4431): 						<contentName>Alice in Wonderland</contentName>
06-20 11:45:39.040: I/HttpConnector(4431): 						<categoryName>Games</categoryName>
06-20 11:45:39.040: I/HttpConnector(4431): 						<contentDesc>Deskripsi 
06-20 11:45:39.040: I/HttpConnector(4431): ? Alice in Wonderland, yang Tersembunyi Objek permainan ? 
06-20 11:45:39.040: I/HttpConnector(4431): The ? EXTENDED EDITION ? telah tiba! 
06-20 11:45:39.040: I/HttpConnector(4431): ? teka-teki Baru 
06-20 11:45:39.040: I/HttpConnector(4431): ? adegan Baru 
06-20 11:45:39.040: I/HttpConnector(4431): ? benda New 
06-20 11:45:39.040: I/HttpConnector(4431): ? New mini-games 
06-20 11:45:39.040: I/HttpConnector(4431): ? Karakter Baru 
06-20 11:45:39.040: I/HttpConnector(4431): ? Sebuah antarmuka ditingkatkan, dibawa ke kehidupan dengan koleksi benda-benda kunci 
06-20 11:45:39.040: I/HttpConnector(4431): ? Sebuah pengalaman gaming ditingkatkan 
06-20 11:45:39.040: I/HttpConnector(4431): ? A rentang hidup lebih lama 
06-20 11:45:39.040: I/HttpConnector(4431): Terinspirasi oleh Lewis Carroll baru «Alice in Wonderland&quot;. 
06-20 11:45:39.040: I/HttpConnector(4431): Alice bosan, duduk di samping adiknya yang membaca buku tanpa gambar ... Sementara dia mengamati, melamun, apa yang mengelilingi dirinya, ia melihat seekor kelinci di mantel dipasang yang berjalan dengan melihat jam tangan nya! Penasaran, dia mengikuti kelinci ini di ruang dan dilemparkan indah, dunia aneh, tanpa logika, dihuni dengan karakter fantastis. Bantu dia akan melalui dunia yang aneh ini dan kembali ke rumahnya!</contentDesc>
06-20 11:45:39.040: I/HttpConnector(4431): 						<avgMark>0</avgMark>
06-20 11:45:39.040: I/HttpConnector(4431): 						<contentProviderName>Anuman</contentProviderName>
06-20 11:45:39.040: I/HttpConnector(4431): 						<iconPath>http://112.215.81.113/tpf/share/mdspfile/20140514/001807/001807000000146196/1406131104135009.jpg</iconPath>
06-20 11:45:39.040: I/HttpConnector(4431): 						<defaultCashPrice>3300.00</defaultCashPrice>
06-20 11:45:39.040: I/HttpConnector(4431): 						<contentType>102</contentType>
06-20 11:45:39.040: I/HttpConnector(4431): 						<commentCount>0</commentCount>
06-20 11:45:39.040: I/HttpConnector(4431): 						<glaringIconPath>http://112.215.81.113/tpf/share/mdspfile/20140514/001807/001807000000146196/1406131104123598.jpg</glaringIconPath>
06-20 11:45:39.040: I/HttpConnector(4431): 						<duration>0</duration>
06-20 11:45:39.040: I/HttpConnector(4431): 						<categoryID>2001</categoryID>
06-20 11:45:39.040: I/HttpConnector(4431): 					    <isThirdContent>0</isThirdContent>
06-20 11:45:39.040: I/HttpConnector(4431): 					    <anonymousDownload>false</anonymousDownload>
06-20 11:45:39.040: I/HttpConnector(4431): 					</categoryItem>
06-20 11:45:39.040: I/HttpConnector(4431): 			<categoryItem>
06-20 11:45:39.040: I/HttpConnector(4431): 						<contentCode>001419000000021880</contentCode>
06-20 11:45:39.040: I/HttpConnector(4431): 						<contentName>Meme Quiz</contentName>
06-20 11:45:39.040: I/HttpConnector(4431): 						<categoryName>APP</categoryName>
06-20 11:45:39.040: I/HttpConnector(4431): 						<contentDesc>Uji &apos;Mememory&apos; Anda dalam permainan ini sangat adiktif meme! Tujuan Anda adalah untuk menebak meme yang tepat berdasarkan lelucon-teks yang muncul di layar. Menggesek Mim kiri dan kanan untuk memilih mana yang Anda anggap benar! Lihat berapa banyak Anda benar-benar menguasai Memes dan menggunakan itu! KAMU SIAP BRO?</contentDesc>
06-20 11:45:39.040: I/HttpConnector(4431): 						<avgMark>4</avgMark>
06-20 11:45:39.040: I/HttpConnector(4431): 						<contentProvide
06-20 11:45:39.040: I/HttpConnector(4431): Response Code :  Succeed
06-20 11:45:39.060: I/GetDirectoryListHttpManager(4431): in handleData response.getData() = <?xml version="1.0" encoding="UTF-8"?>
06-20 11:45:39.060: I/GetDirectoryListHttpManager(4431): <categoryAjaxResp>
06-20 11:45:39.060: I/GetDirectoryListHttpManager(4431): 	<operResultCode>0</operResultCode>
06-20 11:45:39.060: I/GetDirectoryListHttpManager(4431): 	<operDesc>Proses berhasil.(0)</operDesc>
06-20 11:45:39.060: I/GetDirectoryListHttpManager(4431): 	<count>5</count>
06-20 11:45:39.060: I/GetDirectoryListHttpManager(4431): 	<categoryItems>
06-20 11:45:39.060: I/GetDirectoryListHttpManager(4431): 			<categoryItem>
06-20 11:45:39.060: I/GetDirectoryListHttpManager(4431): 						<contentCode>001419000000146388</contentCode>
06-20 11:45:39.060: I/GetDirectoryListHttpManager(4431): 						<contentName>Lava Runner</contentName>
06-20 11:45:39.060: I/GetDirectoryListHttpManager(4431): 						<categoryName>APP</categoryName>
06-20 11:45:39.060: I/GetDirectoryListHttpManager(4431): 						<contentDesc>Indonesia baru saja menyatakan tentang meningkatnya status 20 gunung api di Indonesia menjadi waspada dan 4 gunung api menjadi siaga. Hal ini membuat masyarakat Indonesia menghindari gunung-gunung api tersebut.
06-20 11:45:39.060: I/GetDirectoryListHttpManager(4431): Hampir sama dengan Jonah the Miner sebagai ikon dari game Lava Runner ini, dia harus berusaha menghindari lava yang terus menerus naik dengan menekan tangga-tangga yang ada untuk naik atau turun dan mengambil kristal untuk menambah poin sebanyak mungkin. Berpacu dengan waktu dan gempa bumi yang sewaktu-waktu bisa bum terjadi, berhati-hatilah dengan setiap keputusan yang kamu ambil. Jonah the Miner juga harus menghindari para Piggies agar dia tidak terjatuh ke pusaran lava di bawahnya.</contentDesc>
06-20 11:45:39.060: I/GetDirectoryListHttpManager(4431): 						<avgMark>5</avgMark>
06-20 11:45:39.060: I/GetDirectoryListHttpManager(4431): 						<contentProviderName>Amagine Interactive</contentProviderName>
06-20 11:45:39.060: I/GetDirectoryListHttpManager(4431): 						<iconPath>http://112.215.81.113/tpf/share/mdspfile/20140516/001419/001419000000146388/1406131124302781.png</iconPath>
06-20 11:45:39.060: I/GetDirectoryListHttpManager(4431): 						<defaultCashPrice>0.00</defaultCashPrice>
06-20 11:45:39.060: I/GetDirectoryListHttpManager(4431): 						<contentType>102</contentType>
06-20 11:45:39.060: I/GetDirectoryListHttpManager(4431): 						<commentCount>3</commentCount>
06-20 11:45:39.060: I/GetDirectoryListHttpManager(4431): 						<glaringIconPath>http://112.215.81.113/tpf/share/mdspfile/20140516/001419/001419000000146388/1406131124294182.png</glaringIconPath>
06-20 11:45:39.060: I/GetDirectoryListHttpManager(4431): 						<duration>0</duration>
06-20 11:45:39.060: I/GetDirectoryListHttpManager(4431): 						<categoryID>2003</categoryID>
06-20 11:45:39.060: I/GetDirectoryListHttpManager(4431): 					    <isThirdContent>0</isThirdContent>
06-20 11:45:39.060: I/GetDirectoryListHttpManager(4431): 					    <anonymousDownload>false</anonymousDownload>
06-20 11:45:39.060: I/GetDirectoryListHttpManager(4431): 					</categoryItem>
06-20 11:45:39.060: I/GetDirectoryListHttpManager(4431): 			<categoryItem>
06-20 11:45:39.060: I/GetDirectoryListHttpManager(4431): 						<contentCode>001807000000146196</contentCode>
06-20 11:45:39.060: I/GetDirectoryListHttpManager(4431): 						<contentName>Alice in Wonderland</contentName>
06-20 11:45:39.060: I/GetDirectoryListHttpManager(4431): 						<categoryName>Games</categoryName>
06-20 11:45:39.060: I/GetDirectoryListHttpManager(4431): 						<contentDesc>Deskripsi 
06-20 11:45:39.060: I/GetDirectoryListHttpManager(4431): ? Alice in Wonderland, yang Tersembunyi Objek permainan ? 
06-20 11:45:39.060: I/GetDirectoryListHttpManager(4431): The ? EXTENDED EDITION ? telah tiba! 
06-20 11:45:39.060: I/GetDirectoryListHttpManager(4431): ? teka-teki Baru 
06-20 11:45:39.060: I/GetDirectoryListHttpManager(4431): ? adegan Baru 
06-20 11:45:39.060: I/GetDirectoryListHttpManager(4431): ? benda New 
06-20 11:45:39.060: I/GetDirectoryListHttpManager(4431): ? New mini-games 
06-20 11:45:39.060: I/GetDirectoryListHttpManager(4431): ? Karakter Baru 
06-20 11:45:39.060: I/GetDirectoryListHttpManager(4431): ? Sebuah antarmuka ditingkatkan, dibawa ke kehidupan dengan koleksi benda-benda kunci 
06-20 11:45:39.060: I/GetDirectoryListHttpManager(4431): ? Sebuah pengalaman gaming ditingkatkan 
06-20 11:45:39.060: I/GetDirectoryListHttpManager(4431): ? A rentang hidup lebih lama 
06-20 11:45:39.060: I/GetDirectoryListHttpManager(4431): Terinspirasi oleh Lewis Carroll baru «Alice in Wonderland&quot;. 
06-20 11:45:39.060: I/GetDirectoryListHttpManager(4431): Alice bosan, duduk di samping adiknya yang membaca buku tanpa gambar ... Sementara dia mengamati, melamun, apa yang mengelilingi dirinya, ia melihat seekor kelinci di mantel dipasang yang berjalan dengan melihat jam tangan nya! Penasaran, dia mengikuti kelinci ini di ruang dan dilemparkan indah, dunia aneh, tanpa logika, dihuni dengan karakter fantastis. Bantu dia akan melalui dunia yang aneh ini dan kembali ke rumahnya!</contentDesc>
06-20 11:45:39.060: I/GetDirectoryListHttpManager(4431): 						<avgMark>0</avgMark>
06-20 11:45:39.060: I/GetDirectoryListHttpManager(4431): 						<contentProviderName>Anuman</contentProviderName>
06-20 11:45:39.060: I/GetDirectoryListHttpManager(4431): 						<iconPath>http://112.215.81.113/tpf/share/mdspfile/20140514/001807/001807000000146196/1406131104135009.jpg</iconPath>
06-20 11:45:39.060: I/GetDirectoryListHttpManager(4431): 						<defaultCashPrice>3300.00</defaultCashPrice>
06-20 11:45:39.060: I/GetDirectoryListHttpManager(4431): 						<contentType>102</contentType>
06-20 11:45:39.060: I/GetDirectoryListHttpManager(4431): 						<commentCount>0</commentCount>
06-20 11:45:39.060: I/GetDirectoryListHttpManager(4431): 						<glaringIconPath>http://112.215.81.113/tpf/share/mdspfile/20140514/001807/001807000000146196/1406131104123598.jpg</glaringIconPath>
06-20 11:45:39.060: I/GetDirectoryListHttpManager(4431): 						<duration>0</duration>
06-20 11:45:39.060: I/GetDirectoryListHttpManager(4431): 						<categoryID>2001</categoryID>
06-20 11:45:39.060: I/GetDirectoryListHttpManager(4431): 					    <isThirdContent>0</isThirdContent>
06-20 11:45:39.060: I/GetDirectoryListHttpManager(4431): 					    <anonymousDownload>false</anonymousDownload>
06-20 11:45:39.060: I/GetDirectoryListHttpManager(4431): 					</categoryItem>
06-20 11:45:39.060: I/GetDirectoryListHttpManager(4431): 			<categoryItem>
06-20 11:45:39.060: I/GetDirectoryListHttpManager(4431): 						<contentCode>001419000000021880</contentCode>
06-20 11:45:39.060: I/GetDirectoryListHttpManager(4431): 						<contentName>Meme Quiz</contentName>
06-20 11:45:39.060: I/GetDirectoryListHttpManager(4431): 						<categoryName>APP</categoryName>
06-20 11:45:39.060: I/GetDirectoryListHttpManager(4431): 						<contentDesc>Uji &apos;Mememory&apos; Anda dalam permainan ini sangat adiktif meme! Tujuan Anda adalah untuk menebak meme yang tepat berdasarkan lelucon-teks yang muncul di layar. Menggesek Mim kiri dan kanan untuk memilih mana yang Anda anggap benar! Lihat berapa banyak Anda benar-benar menguasai Memes dan menggunakan itu! KAMU SIAP BRO?</contentDesc>
06-20 11:45:39.060: I/GetDirectoryListHttpManager(4431): 						<avgMark>4
06-20 11:45:39.110: I/HttpConnector(4431): Response Code[200]
06-20 11:45:39.110: D/dalvikvm(26158): GC_CONCURRENT freed 1656K, 7% free 55362K/58952K, paused 4ms+11ms, total 91ms
06-20 11:45:39.110: D/dalvikvm(26158): WAIT_FOR_CONCURRENT_GC blocked 80ms
06-20 11:45:39.120: I/HttpConnector(4431): response data : <?xml version="1.0" encoding="UTF-8"?>
06-20 11:45:39.120: I/HttpConnector(4431): <categoryAjaxResp>
06-20 11:45:39.120: I/HttpConnector(4431): 	<operResultCode>0</operResultCode>
06-20 11:45:39.120: I/HttpConnector(4431): 	<operDesc>Proses berhasil.(0)</operDesc>
06-20 11:45:39.120: I/HttpConnector(4431): 	<count>59</count>
06-20 11:45:39.120: I/HttpConnector(4431): 	<categoryItems>
06-20 11:45:39.120: I/HttpConnector(4431): 			<categoryItem>
06-20 11:45:39.120: I/HttpConnector(4431): 						<contentCode>001803000000143995</contentCode>
06-20 11:45:39.120: I/HttpConnector(4431): 						<contentName>Downhill Adrenaline</contentName>
06-20 11:45:39.120: I/HttpConnector(4431): 						<categoryName>Games</categoryName>
06-20 11:45:39.120: I/HttpConnector(4431): 						<contentDesc>Downhill &quot;Mountain Adrenalin&quot; bergenre sports game,Mengambil tema balap sepeda gunung,di game ini player diajak untuk memacu adrenalin menuruni sebuah gunung dan meliuk-liuk menghindari setiap rintangan yang ada guna menuju garis finish dengan cepat. karakteristik di setiap arena yang berbeda membuat game ini menarik, arena yang sengaja dibuat seperti keadaan aslinya sehingga player bisa merasakan bermain sepeda gunung yang menantang walaupun hanya dimainkan di perangkat mobile game. Konsep background mengambil latar belakang pegunungan,Terdapat 3 macam arena dan disetiap arena terdapat 12 stage yang harus diselesaikan oleh player.</contentDesc>
06-20 11:45:39.120: I/HttpConnector(4431): 						<avgMark>5</avgMark>
06-20 11:45:39.120: I/HttpConnector(4431): 						<contentProviderName>GITS Alliance</contentProviderName>
06-20 11:45:39.120: I/HttpConnector(4431): 						<iconPath>http://112.215.81.113/tpf/share/mdspfile/20140410/001803/001803000000143995/1406121644432451.jpg</iconPath>
06-20 11:45:39.120: I/HttpConnector(4431): 						<defaultCashPrice>0.00</defaultCashPrice>
06-20 11:45:39.120: I/HttpConnector(4431): 						<contentType>102</contentType>
06-20 11:45:39.120: I/HttpConnector(4431): 						<commentCount>7</commentCount>
06-20 11:45:39.120: I/HttpConnector(4431): 						<glaringIconPath>http://112.215.81.113/tpf/share/mdspfile/20140410/001803/001803000000143995/1406121644432377.jpg</glaringIconPath>
06-20 11:45:39.120: I/HttpConnector(4431): 						<duration>0</duration>
06-20 11:45:39.120: I/HttpConnector(4431): 						<categoryID>2001</categoryID>
06-20 11:45:39.120: I/HttpConnector(4431): 					    <isThirdContent>0</isThirdContent>
06-20 11:45:39.120: I/HttpConnector(4431): 					    <anonymousDownload>false</anonymousDownload>
06-20 11:45:39.120: I/HttpConnector(4431): 					</categoryItem>
06-20 11:45:39.120: I/HttpConnector(4431): 			<categoryItem>
06-20 11:45:39.120: I/HttpConnector(4431): 						<contentCode>001339000000021580</contentCode>
06-20 11:45:39.120: I/HttpConnector(4431): 						<contentName>Teka Teki Silang</contentName>
06-20 11:45:39.120: I/HttpConnector(4431): 						<categoryName>Games</categoryName>
06-20 11:45:39.120: I/HttpConnector(4431): 						<contentDesc>Teka Teki Silang (TTS) adalah salah satu game yang paling menarik di Indonesia.</contentDesc>
06-20 11:45:39.120: I/HttpConnector(4431): 						<avgMark>4</avgMark>
06-20 11:45:39.120: I/HttpConnector(4431): 						<contentProviderName>Cipta Permana</contentProviderName>
