05-21 11:59:40.097: D/dalvikvm(885): GC_EXPLICIT freed 310K, 28% free 41337K/56872K, paused 5ms+15ms, total 176ms
05-21 11:59:40.147: D/dalvikvm(6084): GC_EXPLICIT freed 206K, 74% free 2996K/11244K, paused 2ms+3ms, total 24ms
05-21 11:59:40.317: W/qdhwcomposer(352): Excessive delay reading vsync: took 834 ms
05-21 11:59:40.437: I/MediaSyncManager(16728): [Clusters Thumbnail] downloaded: 0, duration: 0.368 seconds
05-21 11:59:40.497: D/dalvikvm(6084): GC_EXPLICIT freed 227K, 74% free 2993K/11244K, paused 3ms+4ms, total 26ms
05-21 11:59:40.567: I/MediaSyncManager(16728): [Clusters Thumbnail] downloaded: 0, duration: 0.117 seconds
05-21 11:59:40.577: D/dalvikvm(16728): GC_EXPLICIT freed 2495K, 33% free 22843K/33916K, paused 3ms+7ms, total 54ms
05-21 11:59:40.777: D/dalvikvm(885): GC_EXPLICIT freed 277K, 28% free 41336K/56872K, paused 7ms+15ms, total 173ms
05-21 11:59:41.008: D/dalvikvm(6084): GC_EXPLICIT freed 191K, 74% free 2997K/11244K, paused 2ms+4ms, total 29ms
05-21 11:59:41.118: I/MediaSyncManager(16728): [Clusters Thumbnail] downloaded: 0, duration: 0.541 seconds
05-21 11:59:41.248: I/MediaSyncManager(16728): [Clusters Thumbnail] downloaded: 0, duration: 0.131 seconds
05-21 11:59:41.298: I/MediaSyncManager(16728): [Clusters Thumbnail] downloaded: 0, duration: 0.043 seconds
05-21 11:59:41.428: D/dalvikvm(885): GC_EXPLICIT freed 283K, 28% free 41337K/56872K, paused 4ms+14ms, total 190ms
05-21 11:59:41.538: I/MediaSyncManager(16728): [Clusters Thumbnail] downloaded: 0, duration: 0.239 seconds
05-21 11:59:41.588: D/dalvikvm(6084): GC_EXPLICIT freed 232K, 74% free 3004K/11244K, paused 2ms+4ms, total 25ms
05-21 11:59:41.658: D/dalvikvm(16728): GC_EXPLICIT freed 3192K, 33% free 22903K/33916K, paused 2ms+7ms, total 52ms
05-21 11:59:41.718: I/MediaSyncManager(16728): [Clusters Thumbnail] downloaded: 0, duration: 0.176 seconds
05-21 11:59:42.009: I/MediaSyncManager(16728): [Clusters Thumbnail] downloaded: 0, duration: 0.285 seconds
05-21 11:59:42.129: D/dalvikvm(885): GC_EXPLICIT freed 279K, 28% free 41336K/56872K, paused 5ms+14ms, total 175ms
05-21 11:59:42.159: D/dalvikvm(6084): GC_EXPLICIT freed 217K, 74% free 2997K/11244K, paused 1ms+3ms, total 22ms
05-21 11:59:42.259: I/MediaSyncManager(16728): [Clusters Thumbnail] downloaded: 0, duration: 0.251 seconds
05-21 11:59:42.319: W/qdhwcomposer(352): Excessive delay reading vsync: took 1835 ms
05-21 11:59:42.479: I/MediaSyncManager(16728): [Clusters Thumbnail] downloaded: 0, duration: 0.214 seconds
05-21 11:59:42.509: D/dalvikvm(16728): GC_EXPLICIT freed 2337K, 33% free 22878K/33916K, paused 4ms+6ms, total 51ms
05-21 11:59:42.539: D/dalvikvm(6084): GC_EXPLICIT freed 191K, 74% free 2985K/11244K, paused 2ms+4ms, total 29ms
05-21 11:59:42.819: I/MediaSyncManager(16728): [Clusters Thumbnail] downloaded: 0, duration: 0.335 seconds
05-21 11:59:42.949: D/dalvikvm(885): GC_EXPLICIT freed 273K, 28% free 41337K/56872K, paused 5ms+15ms, total 179ms
05-21 11:59:43.030: I/MediaSyncManager(16728): [Clusters Thumbnail] downloaded: 0, duration: 0.209 seconds
05-21 11:59:43.090: I/MediaSyncManager(16728): [Clusters Thumbnail] downloaded: 0, duration: 0.059 seconds
05-21 11:59:43.120: D/dalvikvm(6084): GC_EXPLICIT freed 178K, 74% free 2990K/11244K, paused 1ms+4ms, total 25ms
05-21 11:59:43.410: I/MediaSyncManager(16728): [Clusters Thumbnail] downloaded: 0, duration: 0.315 seconds
05-21 11:59:43.530: D/dalvikvm(16728): GC_EXPLICIT freed 2601K, 33% free 22908K/33916K, paused 3ms+7ms, total 43ms
05-21 11:59:43.600: I/MediaSyncManager(16728): [Clusters Thumbnail] downloaded: 0, duration: 0.197 seconds
05-21 11:59:43.660: D/dalvikvm(885): GC_EXPLICIT freed 248K, 28% free 41334K/56872K, paused 5ms+14ms, total 177ms
05-21 11:59:43.710: D/dalvikvm(6084): GC_EXPLICIT freed 206K, 74% free 3001K/11244K, paused 2ms+5ms, total 27ms
05-21 11:59:44.131: D/dalvikvm(6084): GC_EXPLICIT freed 202K, 74% free 2979K/11244K, paused 2ms+3ms, total 23ms
05-21 11:59:44.311: W/qdhwcomposer(352): Excessive delay reading vsync: took 1835 ms
05-21 11:59:44.481: D/dalvikvm(885): GC_EXPLICIT freed 286K, 28% free 41337K/56872K, paused 5ms+15ms, total 182ms
05-21 11:59:44.641: D/dalvikvm(16728): GC_EXPLICIT freed 5531K, 34% free 22681K/33916K, paused 2ms+7ms, total 70ms
05-21 11:59:44.721: D/dalvikvm(6084): GC_EXPLICIT freed 173K, 74% free 2985K/11244K, paused 1ms+4ms, total 28ms
05-21 11:59:44.721: I/MediaSyncManager(16728): [Clusters Thumbnail] downloaded: 0, duration: 1.119 seconds
05-21 11:59:45.192: D/dalvikvm(885): GC_EXPLICIT freed 249K, 28% free 41341K/56872K, paused 5ms+16ms, total 193ms
05-21 11:59:45.362: W/qdhwcomposer(352): Excessive delay reading vsync: took 884 ms
05-21 11:59:45.392: D/dalvikvm(6084): GC_EXPLICIT freed 268K, 74% free 3030K/11244K, paused 1ms+4ms, total 32ms
05-21 11:59:45.802: D/dalvikvm(885): GC_EXPLICIT freed 188K, 28% free 41329K/56872K, paused 4ms+13ms, total 166ms
05-21 11:59:45.972: D/dalvikvm(6084): GC_EXPLICIT freed 282K, 74% free 3022K/11244K, paused 2ms+4ms, total 29ms
05-21 11:59:46.022: D/dalvikvm(16728): GC_EXPLICIT freed 4188K, 34% free 22682K/33916K, paused 4ms+6ms, total 49ms
05-21 11:59:46.063: I/WifiManager(1288): Process rocess.location requested a scan
05-21 11:59:46.183: I/MediaSyncManager(16728): [Clusters Thumbnail] downloaded: 0, duration: 1.458 seconds
05-21 11:59:46.283: I/MediaSyncManager(16728): [Clusters Thumbnail] downloaded: 0, duration: 0.096 seconds
05-21 11:59:46.463: D/dalvikvm(885): GC_EXPLICIT freed 255K, 28% free 41337K/56872K, paused 5ms+12ms, total 172ms
05-21 11:59:46.653: D/dalvikvm(6084): GC_EXPLICIT freed 314K, 73% free 3043K/11244K, paused 3ms+6ms, total 39ms
05-21 11:59:47.134: D/dalvikvm(885): GC_EXPLICIT freed 266K, 28% free 41335K/56872K, paused 5ms+14ms, total 182ms
05-21 11:59:47.224: D/QCUtils(339): extended extractor not needed, return default
05-21 11:59:47.234: W/bgk(16728): Assuming timestamp earlier than 1970 is a UNIX timestamp.
05-21 11:59:47.234: W/bhl(16728): Falling back from IsoBaseMediaFormatMetadata to file system metadata for content://media/external/video/media/85284
05-21 11:59:47.324: W/qdhwcomposer(352): Excessive delay reading vsync: took 1935 ms
05-21 11:59:47.374: D/dalvikvm(6084): GC_EXPLICIT freed 298K, 74% free 3017K/11244K, paused 2ms+4ms, total 26ms
05-21 11:59:47.434: I/MediaSyncManager(16728): [Clusters Thumbnail] downloaded: 0, duration: 1.147 seconds
05-21 11:59:47.484: D/dalvikvm(16728): GC_EXPLICIT freed 4712K, 34% free 22642K/33916K, paused 4ms+6ms, total 46ms
05-21 11:59:47.754: I/MediaSyncManager(16728): [Clusters Thumbnail] downloaded: 0, duration: 0.315 seconds
05-21 11:59:47.924: D/dalvikvm(885): GC_EXPLICIT freed 306K, 28% free 41339K/56872K, paused 5ms+31ms, total 216ms
05-21 11:59:47.964: D/dalvikvm(6084): GC_EXPLICIT freed 217K, 74% free 2993K/11244K, paused 1ms+4ms, total 27ms
05-21 11:59:48.325: D/dalvikvm(6084): GC_EXPLICIT freed 221K, 74% free 3002K/11244K, paused 2ms+3ms, total 29ms
05-21 11:59:48.335: W/qdhwcomposer(352): Excessive delay reading vsync: took 851 ms
05-21 11:59:48.385: D/dalvikvm(16728): GC_EXPLICIT freed 2423K, 34% free 22633K/33916K, paused 7ms+6ms, total 49ms
05-21 11:59:48.625: D/dalvikvm(885): GC_EXPLICIT freed 263K, 28% free 41335K/56872K, paused 5ms+15ms, total 173ms
05-21 11:59:48.895: I/MediaSyncManager(16728): [Clusters Thumbnail] downloaded: 0, duration: 1.138 seconds
05-21 11:59:48.985: D/dalvikvm(6084): GC_EXPLICIT freed 287K, 73% free 3047K/11244K, paused 2ms+4ms, total 28ms
05-21 11:59:49.206: D/dalvikvm(885): GC_EXPLICIT freed 247K, 28% free 41334K/56872K, paused 5ms+14ms, total 194ms
05-21 11:59:49.626: D/dalvikvm(6084): GC_EXPLICIT freed 301K, 74% free 3024K/11244K, paused 2ms+7ms, total 30ms
05-21 11:59:49.696: D/dalvikvm(1288): GC_CONCURRENT freed 965K, 52% free 5508K/11244K, paused 3ms+3ms, total 53ms
05-21 11:59:49.876: D/dalvikvm(885): GC_EXPLICIT freed 252K, 28% free 41339K/56872K, paused 7ms+12ms, total 189ms
05-21 11:59:50.016: I/MediaSyncManager(16728): [Clusters Thumbnail] downloaded: 0, duration: 1.120 seconds
05-21 11:59:50.096: D/dalvikvm(16728): GC_EXPLICIT freed 5804K, 34% free 22664K/33916K, paused 4ms+6ms, total 67ms
05-21 11:59:50.347: W/qdhwcomposer(352): Excessive delay reading vsync: took 1835 ms
05-21 11:59:50.377: I/MediaSyncManager(16728): [Clusters Thumbnail] downloaded: 0, duration: 0.350 seconds
05-21 11:59:50.447: D/dalvikvm(6084): GC_EXPLICIT freed 301K, 73% free 3044K/11244K, paused 3ms+4ms, total 34ms
05-21 11:59:50.477: I/MediaSyncManager(16728): [Clusters Thumbnail] downloaded: 0, duration: 0.096 seconds
05-21 11:59:50.517: I/MediaSyncManager(16728): [Clusters Thumbnail] downloaded: 0, duration: 0.037 seconds
05-21 11:59:50.617: D/dalvikvm(885): GC_EXPLICIT freed 248K, 28% free 41337K/56872K, paused 4ms+15ms, total 169ms
05-21 11:59:50.907: I/MediaSyncManager(16728): [Clusters Thumbnail] downloaded: 0, duration: 0.387 seconds
05-21 11:59:51.047: D/dalvikvm(6084): GC_EXPLICIT freed 245K, 74% free 2990K/11244K, paused 2ms+3ms, total 25ms
05-21 11:59:51.188: I/MediaSyncManager(16728): [Clusters Thumbnail] downloaded: 0, duration: 0.279 seconds
05-21 11:59:51.198: D/dalvikvm(16728): GC_EXPLICIT freed 3146K, 34% free 22655K/33916K, paused 6ms+5ms, total 44ms
05-21 11:59:51.248: I/MediaSyncManager(16728): [Clusters Thumbnail] downloaded: 0, duration: 0.057 seconds
05-21 11:59:51.318: I/MediaSyncManager(16728): [Clusters Thumbnail] downloaded: 0, duration: 0.070 seconds
05-21 11:59:51.348: I/MediaSyncManager(16728): [Clusters Thumbnail] downloaded: 0, duration: 0.029 seconds
05-21 11:59:51.378: D/dalvikvm(885): GC_EXPLICIT freed 323K, 28% free 41335K/56872K, paused 4ms+11ms, total 163ms
05-21 11:59:51.418: I/MediaSyncManager(16728): [Clusters Thumbnail] downloaded: 0, duration: 0.068 seconds
05-21 11:59:51.588: D/dalvikvm(6084): GC_EXPLICIT freed 224K, 74% free 3010K/11244K, paused 1ms+3ms, total 24ms
05-21 11:59:51.658: I/MediaSyncManager(16728): [Clusters Thumbnail] downloaded: 0, duration: 0.239 seconds
05-21 11:59:51.798: I/MediaSyncManager(16728): [Clusters Thumbnail] downloaded: 0, duration: 0.137 seconds
05-21 11:59:51.898: I/MediaSyncManager(16728): [Clusters Thumbnail] downloaded: 0, duration: 0.098 seconds
05-21 11:59:51.968: D/dalvikvm(885): GC_EXPLICIT freed 254K, 28% free 41336K/56872K, paused 5ms+15ms, total 179ms
05-21 11:59:52.008: I/MediaSyncManager(16728): [Clusters Thumbnail] downloaded: 0, duration: 0.108 seconds
05-21 11:59:52.068: I/MediaSyncManager(16728): [Clusters Thumbnail] downloaded: 0, duration: 0.055 seconds
05-21 11:59:52.128: D/dalvikvm(6084): GC_EXPLICIT freed 253K, 74% free 3011K/11244K, paused 2ms+4ms, total 30ms
05-21 11:59:52.199: I/MediaSyncManager(16728): [Clusters Thumbnail] downloaded: 0, duration: 0.129 seconds
05-21 11:59:52.419: D/dalvikvm(16728): GC_EXPLICIT freed 3620K, 34% free 22642K/33916K, paused 3ms+6ms, total 52ms
05-21 11:59:52.499: I/MediaSyncManager(16728): [Clusters Thumbnail] downloaded: 0, duration: 0.290 seconds
05-21 11:59:52.679: I/MediaSyncManager(16728): [Clusters Thumbnail] downloaded: 0, duration: 0.170 seconds
05-21 11:59:52.689: D/dalvikvm(885): GC_EXPLICIT freed 246K, 28% free 41335K/56872K, paused 6ms+14ms, total 168ms
05-21 11:59:52.849: I/MediaSyncManager(16728): [Clusters Thumbnail] downloaded: 0, duration: 0.163 seconds
05-21 11:59:52.869: D/dalvikvm(6084): GC_EXPLICIT freed 274K, 74% free 3032K/11244K, paused 1ms+5ms, total 28ms
05-21 11:59:52.929: I/MediaSyncManager(16728): [Clusters Thumbnail] downloaded: 0, duration: 0.080 seconds
05-21 11:59:53.350: D/dalvikvm(885): GC_EXPLICIT freed 249K, 28% free 41333K/56872K, paused 5ms+14ms, total 174ms
05-21 11:59:53.350: W/qdhwcomposer(352): Excessive delay reading vsync: took 2986 ms
05-21 11:59:53.470: D/dalvikvm(6084): GC_EXPLICIT freed 287K, 74% free 3018K/11244K, paused 2ms+4ms, total 30ms
05-21 11:59:53.910: I/MediaSyncManager(16728): [Clusters Thumbnail] downloaded: 0, duration: 0.976 seconds
05-21 11:59:53.960: D/dalvikvm(885): GC_EXPLICIT freed 243K, 28% free 41334K/56872K, paused 6ms+14ms, total 179ms
05-21 11:59:54.040: D/dalvikvm(16728): GC_EXPLICIT freed 5222K, 33% free 22758K/33916K, paused 3ms+7ms, total 65ms
05-21 11:59:54.140: D/dalvikvm(6084): GC_EXPLICIT freed 291K, 74% free 3034K/11244K, paused 3ms+5ms, total 29ms
05-21 11:59:54.341: W/qdhwcomposer(352): Excessive delay reading vsync: took 833 ms
05-21 11:59:54.741: D/dalvikvm(885): GC_EXPLICIT freed 270K, 28% free 41334K/56872K, paused 5ms+11ms, total 172ms
05-21 11:59:54.821: D/dalvikvm(6084): GC_EXPLICIT freed 278K, 74% free 3006K/11244K, paused 4ms+4ms, total 29ms
05-21 11:59:54.851: I/MediaSyncManager(16728): [Clusters Thumbnail] downloaded: 0, duration: 0.941 seconds
05-21 11:59:54.921: I/MediaSyncManager(16728): [Clusters Thumbnail] downloaded: 0, duration: 0.068 seconds
05-21 11:59:55.181: I/MediaSyncManager(16728): [Clusters Thumbnail] downloaded: 0, duration: 0.255 seconds
05-21 11:59:55.372: I/MediaSyncManager(16728): [Clusters Thumbnail] downloaded: 0, duration: 0.184 seconds
05-21 11:59:55.382: W/qdhwcomposer(352): Excessive delay reading vsync: took 867 ms
05-21 11:59:55.392: D/dalvikvm(885): GC_EXPLICIT freed 242K, 28% free 41331K/56872K, paused 5ms+17ms, total 194ms
05-21 11:59:55.452: D/QCUtils(339): extended extractor not needed, return default
05-21 11:59:55.462: D/dalvikvm(16728): GC_EXPLICIT freed 4277K, 34% free 22627K/33916K, paused 4ms+8ms, total 48ms
05-21 11:59:55.482: I/MediaSyncManager(16728): [Clusters Thumbnail] downloaded: 0, duration: 0.114 seconds
05-21 11:59:55.532: D/dalvikvm(6084): GC_EXPLICIT freed 281K, 74% free 3030K/11244K, paused 2ms+4ms, total 21ms
05-21 11:59:55.792: I/MediaSyncManager(16728): [Clusters Large] downloaded: 0, duration: 0.295 seconds
05-21 11:59:55.932: D/dalvikvm(6084): GC_EXPLICIT freed 273K, 74% free 2994K/11244K, paused 2ms+4ms, total 28ms
05-21 11:59:56.122: D/dalvikvm(885): GC_EXPLICIT freed 294K, 28% free 41341K/56872K, paused 5ms+15ms, total 170ms
05-21 11:59:56.242: I/MediaSyncManager(16728): [Clusters Large] downloaded: 0, duration: 0.448 seconds
05-21 11:59:56.343: W/qdhwcomposer(352): Excessive delay reading vsync: took 383 ms
05-21 11:59:56.383: D/dalvikvm(16728): GC_EXPLICIT freed 2746K, 34% free 22645K/33916K, paused 3ms+6ms, total 49ms
05-21 11:59:56.413: I/LOWI-SERVER(533): [LOWIController] OSAgent Subscription timer, check and issue subscription request
05-21 11:59:56.413: E/QCALOG(528): [MessageQ] ProcessNewMessage: [LOWI-SERVER] unknown deliver target [OS-Agent]
05-21 11:59:56.483: I/MediaSyncManager(16728): [Clusters Large] downloaded: 0, duration: 0.239 seconds
05-21 11:59:56.513: D/dalvikvm(6084): GC_EXPLICIT freed 206K, 74% free 2996K/11244K, paused 2ms+4ms, total 29ms
05-21 11:59:56.583: I/MediaSyncManager(16728): [Clusters Large] downloaded: 0, duration: 0.092 seconds
05-21 11:59:56.823: D/dalvikvm(885): GC_EXPLICIT freed 271K, 28% free 41330K/56872K, paused 5ms+15ms, total 184ms
05-21 11:59:56.963: I/dalvikvm(16728): Jit: resizing JitTable from 8192 to 16384
05-21 11:59:57.113: I/MediaSyncManager(16728): [Clusters Large] downloaded: 0, duration: 0.527 seconds
05-21 11:59:57.133: D/dalvikvm(6084): GC_EXPLICIT freed 243K, 74% free 3014K/11244K, paused 5ms+5ms, total 31ms
05-21 11:59:57.364: W/qdhwcomposer(352): Excessive delay reading vsync: took 851 ms
05-21 11:59:57.424: I/MediaSyncManager(16728): [Clusters Large] downloaded: 0, duration: 0.306 seconds
05-21 11:59:57.504: D/dalvikvm(885): GC_EXPLICIT freed 253K, 28% free 41330K/56872K, paused 5ms+13ms, total 200ms
05-21 11:59:57.514: I/MediaSyncManager(16728): [Clusters Large] downloaded: 0, duration: 0.089 seconds
05-21 11:59:57.764: D/dalvikvm(16728): GC_EXPLICIT freed 4480K, 34% free 22690K/33916K, paused 4ms+7ms, total 43ms
05-21 11:59:57.824: D/dalvikvm(6084): GC_EXPLICIT freed 308K, 73% free 3041K/11244K, paused 2ms+4ms, total 28ms
05-21 11:59:58.134: I/MediaSyncManager(16728): [Clusters Large] downloaded: 0, duration: 0.617 seconds
05-21 11:59:58.174: D/dalvikvm(885): GC_EXPLICIT freed 237K, 28% free 41332K/56872K, paused 5ms+15ms, total 178ms
05-21 11:59:58.254: W/qdhwcomposer(352): Excessive delay reading vsync: took 717 ms
05-21 11:59:58.254: I/MediaSyncManager(16728): [Clusters Large] downloaded: 0, duration: 0.123 seconds
05-21 11:59:58.254: V/PanelView(1099): animationTick called with dtms=0; nothing to do (h=0.0 v=0.0)
05-21 11:59:58.405: I/MediaSyncManager(16728): [Clusters Large] downloaded: 0, duration: 0.149 seconds
05-21 11:59:58.495: D/dalvikvm(6084): GC_EXPLICIT freed 310K, 74% free 3022K/11244K, paused 2ms+4ms, total 37ms
05-21 11:59:58.695: V/PanelView(1099): animationTick called with dtms=0; nothing to do (h=1453.6991 v=3310.3281)
05-21 11:59:58.695: V/PanelView(1099): animationTick called with dtms=-5; nothing to do (h=1453.6991 v=3310.3281)
05-21 11:59:58.785: I/MediaSyncManager(16728): [Clusters Large] downloaded: 0, duration: 0.351 seconds
05-21 11:59:58.895: I/MediaSyncManager(16728): [Clusters Large] downloaded: 0, duration: 0.108 seconds
05-21 11:59:58.925: D/dalvikvm(885): GC_EXPLICIT freed 260K, 28% free 41332K/56872K, paused 7ms+14ms, total 197ms
05-21 11:59:59.125: D/dalvikvm(6084): GC_EXPLICIT freed 273K, 74% free 3021K/11244K, paused 2ms+5ms, total 33ms
05-21 11:59:59.145: I/MediaSyncManager(16728): [Clusters Large] downloaded: 0, duration: 0.250 seconds
05-21 11:59:59.235: W/qdhwcomposer(352): Excessive delay reading vsync: took 383 ms
05-21 11:59:59.295: D/dalvikvm(16728): GC_EXPLICIT freed 4774K, 34% free 22677K/33916K, paused 3ms+6ms, total 44ms
05-21 11:59:59.355: V/PanelView(1099): animationTick called with dtms=0; nothing to do (h=1004.5995 v=-6659.7935)
05-21 11:59:59.546: I/MediaSyncManager(16728): [Clusters Large] downloaded: 0, duration: 0.330 seconds
05-21 11:59:59.596: W/InputMethodManagerService(885): Window already focused, ignoring focus gain of: com.android.internal.view.IInputMethodClient$Stub$Proxy@43131be8 attribute=null, token = android.os.BinderProxy@42469d30
05-21 11:59:59.676: I/MediaSyncManager(16728): [Clusters Large] downloaded: 0, duration: 0.129 seconds
05-21 11:59:59.696: D/dalvikvm(885): GC_EXPLICIT freed 273K, 28% free 41335K/56872K, paused 6ms+16ms, total 217ms
05-21 11:59:59.856: D/dalvikvm(6084): GC_EXPLICIT freed 239K, 74% free 3006K/11244K, paused 2ms+3ms, total 25ms
05-21 12:00:00.006: I/ActivityManager(885): START u0 {act=android.intent.action.MAIN cat=[android.intent.category.LAUNCHER] flg=0x10200000 cmp=com.whatsapp/.Main} from pid 1531
05-21 12:00:00.026: W/Adreno-EGL(352): <qeglDrvAPI_eglMakeCurrent:2843>: EGL_BAD_MATCH
05-21 12:00:00.026: E/libEGL(352): eglMakeCurrent:671 error 3009 (EGL_BAD_MATCH)
05-21 12:00:00.056: D/alsa_ucm(339): snd_use_case_set(): uc_mgr 0xb72bba30 identifier _enadev value xLoud Speaker
05-21 12:00:00.056: D/alsa_ucm(339): snd_use_case_set(): uc_mgr 0xb72bba30 identifier _verb value HiFi Lowlatency
05-21 12:00:00.056: D/alsa_ucm(339): Set mixer controls for xLoud Speaker enable 1
05-21 12:00:00.056: D/alsa_ucm(339): acdb_id 520 cap 1 enable 1
05-21 12:00:00.056: D/ACDB-LOADER(339): ACDB -> send_audio_cal, acdb_id = 520, path =  0
05-21 12:00:00.056: D/ACDB-LOADER(339): ACDB -> send_adm_topology
05-21 12:00:00.056: D/ACDB-LOADER(339): ACDB -> ACDB_CMD_GET_AUDPROC_COMMON_TOPOLOGY_ID
05-21 12:00:00.056: D/ACDB-LOADER(339): ACDB -> send_audtable
05-21 12:00:00.056: D/ACDB-LOADER(339): ACDB -> ACDB_CMD_GET_AUDPROC_COMMON_TABLE
05-21 12:00:00.056: D/ACDB-LOADER(339): ACDB -> AUDIO_SET_AUDPROC_CAL
05-21 12:00:00.056: D/ACDB-LOADER(339): ACDB -> send_audvoltable
05-21 12:00:00.056: D/ACDB-LOADER(339): ACDB -> ACDB_CMD_GET_AUDPROC_GAIN_DEP_VOLTBL_STEP_COPP
05-21 12:00:00.056: D/ACDB-LOADER(339): ACDB -> AUDIO_SET_AUDPROC_VOL_CAL
05-21 12:00:00.056: D/ACDB-LOADER(339): ACDB -> AUDIO_SET_AFE_CAL
05-21 12:00:00.056: D/alsa_ucm(339): Setting mixer control: SLIM_0_RX Channels, value: Two
05-21 12:00:00.056: D/alsa_ucm(339): Setting mixer control: RX3 MIX1 INP1, value: RX1
05-21 12:00:00.066: D/alsa_ucm(339): Setting mixer control: RX3 MIX1 INP2, value: RX2
05-21 12:00:00.066: D/alsa_ucm(339): Setting mixer control: LINEOUT1 Volume, value: 100
05-21 12:00:00.066: D/alsa_ucm(339): Setting mixer control: SLIM TX3 MUX, value: RMIX3
05-21 12:00:00.066: D/alsa_ucm(339): Setting mixer control: SLIM TX5 MUX, value: RMIX3
05-21 12:00:00.066: D/alsa_ucm(339): Setting mixer control: RX3 Digital Volume, value: 68
05-21 12:00:00.066: D/alsa_ucm(339): Set mixer controls for HiFi Lowlatency enable 1
05-21 12:00:00.066: D/alsa_ucm(339): Setting mixer control: SLIMBUS_0_RX Audio Mixer MultiMedia5, value: 1
05-21 12:00:00.116: I/MediaSyncManager(16728): [Clusters Large] downloaded: 0, duration: 0.433 seconds
05-21 12:00:00.306: D/dalvikvm(6084): GC_EXPLICIT freed 200K, 74% free 2979K/11244K, paused 3ms+3ms, total 23ms
05-21 12:00:00.336: D/dalvikvm(16728): GC_EXPLICIT freed 2446K, 34% free 22671K/33916K, paused 3ms+6ms, total 47ms
05-21 12:00:00.386: I/MediaSyncManager(16728): [Clusters Large] downloaded: 0, duration: 0.263 seconds
05-21 12:00:00.427: I/MediaSyncManager(16728): [Clusters Large] downloaded: 0, duration: 0.043 seconds
05-21 12:00:00.547: D/dalvikvm(885): GC_EXPLICIT freed 2878K, 28% free 41338K/56872K, paused 5ms+14ms, total 184ms
05-21 12:00:00.707: I/MediaSyncManager(16728): [Clusters Large] downloaded: 0, duration: 0.274 seconds
05-21 12:00:00.707: W/qdhwcomposer(352): Excessive delay reading vsync: took 133 ms
05-21 12:00:00.817: D/dalvikvm(6084): GC_EXPLICIT freed 173K, 74% free 2997K/11244K, paused 2ms+4ms, total 25ms
05-21 12:00:00.817: I/MediaSyncManager(16728): [Clusters Large] downloaded: 0, duration: 0.107 seconds
05-21 12:00:00.887: W/qdhwcomposer(352): Excessive delay reading vsync: took 133 ms
05-21 12:00:01.197: D/dalvikvm(885): GC_EXPLICIT freed 240K, 28% free 41343K/56872K, paused 5ms+20ms, total 212ms
05-21 12:00:01.508: D/dalvikvm(6084): GC_EXPLICIT freed 255K, 74% free 3029K/11244K, paused 2ms+3ms, total 23ms
05-21 12:00:01.628: D/dalvikvm(16728): GC_EXPLICIT freed 4106K, 34% free 22678K/33916K, paused 4ms+7ms, total 46ms
05-21 12:00:01.868: D/dalvikvm(885): GC_EXPLICIT freed 345K, 28% free 41341K/56872K, paused 5ms+15ms, total 175ms
05-21 12:00:01.878: I/MediaSyncManager(16728): [Clusters Large] downloaded: 0, duration: 1.056 seconds
05-21 12:00:02.008: W/qdhwcomposer(352): Excessive delay reading vsync: took 233 ms
05-21 12:00:02.188: D/dalvikvm(6084): GC_EXPLICIT freed 302K, 73% free 3047K/11244K, paused 2ms+8ms, total 34ms
05-21 12:00:02.529: D/dalvikvm(885): GC_EXPLICIT freed 255K, 28% free 41335K/56872K, paused 6ms+16ms, total 196ms
05-21 12:00:02.939: D/dalvikvm(6084): GC_EXPLICIT freed 323K, 73% free 3043K/11244K, paused 2ms+4ms, total 43ms
05-21 12:00:03.039: I/MediaSyncManager(16728): [Clusters Large] downloaded: 0, duration: 1.156 seconds
05-21 12:00:03.059: W/qdhwcomposer(352): Excessive delay reading vsync: took 100 ms
05-21 12:00:03.139: I/MediaSyncManager(16728): [Clusters Large] downloaded: 0, duration: 0.098 seconds
05-21 12:00:03.199: D/dalvikvm(885): GC_EXPLICIT freed 230K, 28% free 41336K/56872K, paused 4ms+17ms, total 201ms
05-21 12:00:03.570: E/XT9ENEngine(1273): ET9AddExplicitSymb, status = 41
05-21 12:00:03.610: D/dalvikvm(16728): GC_EXPLICIT freed 6127K, 34% free 22676K/33916K, paused 4ms+14ms, total 66ms
05-21 12:00:03.660: W/qdhwcomposer(352): Excessive delay reading vsync: took 50 ms
05-21 12:00:03.740: D/dalvikvm(6084): GC_EXPLICIT freed 266K, 74% free 3012K/11244K, paused 2ms+6ms, total 25ms
05-21 12:00:04.130: D/dalvikvm(885): GC_EXPLICIT freed 283K, 28% free 41339K/56872K, paused 5ms+11ms, total 181ms
05-21 12:00:04.170: W/qdhwcomposer(352): Excessive delay reading vsync: took 133 ms
05-21 12:00:04.330: I/MediaSyncManager(16728): [Clusters Large] downloaded: 0, duration: 1.199 seconds
05-21 12:00:04.340: W/qdhwcomposer(352): Excessive delay reading vsync: took 50 ms
05-21 12:00:04.380: D/dalvikvm(6084): GC_EXPLICIT freed 224K, 74% free 2993K/11244K, paused 3ms+3ms, total 32ms
05-21 12:00:04.490: W/qdhwcomposer(352): Excessive delay reading vsync: took 33 ms
05-21 12:00:04.501: D/alsa_ucm(339): snd_use_case_set(): uc_mgr 0xb72bba30 identifier _verb value Inactive
05-21 12:00:04.501: D/alsa_ucm(339): Set mixer controls for HiFi Lowlatency enable 0
05-21 12:00:04.501: D/alsa_ucm(339): Setting mixer control: SLIMBUS_0_RX Audio Mixer MultiMedia5, value: 0
05-21 12:00:04.501: D/alsa_ucm(339): snd_use_case_set(): uc_mgr 0xb72bba30 identifier _disdev value Voice Speaker Tx
05-21 12:00:04.501: D/alsa_ucm(339): disdev: device Voice Speaker Tx not enabled, no need to disable
05-21 12:00:04.501: D/alsa_ucm(339): snd_use_case_set(): uc_mgr 0xb72bba30 identifier _disdev value xLoud Speaker
05-21 12:00:04.501: D/alsa_ucm(339): Set mixer controls for xLoud Speaker enable 0
05-21 12:00:04.501: D/alsa_ucm(339): Setting mixer control: RX3 MIX1 INP1, value: ZERO
05-21 12:00:04.511: D/alsa_ucm(339): Setting mixer control: RX3 MIX1 INP2, value: ZERO
05-21 12:00:04.511: D/alsa_ucm(339): Setting mixer control: LINEOUT1 Volume, value: 0
05-21 12:00:04.511: D/alsa_ucm(339): Setting mixer control: SLIM TX3 MUX, value: ZERO
05-21 12:00:04.511: D/alsa_ucm(339): Setting mixer control: SLIM TX5 MUX, value: ZERO
05-21 12:00:04.641: E/XT9ENEngine(1273): ET9AddExplicitSymb, status = 41
05-21 12:00:04.651: D/dalvikvm(16728): GC_EXPLICIT freed 2694K, 34% free 22673K/33916K, paused 4ms+7ms, total 51ms
05-21 12:00:04.791: W/qdhwcomposer(352): Excessive delay reading vsync: took 33 ms
05-21 12:00:04.821: I/MediaSyncManager(16728): [Clusters Large] downloaded: 0, duration: 0.484 seconds
05-21 12:00:04.951: D/dalvikvm(885): GC_EXPLICIT freed 278K, 28% free 41336K/56872K, paused 6ms+14ms, total 204ms
05-21 12:00:05.021: W/qdhwcomposer(352): Excessive delay reading vsync: took 216 ms
05-21 12:00:05.091: D/dalvikvm(6084): GC_EXPLICIT freed 210K, 74% free 3002K/11244K, paused 2ms+5ms, total 26ms
05-21 12:00:05.201: W/qdhwcomposer(352): Excessive delay reading vsync: took 116 ms
05-21 12:00:05.371: W/qdhwcomposer(352): Excessive delay reading vsync: took 50 ms
05-21 12:00:05.381: E/XT9ENEngine(1273): ET9AddExplicitSymb, status = 41
05-21 12:00:05.632: D/dalvikvm(885): GC_EXPLICIT freed 253K, 28% free 41336K/56872K, paused 5ms+15ms, total 188ms
05-21 12:00:05.742: D/dalvikvm(6084): GC_EXPLICIT freed 283K, 73% free 3037K/11244K, paused 2ms+3ms, total 29ms
05-21 12:00:05.912: W/qdhwcomposer(352): Excessive delay reading vsync: took 367 ms
05-21 12:00:05.912: I/MediaSyncManager(16728): [Clusters Large] downloaded: 0, duration: 1.094 seconds
05-21 12:00:06.062: D/dalvikvm(885): WAIT_FOR_CONCURRENT_GC blocked 1ms
05-21 12:00:06.072: W/qdhwcomposer(352): Excessive delay reading vsync: took 133 ms
05-21 12:00:06.242: D/dalvikvm(885): GC_EXPLICIT freed 214K, 28% free 41335K/56872K, paused 4ms+13ms, total 181ms
05-21 12:00:06.262: W/qdhwcomposer(352): Excessive delay reading vsync: took 116 ms
05-21 12:00:06.392: D/dalvikvm(16728): GC_EXPLICIT freed 5461K, 34% free 22673K/33916K, paused 3ms+6ms, total 45ms
05-21 12:00:06.412: W/qdhwcomposer(352): Excessive delay reading vsync: took 50 ms
05-21 12:00:06.442: D/dalvikvm(6084): GC_EXPLICIT freed 286K, 74% free 3027K/11244K, paused 2ms+5ms, total 34ms
05-21 12:00:06.723: W/qdhwcomposer(352): Excessive delay reading vsync: took 50 ms
05-21 12:00:07.003: I/MediaSyncManager(16728): [Clusters Large] downloaded: 0, duration: 1.069 seconds
05-21 12:00:07.143: D/dalvikvm(885): GC_EXPLICIT freed 309K, 28% free 41340K/56872K, paused 4ms+16ms, total 225ms
05-21 12:00:07.173: I/MediaSyncManager(16728): [Clusters Large] downloaded: 0, duration: 0.170 seconds
05-21 12:00:07.263: D/dalvikvm(6084): GC_EXPLICIT freed 279K, 74% free 3025K/11244K, paused 2ms+3ms, total 26ms
05-21 12:00:07.293: I/MediaSyncManager(16728): [Clusters Large] downloaded: 0, duration: 0.115 seconds
05-21 12:00:07.293: W/qdhwcomposer(352): Excessive delay reading vsync: took 450 ms
05-21 12:00:07.353: I/MediaSyncManager(16728): [Clusters Large] downloaded: 0, duration: 0.044 seconds
05-21 12:00:07.594: W/qdhwcomposer(352): Excessive delay reading vsync: took 266 ms
05-21 12:00:07.714: D/dalvikvm(16728): GC_EXPLICIT freed 4007K, 34% free 22637K/33916K, paused 3ms+9ms, total 60ms
05-21 12:00:07.794: D/dalvikvm(6084): GC_EXPLICIT freed 232K, 74% free 2991K/11244K, paused 2ms+3ms, total 24ms
05-21 12:00:07.804: I/MediaSyncManager(16728): [Clusters Large] downloaded: 0, duration: 0.434 seconds
05-21 12:00:07.944: W/qdhwcomposer(352): Excessive delay reading vsync: took 166 ms
05-21 12:00:07.964: I/MediaSyncManager(16728): [Clusters Large] downloaded: 0, duration: 0.157 seconds
05-21 12:00:07.984: D/dalvikvm(885): GC_EXPLICIT freed 303K, 28% free 41339K/56872K, paused 5ms+17ms, total 175ms
05-21 12:00:07.994: I/MediaSyncManager(16728): [Clusters Large] downloaded: 0, duration: 0.030 seconds
05-21 12:00:07.994: W/qdhwcomposer(352): Excessive delay reading vsync: took 33 ms
05-21 12:00:08.144: I/MediaSyncManager(16728): [Clusters Large] downloaded: 0, duration: 0.139 seconds
05-21 12:00:08.194: I/MediaSyncManager(16728): [Clusters Large] downloaded: 0, duration: 0.048 seconds
05-21 12:00:08.204: E/XT9ENEngine(1273): ET9AddExplicitSymb, status = 41
05-21 12:00:08.254: I/MediaSyncManager(16728): [Clusters Large] downloaded: 0, duration: 0.057 seconds
05-21 12:00:08.314: W/qdhwcomposer(352): Excessive delay reading vsync: took 50 ms
05-21 12:00:08.414: D/dalvikvm(6084): GC_EXPLICIT freed 198K, 74% free 2995K/11244K, paused 2ms+3ms, total 28ms
05-21 12:00:08.504: I/MediaSyncManager(16728): [Clusters Large] downloaded: 0, duration: 0.215 seconds
05-21 12:00:08.595: W/qdhwcomposer(352): Excessive delay reading vsync: took 50 ms
05-21 12:00:08.705: I/MediaSyncManager(16728): [Clusters Large] downloaded: 0, duration: 0.140 seconds
05-21 12:00:08.745: W/qdhwcomposer(352): Excessive delay reading vsync: took 50 ms
05-21 12:00:08.775: D/dalvikvm(885): GC_EXPLICIT freed 282K, 28% free 41336K/56872K, paused 6ms+17ms, total 203ms
05-21 12:00:08.825: E/MediaSyncManager(16728): Could not download media: https://lh5.googleusercontent.com/TBMk_VRqtxAUhv2peBb6Tw9TTNeqdeZwNcBoADMi6y0=s0-d
05-21 12:00:08.825: E/MediaSyncManager(16728): ghd: Error obtaining resource {gdp@43318028[g-null, p-0, ti-null, u-http://redirector.googlevideo.com/videoplayback?id=a2f7c8c901ec34ce&itag=18&source=webdrive&cmo=sensitive_content%3Dyes&ip=0.0.0.0&ipbits=0&expire=1396251035&sparams=id,itag,source,ip,ipbits,expire&signature=3240FFD838188F2503A40F9EF2F57C32F6AB51D1.75BBD4BEB40AEAA8D6A8AC2783E59C189DD5ECB1&key=ck2, l-null, ty-VIDEO, s-null] (original) hasEdits: false  disable-recycling download-only} status: permanent error httpError: 403
05-21 12:00:08.825: E/MediaSyncManager(16728): 	at ggq.a(PG:130)
05-21 12:00:08.825: E/MediaSyncManager(16728): 	at gdn.a(PG:114)
05-21 12:00:08.825: E/MediaSyncManager(16728): 	at ctv.a(PG:1019)
05-21 12:00:08.825: E/MediaSyncManager(16728): 	at ctv.a(PG:59)
05-21 12:00:08.825: E/MediaSyncManager(16728): 	at cuf.a(PG:1695)
05-21 12:00:08.825: E/MediaSyncManager(16728): 	at ctv.h(PG:844)
05-21 12:00:08.825: E/MediaSyncManager(16728): 	at ctv.f(PG:434)
05-21 12:00:08.825: E/MediaSyncManager(16728): 	at ctv.a(PG:302)
05-21 12:00:08.825: E/MediaSyncManager(16728): 	at dwe.b(PG:441)
05-21 12:00:08.825: E/MediaSyncManager(16728): 	at dwe.a(PG:295)
05-21 12:00:08.825: E/MediaSyncManager(16728): 	at dwe.onPerformSync(PG:205)
05-21 12:00:08.825: E/MediaSyncManager(16728): 	at android.content.AbstractThreadedSyncAdapter$SyncThread.run(AbstractThreadedSyncAdapter.java:261)
05-21 12:00:08.835: I/MediaSyncManager(16728): HTTP error: 403 imageUrl=https://lh5.googleusercontent.com/TBMk_VRqtxAUhv2peBb6Tw9TTNeqdeZwNcBoADMi6y0=s0-d
05-21 12:00:08.935: E/MediaSyncManager(16728): Could not download media: https://lh5.googleusercontent.com/SmuLxNj0D5xy5bPtfvlSEBm0kHRJfUmq_ZJ6nAKJ_HQ=s0-d
05-21 12:00:08.935: E/MediaSyncManager(16728): ghd: Error obtaining resource {gdp@43635de0[g-null, p-0, ti-null, u-http://redirector.googlevideo.com/videoplayback?id=c15f60591d0858fa&itag=18&source=webdrive&cmo=sensitive_content%3Dyes&ip=0.0.0.0&ipbits=0&expire=1396251035&sparams=id,itag,source,ip,ipbits,expire&signature=9514CEB6829EF116F7E71E8D8A623450E9A19D54.9A49DC48B68291927CD55A59618EEBC6685093ED&key=ck2, l-null, ty-VIDEO, s-null] (original) hasEdits: false  disable-recycling download-only} status: permanent error httpError: 403
05-21 12:00:08.935: E/MediaSyncManager(16728): 	at ggq.a(PG:130)
05-21 12:00:08.935: E/MediaSyncManager(16728): 	at gdn.a(PG:114)
05-21 12:00:08.935: E/MediaSyncManager(16728): 	at ctv.a(PG:1019)
05-21 12:00:08.935: E/MediaSyncManager(16728): 	at ctv.a(PG:59)
05-21 12:00:08.935: E/MediaSyncManager(16728): 	at cuf.a(PG:1695)
05-21 12:00:08.935: E/MediaSyncManager(16728): 	at ctv.h(PG:844)
05-21 12:00:08.935: E/MediaSyncManager(16728): 	at ctv.f(PG:434)
05-21 12:00:08.935: E/MediaSyncManager(16728): 	at ctv.a(PG:302)
05-21 12:00:08.935: E/MediaSyncManager(16728): 	at dwe.b(PG:441)
05-21 12:00:08.935: E/MediaSyncManager(16728): 	at dwe.a(PG:295)
05-21 12:00:08.935: E/MediaSyncManager(16728): 	at dwe.onPerformSync(PG:205)
05-21 12:00:08.935: E/MediaSyncManager(16728): 	at android.content.AbstractThreadedSyncAdapter$SyncThread.run(AbstractThreadedSyncAdapter.java:261)
05-21 12:00:08.935: I/MediaSyncManager(16728): HTTP error: 403 imageUrl=https://lh5.googleusercontent.com/SmuLxNj0D5xy5bPtfvlSEBm0kHRJfUmq_ZJ6nAKJ_HQ=s0-d
05-21 12:00:09.005: E/XT9ENEngine(1273): ET9AddExplicitSymb, status = 41
05-21 12:00:09.125: I/MediaSyncManager(16728): [Clusters Large] downloaded: 0, duration: 0.421 seconds
05-21 12:00:09.215: D/dalvikvm(16728): GC_EXPLICIT freed 3878K, 34% free 22678K/33916K, paused 5ms+6ms, total 44ms
05-21 12:00:09.275: I/MediaSyncManager(16728): [Clusters Large] downloaded: 0, duration: 0.104 seconds
05-21 12:00:09.335: W/qdhwcomposer(352): Excessive delay reading vsync: took 200 ms
05-21 12:00:09.345: D/dalvikvm(6084): GC_EXPLICIT freed 258K, 73% free 3044K/11244K, paused 2ms+4ms, total 29ms
05-21 12:00:09.355: I/MediaSyncManager(16728): [Clusters Large] downloaded: 0, duration: 0.065 seconds
05-21 12:00:09.465: I/MediaSyncManager(16728): [Clusters Large] downloaded: 0, duration: 0.104 seconds
05-21 12:00:09.615: D/dalvikvm(885): GC_EXPLICIT freed 291K, 28% free 41339K/56872K, paused 4ms+12ms, total 177ms
05-21 12:00:09.636: W/qdhwcomposer(352): Excessive delay reading vsync: took 83 ms
05-21 12:00:09.696: W/qdhwcomposer(352): Excessive delay reading vsync: took 34 ms
05-21 12:00:09.746: I/MediaSyncManager(16728): [Clusters Large] downloaded: 0, duration: 0.279 seconds
05-21 12:00:09.946: W/qdhwcomposer(352): Excessive delay reading vsync: took 49 ms
05-21 12:00:09.976: I/MediaSyncManager(16728): [Clusters Large] downloaded: 0, duration: 0.227 seconds
05-21 12:00:10.056: D/dalvikvm(6084): GC_EXPLICIT freed 302K, 74% free 3028K/11244K, paused 2ms+5ms, total 30ms
05-21 12:00:10.126: I/MediaSyncManager(16728): [Clusters Large] downloaded: 0, duration: 0.136 seconds
05-21 12:00:10.186: W/qdhwcomposer(352): Excessive delay reading vsync: took 116 ms
05-21 12:00:10.196: I/MediaSyncManager(16728): [Clusters Large] downloaded: 0, duration: 0.062 seconds
05-21 12:00:10.286: E/XT9ENEngine(1273): ET9AddExplicitSymb, status = 41
05-21 12:00:10.336: D/dalvikvm(885): GC_EXPLICIT freed 263K, 28% free 41339K/56872K, paused 5ms+18ms, total 211ms
05-21 12:00:10.717: D/dalvikvm(16728): GC_EXPLICIT freed 4762K, 34% free 22651K/33916K, paused 2ms+7ms, total 51ms
05-21 12:00:10.767: D/dalvikvm(6084): GC_EXPLICIT freed 269K, 74% free 3022K/11244K, paused 1ms+4ms, total 27ms
05-21 12:00:10.807: W/qdhwcomposer(352): Excessive delay reading vsync: took 100 ms
05-21 12:00:10.967: W/qdhwcomposer(352): Excessive delay reading vsync: took 33 ms
05-21 12:00:11.067: D/dalvikvm(885): GC_EXPLICIT freed 265K, 28% free 41340K/56872K, paused 7ms+13ms, total 187ms
05-21 12:00:11.147: I/MediaSyncManager(16728): [Clusters Large] downloaded: 0, duration: 0.949 seconds
05-21 12:00:11.357: W/qdhwcomposer(352): Excessive delay reading vsync: took 170 ms
05-21 12:00:11.387: D/dalvikvm(6084): GC_EXPLICIT freed 264K, 74% free 3022K/11244K, paused 2ms+4ms, total 33ms
05-21 12:00:11.427: E/XT9ENEngine(1273): ET9AddExplicitSymb, status = 41
05-21 12:00:11.477: D/QCUtils(339): extended extractor not needed, return default
05-21 12:00:11.657: W/qdhwcomposer(352): Excessive delay reading vsync: took 98 ms
05-21 12:00:11.728: D/dalvikvm(885): GC_EXPLICIT freed 245K, 28% free 41338K/56872K, paused 5ms+18ms, total 181ms
05-21 12:00:11.958: I/MediaSyncManager(16728): [Clusters Large] downloaded: 0, duration: 0.804 seconds
05-21 12:00:12.048: I/MediaSyncManager(16728): [Clusters Large] downloaded: 0, duration: 0.085 seconds
05-21 12:00:12.068: W/qdhwcomposer(352): Excessive delay reading vsync: took 166 ms
05-21 12:00:12.078: D/dalvikvm(6084): GC_EXPLICIT freed 250K, 74% free 3010K/11244K, paused 1ms+4ms, total 28ms
05-21 12:00:12.118: D/dalvikvm(16728): GC_EXPLICIT freed 4165K, 34% free 22657K/33916K, paused 3ms+10ms, total 47ms
05-21 12:00:12.268: W/qdhwcomposer(352): Excessive delay reading vsync: took 33 ms
05-21 12:00:12.318: I/MediaSyncManager(16728): [Clusters Large] downloaded: 0, duration: 0.267 seconds
05-21 12:00:12.378: I/yahoo.push.service(28917): yahoo.log.im: im_17338_im Received '200' from server
05-21 12:00:12.378: I/yahoo.push.service(28917): yahoo.log.im: im_17338_im Reg close. Timeout++: 4950s
05-21 12:00:12.378: I/yahoo.push.service(28917): yahoo.log.im: im_17338_im Connection count: 161
05-21 12:00:12.388: I/yahoo.push.service(28917): yahoo.log.im: im_17338_im Start HTTP Push. Idle timeout: 4950 Sequence: 555
05-21 12:00:12.388: V/yahoo.push.service(28917): yahoo.log.im: Registered alarm timer(Action: com.yahoo.android.push.Connection_Watchdoghakim.haustonim) to go off in: 4980s
05-21 12:00:12.498: I/MediaSyncManager(16728): [Clusters Large] downloaded: 0, duration: 0.177 seconds
05-21 12:00:12.548: D/dalvikvm(885): GC_EXPLICIT freed 303K, 28% free 41340K/56872K, paused 6ms+13ms, total 180ms
05-21 12:00:12.568: I/MediaSyncManager(16728): [Clusters Large] downloaded: 0, duration: 0.069 seconds
05-21 12:00:12.578: I/MediaSyncManager(16728): [downloadMedia] duration: 42.883 seconds
05-21 12:00:12.578: I/MediaSyncManager(16728): [Sync media complete] account: ***********************, totalSpaceUsed: 174953762, thumbnails: 0, largeImages: 0, videos: 0, bytes: 0, cacheEvictions: 0, cacheEvictionBytes: 0, AllPhotos Thumbnails synced total: 1435, AllPhotos Settings max thumbnails on wifi: 1000, AllPhotos Large/Videos synced total: 1794, AllPhotos Settings max large/videos on wifi: 1000, duration: 45.079 seconds
05-21 12:00:12.578: I/iu.SyncService(16728): ----> Movie maker for account: hakim.hauston@gmail.com
05-21 12:00:12.598: I/iu.SyncService(16728): ====> Sync complete
05-21 12:00:12.598: I/iu.SyncService(16728): Google+ Photos Sync finished. Elapsed time: 50734ms
05-21 12:00:12.598: I/iu.SyncService(16728):   [Photo up-sync] items: 0, sub-items: 0, bytes: 0, duration: 277ms, avg: 277ms
05-21 12:00:12.598: I/iu.SyncService(16728):   [Photo down-sync] items: 0, sub-items: 0, bytes: 0, duration: 50454ms, avg: 50454ms
05-21 12:00:12.598: I/iu.SyncService(16728):     [syncuserhighlights], duration: 4202ms, network: 4043ms, processing: 159ms, requests: 0, sent: 0, received: 0
05-21 12:00:12.638: I/EsApplication(16728): Trimming memory (onTrimMemory 20)
05-21 12:00:12.688: E/XT9ENEngine(1273): ET9AddExplicitSymb, status = 41
05-21 12:00:12.719: D/dalvikvm(6084): GC_EXPLICIT freed 213K, 74% free 3000K/11244K, paused 3ms+4ms, total 27ms
05-21 12:00:12.959: D/dalvikvm(16728): GC_FOR_ALLOC freed 20535K, 84% free 5453K/33916K, paused 41ms, total 41ms
05-21 12:00:13.109: D/dalvikvm(6084): GC_EXPLICIT freed 199K, 74% free 2987K/11244K, paused 1ms+4ms, total 27ms
05-21 12:00:13.139: D/dalvikvm(16728): GC_CONCURRENT freed 505K, 83% free 5953K/33916K, paused 4ms+4ms, total 36ms
05-21 12:00:13.139: D/dalvikvm(16728): WAIT_FOR_CONCURRENT_GC blocked 15ms
05-21 12:00:13.139: D/dalvikvm(16728): WAIT_FOR_CONCURRENT_GC blocked 15ms
05-21 12:00:13.169: W/qdhwcomposer(352): Excessive delay reading vsync: took 150 ms
05-21 12:00:13.219: W/qdhwcomposer(352): Excessive delay reading vsync: took 33 ms
05-21 12:00:13.269: E/XT9ENEngine(1273): ET9AddExplicitSymb, status = 41
05-21 12:00:13.339: D/dalvikvm(885): GC_EXPLICIT freed 221K, 28% free 41332K/56872K, paused 4ms+12ms, total 198ms
05-21 12:00:13.489: D/dalvikvm(16728): GC_CONCURRENT freed 383K, 81% free 6665K/33916K, paused 3ms+8ms, total 38ms
05-21 12:00:13.559: W/qdhwcomposer(352): Excessive delay reading vsync: took 216 ms
05-21 12:00:13.699: D/dalvikvm(16728): GC_CONCURRENT freed 405K, 78% free 7597K/33916K, paused 4ms+3ms, total 37ms
05-21 12:00:13.699: D/dalvikvm(16728): WAIT_FOR_CONCURRENT_GC blocked 9ms
05-21 12:00:13.720: D/dalvikvm(6084): GC_EXPLICIT freed 209K, 74% free 3006K/11244K, paused 1ms+3ms, total 23ms
05-21 12:00:13.800: W/Adreno-GSL(352): <gsl_ldd_control:393>: ioctl fd 14 code 0xc0140910 (IOCTL_KGSL_RINGBUFFER_ISSUEIBCMDS) failed: errno 71 Protocol error
05-21 12:00:13.800: W/Adreno-GSL(352): <log_gpu_snapshot:308>: panel.gpuSnapshotPath is not set.not generating user snapshot
05-21 12:00:14.000: D/dalvikvm(885): GC_EXPLICIT freed 180K, 28% free 41326K/56872K, paused 4ms+12ms, total 190ms
05-21 12:00:14.030: W/qdhwcomposer(352): Excessive delay reading vsync: took 147 ms
05-21 12:00:14.100: D/dalvikvm(16728): GC_CONCURRENT freed 548K, 75% free 8719K/33916K, paused 5ms+3ms, total 34ms
05-21 12:00:14.200: W/qdhwcomposer(352): Excessive delay reading vsync: took 150 ms
05-21 12:00:14.290: E/XT9ENEngine(1273): ET9AddExplicitSymb, status = 41
05-21 12:00:14.290: I/Choreographer(1273): Skipped 38 frames!  The application may be doing too much work on its main thread.
05-21 12:00:14.430: D/dalvikvm(6084): GC_EXPLICIT freed 281K, 73% free 3041K/11244K, paused 2ms+3ms, total 31ms
05-21 12:00:14.460: D/dalvikvm(16728): GC_CONCURRENT freed 937K, 71% free 9869K/33916K, paused 3ms+4ms, total 36ms
05-21 12:00:14.460: D/dalvikvm(16728): WAIT_FOR_CONCURRENT_GC blocked 14ms
05-21 12:00:14.670: W/qdhwcomposer(352): Excessive delay reading vsync: took 116 ms
05-21 12:00:14.690: D/dalvikvm(885): GC_EXPLICIT freed 173K, 28% free 41326K/56872K, paused 5ms+18ms, total 190ms
05-21 12:00:14.871: W/qdhwcomposer(352): Excessive delay reading vsync: took 33 ms
05-21 12:00:14.991: D/dalvikvm(16728): GC_CONCURRENT freed 917K, 67% free 11423K/33916K, paused 3ms+4ms, total 40ms
05-21 12:00:14.991: D/dalvikvm(16728): WAIT_FOR_CONCURRENT_GC blocked 27ms
05-21 12:00:14.991: D/dalvikvm(16728): WAIT_FOR_CONCURRENT_GC blocked 21ms
05-21 12:00:14.991: D/dalvikvm(16728): WAIT_FOR_CONCURRENT_GC blocked 11ms
05-21 12:00:15.031: W/qdhwcomposer(352): Excessive delay reading vsync: took 116 ms
05-21 12:00:15.131: W/qdhwcomposer(352): Excessive delay reading vsync: took 49 ms
05-21 12:00:15.221: W/qdhwcomposer(352): Excessive delay reading vsync: took 33 ms
05-21 12:00:15.231: D/dalvikvm(6084): GC_EXPLICIT freed 314K, 73% free 3040K/11244K, paused 2ms+4ms, total 26ms
05-21 12:00:15.411: E/XT9ENEngine(1273): ET9AddExplicitSymb, status = 41
05-21 12:00:15.451: D/dalvikvm(885): GC_EXPLICIT freed 198K, 28% free 41328K/56872K, paused 5ms+19ms, total 221ms
05-21 12:00:15.751: D/dalvikvm(16728): GC_CONCURRENT freed 1097K, 61% free 13284K/33916K, paused 4ms+10ms, total 47ms
05-21 12:00:15.751: D/dalvikvm(16728): WAIT_FOR_CONCURRENT_GC blocked 38ms
05-21 12:00:15.932: D/dalvikvm(6084): GC_EXPLICIT freed 254K, 74% free 2997K/11244K, paused 1ms+3ms, total 26ms
05-21 12:00:15.932: W/qdhwcomposer(352): Excessive delay reading vsync: took 49 ms
05-21 12:00:16.082: W/qdhwcomposer(352): Excessive delay reading vsync: took 83 ms
05-21 12:00:16.262: D/dalvikvm(885): GC_EXPLICIT freed 163K, 28% free 41328K/56872K, paused 5ms+14ms, total 211ms
05-21 12:00:16.322: W/qdhwcomposer(352): Excessive delay reading vsync: took 66 ms
05-21 12:00:16.552: D/dalvikvm(16728): GC_CONCURRENT freed 803K, 53% free 16096K/33916K, paused 4ms+7ms, total 66ms
05-21 12:00:16.552: D/dalvikvm(16728): WAIT_FOR_CONCURRENT_GC blocked 53ms
05-21 12:00:16.552: D/dalvikvm(16728): WAIT_FOR_CONCURRENT_GC blocked 10ms
05-21 12:00:16.552: D/dalvikvm(16728): WAIT_FOR_CONCURRENT_GC blocked 12ms
05-21 12:00:16.612: D/dalvikvm(6084): GC_EXPLICIT freed 203K, 74% free 2991K/11244K, paused 2ms+4ms, total 25ms
05-21 12:00:16.973: D/dalvikvm(885): GC_EXPLICIT freed 204K, 28% free 41328K/56872K, paused 5ms+10ms, total 180ms
05-21 12:00:17.073: E/Parcel(471): Reading a NULL string not supported here.
05-21 12:00:17.073: E/Parcel(471): Reading a NULL string not supported here.
05-21 12:00:17.073: W/qdhwcomposer(352): Excessive delay reading vsync: took 300 ms
05-21 12:00:17.153: D/dalvikvm(6084): GC_EXPLICIT freed 208K, 74% free 2999K/11244K, paused 2ms+4ms, total 27ms
05-21 12:00:17.323: W/qdhwcomposer(352): Excessive delay reading vsync: took 50 ms
05-21 12:00:17.473: D/dalvikvm(16728): GC_CONCURRENT freed 1549K, 44% free 19100K/33916K, paused 15ms+5ms, total 52ms
05-21 12:00:17.473: D/dalvikvm(16728): WAIT_FOR_CONCURRENT_GC blocked 33ms
05-21 12:00:17.473: D/dalvikvm(16728): WAIT_FOR_CONCURRENT_GC blocked 15ms
05-21 12:00:17.473: D/dalvikvm(16728): WAIT_FOR_CONCURRENT_GC blocked 18ms
05-21 12:00:17.473: D/dalvikvm(16728): WAIT_FOR_CONCURRENT_GC blocked 17ms
05-21 12:00:17.653: W/qdhwcomposer(352): Excessive delay reading vsync: took 33 ms
05-21 12:00:17.773: D/dalvikvm(885): GC_EXPLICIT freed 183K, 28% free 41332K/56872K, paused 7ms+13ms, total 200ms
05-21 12:00:17.824: W/qdhwcomposer(352): Excessive delay reading vsync: took 33 ms
05-21 12:00:17.834: E/XT9ENEngine(1273): ET9AddExplicitSymb, status = 41
05-21 12:00:17.924: D/dalvikvm(6084): GC_EXPLICIT freed 275K, 73% free 3039K/11244K, paused 2ms+5ms, total 30ms
05-21 12:00:18.044: W/qdhwcomposer(352): Excessive delay reading vsync: took 100 ms
05-21 12:00:18.414: D/dalvikvm(885): GC_EXPLICIT freed 187K, 28% free 41327K/56872K, paused 4ms+14ms, total 209ms
05-21 12:00:18.424: W/qdhwcomposer(352): Excessive delay reading vsync: took 166 ms
05-21 12:00:18.634: D/dalvikvm(16728): GC_CONCURRENT freed 2199K, 34% free 22422K/33916K, paused 5ms+7ms, total 57ms
05-21 12:00:18.634: D/dalvikvm(16728): WAIT_FOR_CONCURRENT_GC blocked 38ms
05-21 12:00:18.634: D/dalvikvm(6084): GC_EXPLICIT freed 315K, 73% free 3038K/11244K, paused 2ms+4ms, total 24ms
05-21 12:00:18.955: W/qdhwcomposer(352): Excessive delay reading vsync: took 367 ms
05-21 12:00:19.075: D/dalvikvm(885): GC_EXPLICIT freed 179K, 28% free 41328K/56872K, paused 6ms+14ms, total 175ms
05-21 12:00:19.075: W/qdhwcomposer(352): Excessive delay reading vsync: took 83 ms
05-21 12:00:19.315: D/dalvikvm(6084): GC_EXPLICIT freed 274K, 74% free 3018K/11244K, paused 1ms+4ms, total 24ms
05-21 12:00:19.445: W/qdhwcomposer(352): Excessive delay reading vsync: took 100 ms
05-21 12:00:19.745: D/dalvikvm(885): GC_EXPLICIT freed 179K, 28% free 41326K/56872K, paused 5ms+12ms, total 173ms
05-21 12:00:19.795: W/qdhwcomposer(352): Excessive delay reading vsync: took 183 ms
05-21 12:00:20.046: D/dalvikvm(6084): GC_EXPLICIT freed 266K, 74% free 3023K/11244K, paused 2ms+5ms, total 29ms
05-21 12:00:20.146: D/dalvikvm(16728): GC_EXPLICIT freed 2419K, 34% free 22597K/33916K, paused 3ms+7ms, total 74ms
05-21 12:00:20.186: I/system_monitor(346): alarm_callback - Received MAX alarm: apq_therm at Level:18
05-21 12:00:20.186: I/cpu_frequency(346): execute_action - cpu frequency mitigation requester = apq_therm freq = 1512000
05-21 12:00:20.186: I/cpu_frequency(346): Using previous CPU[0] frequency
05-21 12:00:20.186: I/cpu_frequency(346): Using previous CPU[1] frequency
05-21 12:00:20.186: I/cpu_frequency(346): Using previous CPU[2] frequency
05-21 12:00:20.186: I/cpu_frequency(346): Using previous CPU[3] frequency
05-21 12:00:20.186: I/cpu_frequency(346): log_idd - Thermal mitigation:sensor = apq_therm from level = 18 to 17
05-21 12:00:20.186: I/sysmon-charge_current_limit(346): set_charge_current_level - Set OK Charge Current limit:level 0
05-21 12:00:20.186: I/sysmon-charge_current_limit(346): log_idd - Thermal mitigation:sensor = apq_therm from level = 18 to 17
05-21 12:00:20.186: I/sysmon-charge_current_limit(346): execute_action - Set OK Charge Current limit:level 0
05-21 12:00:20.186: I/sysmon-usb_current_limit(346): set_usb_current_level - Set OK USB Current limit: 1500mA
05-21 12:00:20.186: I/sysmon-usb_current_limit(346): log_idd - Thermal mitigation:sensor = apq_therm from level = 18 to 17
05-21 12:00:20.186: I/system_monitor(346): log_idd - Thermal mitigation:sensor = apq_therm from level = 18 to 17
05-21 12:00:20.186: I/sysmon-gpu_frequency(346): execute_action - gpu_perflevel mitigation requester = apq_therm freq = 400000000 Hz
05-21 12:00:20.186: I/sysmon-gpu_frequency(346): GPU[0] frequency limited to 400000000 Hz
05-21 12:00:20.186: I/sysmon-gpu_frequency(346): log_idd - Thermal mitigation:sensor = apq_therm from level = 18 to 17
05-21 12:00:20.186: V/sysmon-modem_lagan(346): execute_action [341] LOCK 0xb6e06058 from 514
05-21 12:00:20.186: V/sysmon-modem_lagan(346): execute_action mutex 0xb6e06058 GOT by 514
05-21 12:00:20.186: I/sysmon-modem_lagan(346): execute_action - modem_level mitigation requester = apq_therm level = 0
05-21 12:00:20.186: I/sysmon-modem_lagan(346): Fusion modem already at mitigation state 0
05-21 12:00:20.186: V/sysmon-modem_lagan(346): execute_action [392] UNLOCK 0xb6e06058 from 514
05-21 12:00:20.186: E/bl_ctrl(344): set_bl_limit: thremal limit 240
05-21 12:00:20.186: I/illumination-service(344): Client disconnected
05-21 12:00:20.186: I/illumination-service(344): Client disconnected
05-21 12:00:20.186: I/libsysmon(885): handle_notification - Called
05-21 12:00:20.186: I/libsysmon(885): handle_notification - Dumping notification
05-21 12:00:20.186: I/libsysmon(885): name: apq_therm
05-21 12:00:20.186: I/libsysmon(885): current_level: 17
