05-21 11:01:19.894: W/ActivityManager(885): Scheduling restart of crashed service com.sonymobile.enterprise.service/.GoogleAnalyticsLogger in 5000ms
05-21 11:01:22.016: I/PowerManagerService(885): Going to sleep due to screen timeout...
05-21 11:01:22.597: W/ContextImpl(25528): Calling a method in the system process without a qualified user: android.app.ContextImpl.startService:1427 android.content.ContextWrapper.startService:473 com.sonymobile.phoneusage.service.ScreenReceiver.onReceive:24 android.app.LoadedApk$ReceiverDispatcher$Args.run:770 android.os.Handler.handleCallback:730 
05-21 11:01:37.163: W/ContextImpl(885): Calling a method in the system process without a qualified user: android.app.ContextImpl.startService:1427 com.sony.smallapp.internal.util.WindowUtils.hideSmallAppWindows:89 com.android.internal.policy.impl.keyguard.KeyguardViewManager.show:111 com.android.internal.policy.impl.keyguard.KeyguardViewMediator.handleShow:1308 com.android.internal.policy.impl.keyguard.KeyguardViewMediator.access$1600:107 
05-21 11:01:37.343: I/ActivityManager(885): Start proc com.sonymobile.enterprise.service for service com.sonymobile.enterprise.service/.GoogleAnalyticsLogger: pid=10772 uid=1000 gids={41000, 2993, 3003, 1015, 1028, 3002, 3001, 3006, 3007, 1021, 3004, 3005, 1000, 3009, 1023, 1010}
05-21 11:01:37.653: D/PhoneStatusBar(1099): disable: < EXPAND* icons alerts TICKER* system_info back home RECENT* clock SEARCH* >
05-21 11:01:43.113: W/ContextImpl(10772): Calling a method in the system process without a qualified user: android.app.ContextImpl.bindService:1481 android.content.ContextWrapper.bindService:496 com.sonymobile.enterprise.service.GoogleAnalyticsLogger.onStartCommand:152 android.app.ActivityThread.handleServiceArgs:2768 android.app.ActivityThread.access$1900:150 
05-21 11:01:43.173: I/ActivityManager(885): Start proc com.sonyericsson.android.bootinfo:remote for service com.sonyericsson.android.bootinfo/.MiscTaService: pid=10796 uid=1000 gids={41000, 2993, 3003, 1015, 1028, 3002, 3001, 3006, 3007, 1021, 3004, 3005, 1000, 3009, 1023, 1010}
05-21 11:01:44.073: W/ContextImpl(885): Calling a method in the system process without a qualified user: android.app.ContextImpl.sendBroadcast:1084 android.view.inputmethod.InputMethodManager$AsyncSendBroadcast.doInBackground:1275 android.view.inputmethod.InputMethodManager$AsyncSendBroadcast.doInBackground:1261 android.os.AsyncTask$2.call:287 java.util.concurrent.FutureTask.run:234 
05-21 11:01:44.083: D/PhoneStatusBar(1099): disable: < EXPAND icons alerts TICKER system_info BACK* HOME* RECENT CLOCK* SEARCH >
05-21 11:01:49.205: W/ContextImpl(10772): Calling a method in the system process without a qualified user: android.app.ContextImpl.bindService:1481 android.content.ContextWrapper.bindService:496 com.google.analytics.tracking.android.AnalyticsGmsCoreClient.connect:82 com.google.analytics.tracking.android.GAServiceProxy.connectToService:279 com.google.analytics.tracking.android.GAServiceProxy.createService:163 
05-21 11:01:49.205: W/ActivityManager(885): Unable to start service Intent { act=com.google.android.gms.analytics.service.START (has extras) } U=0: not found
05-21 11:01:54.219: W/ContextImpl(10772): Calling a method in the system process without a qualified user: android.app.ContextImpl.bindService:1481 android.content.ContextWrapper.bindService:496 com.google.analytics.tracking.android.AnalyticsGmsCoreClient.connect:82 com.google.analytics.tracking.android.GAServiceProxy.connectToService:279 com.google.analytics.tracking.android.GAServiceProxy.access$600:27 
05-21 11:01:54.219: W/ActivityManager(885): Unable to start service Intent { act=com.google.android.gms.analytics.service.START (has extras) } U=0: not found
05-21 11:02:10.373: V/BackupManagerService(885): Running a backup pass
05-21 11:02:10.373: V/BackupManagerService(885): clearing pending backups
05-21 11:02:10.373: V/PerformBackupTask(885): Beginning backup of 3 targets
05-21 11:02:10.433: D/PerformBackupTask(885): invokeAgentForBackup on @pm@
05-21 11:02:10.443: I/PerformBackupTask(885): no backup data written; not calling transport
05-21 11:02:10.453: D/PerformBackupTask(885): starting agent for backup of BackupRequest{pkg=android}
05-21 11:02:10.453: D/BackupManagerService(885): awaiting agent for ApplicationInfo{42186230 android}
05-21 11:02:10.453: D/BackupManagerService(885): agentConnected pkg=android agent=android.app.backup.BackupAgent$BackupServiceBinder@430509b8
05-21 11:02:10.453: I/BackupManagerService(885): got agent android.app.backup.BackupAgent$BackupServiceBinder@430509b8
05-21 11:02:10.453: D/PerformBackupTask(885): invokeAgentForBackup on android
05-21 11:02:10.553: I/PerformBackupTask(885): no backup data written; not calling transport
05-21 11:02:10.553: D/PerformBackupTask(885): starting agent for backup of BackupRequest{pkg=com.spaceapegames.samuraisiege}
05-21 11:02:10.563: D/BackupManagerService(885): awaiting agent for ApplicationInfo{42741f90 com.spaceapegames.samuraisiege}
05-21 11:02:10.573: D/BackupManagerService(885): agentConnected pkg=com.spaceapegames.samuraisiege agent=android.os.BinderProxy@41af4148
05-21 11:02:10.573: I/BackupManagerService(885): got agent android.app.IBackupAgent$Stub$Proxy@41b25188
05-21 11:02:10.573: D/PerformBackupTask(885): invokeAgentForBackup on com.spaceapegames.samuraisiege
05-21 11:02:11.264: D/PerformBackupTask(885): starting agent for backup of BackupRequest{pkg=com.android.providers.settings}
05-21 11:02:11.264: D/BackupManagerService(885): awaiting agent for ApplicationInfo{422691f0 com.android.providers.settings}
05-21 11:02:11.264: D/BackupManagerService(885): agentConnected pkg=com.android.providers.settings agent=android.app.backup.BackupAgent$BackupServiceBinder@43ee59c8
05-21 11:02:11.264: I/BackupManagerService(885): got agent android.app.backup.BackupAgent$BackupServiceBinder@43ee59c8
05-21 11:02:11.264: D/PerformBackupTask(885): invokeAgentForBackup on com.android.providers.settings
05-21 11:02:11.404: I/PerformBackupTask(885): no backup data written; not calling transport
05-21 11:02:11.404: I/PerformBackupTask(885): Backup pass finished.
05-21 11:03:05.983: W/ProcessStats(885): Skipping unknown process pid 11054
05-21 11:03:05.983: W/ProcessStats(885): Skipping unknown process pid 11055
05-21 11:03:05.983: W/ProcessStats(885): Skipping unknown process pid 11056
05-21 11:03:05.983: W/ProcessStats(885): Skipping unknown process pid 11057
05-21 11:03:05.983: W/ProcessStats(885): Skipping unknown process pid 11058
05-21 11:03:05.983: W/ProcessStats(885): Skipping unknown process pid 11059
05-21 11:03:05.983: W/ProcessStats(885): Skipping unknown process pid 11060
05-21 11:03:05.993: W/ProcessStats(885): Skipping unknown process pid 11061
05-21 11:03:05.993: W/ProcessStats(885): Skipping unknown process pid 11062
05-21 11:03:05.993: W/ProcessStats(885): Skipping unknown process pid 11063
05-21 11:04:42.144: W/ProcessStats(885): Skipping unknown process pid 11237
05-21 11:04:42.144: W/ProcessStats(885): Skipping unknown process pid 11238
05-21 11:04:42.154: W/ProcessStats(885): Skipping unknown process pid 11239
05-21 11:04:42.154: W/ProcessStats(885): Skipping unknown process pid 11240
05-21 11:04:42.154: W/ProcessStats(885): Skipping unknown process pid 11241
05-21 11:04:42.154: W/ProcessStats(885): Skipping unknown process pid 11242
05-21 11:04:42.154: W/ProcessStats(885): Skipping unknown process pid 11243
05-21 11:04:42.154: W/ProcessStats(885): Skipping unknown process pid 11244
05-21 11:04:42.154: W/ProcessStats(885): Skipping unknown process pid 11245
05-21 11:04:42.154: W/ProcessStats(885): Skipping unknown process pid 11246
05-21 11:07:04.193: D/QcConnectivityService(885): reportNetworkCondition(1, 100)
05-21 11:07:04.193: D/QcConnectivityService(885): handleInetConditionChange: net=1, condition=100,mActiveDefaultNetwork=1
05-21 11:07:04.193: D/QcConnectivityService(885): handleInetConditionChange: starting a change hold
05-21 11:07:04.693: D/QcConnectivityService(885): handleInetConditionHoldEnd: net=1, condition=100, published condition=100
05-21 11:07:04.693: D/QcConnectivityService(885): sendStickyBroadcast: action=android.net.conn.INET_CONDITION_ACTION
05-21 11:08:21.904: I/ActivityManager(885): Start proc com.sonyericsson.usbux for broadcast com.sonyericsson.usbux/.service.UsbServiceReceiver: pid=11810 uid=1000 gids={41000, 2993, 3003, 1015, 1028, 3002, 3001, 3006, 3007, 1021, 3004, 3005, 1000, 3009, 1023, 1010}
05-21 11:08:21.924: D/QcConnectivityService(885): Captive portal check NetworkInfo: type: WIFI[], state: CONNECTING/CAPTIVE_PORTAL_CHECK, reason: (unspecified), extra: "TMG56KDialUp", roaming: false, failover: false, isAvailable: true
05-21 11:08:21.924: D/QcConnectivityService(885): handleInetConditionChange: net=0 != default=1 - ignore
05-21 11:08:21.934: D/QcConnectivityService(885): Setting TCP values: [524288,1048576,2097152,262144,524288,1048576] which comes from [net.tcp.buffersize.wifi]
05-21 11:08:21.984: D/QcConnectivityService(885): handleConnectivityChange: changed linkProperty[1]: doReset=false resetMask=0
05-21 11:08:21.984: D/QcConnectivityService(885):    curLp={InterfaceName: wlan0 LinkAddresses: [192.168.1.101/24,]  Routes: [192.168.1.0/24 -> 0.0.0.0,0.0.0.0/0 -> 192.168.1.1,] DnsAddresses: [192.168.1.1,] Domains: singnet.com.sgHttpProxy: [ProxyProperties.mHost == null] }
05-21 11:08:21.984: D/QcConnectivityService(885):    newLp={InterfaceName: wlan0 LinkAddresses: [192.168.1.101/24,]  Routes: [192.168.1.0/24 -> 0.0.0.0,0.0.0.0/0 -> 192.168.1.1,] DnsAddresses: [192.168.1.1,] Domains: singnet.com.sgHttpProxy: [ProxyProperties.mHost == null] }
05-21 11:08:21.984: D/QcConnectivityService(885): handleConnectivityChange: address are the same reset per doReset linkProperty[1]: resetMask=0
05-21 11:08:21.984: D/Nat464Xlat(885): requiresClat: netType=1, hasIPv4Address=true
05-21 11:08:21.984: D/QcConnectivityService(885): sendStickyBroadcast: action=android.net.conn.CONNECTIVITY_CHANGE_IMMEDIATE
05-21 11:08:21.994: D/QcConnectivityService(885): sendStickyBroadcastDelayed: delayMs=3000, action=android.net.conn.CONNECTIVITY_CHANGE
05-21 11:08:22.074: W/ContextImpl(11810): Calling a method in the system process without a qualified user: android.app.ContextImpl.startService:1427 android.content.ContextWrapper.startService:473 android.content.ContextWrapper.startService:473 com.sonyericsson.usbux.service.UsbServiceReceiver.onReceive:58 android.app.ActivityThread.handleReceiver:2488 
05-21 11:08:22.144: W/ContextImpl(11810): Calling a method in the system process without a qualified user: android.app.ContextImpl.startService:1427 android.content.ContextWrapper.startService:473 android.content.ContextWrapper.startService:473 com.sonyericsson.usbux.service.UsbServiceReceiver.onReceive:58 android.app.ActivityThread.handleReceiver:2488 
05-21 11:08:22.164: W/ContextImpl(11810): Calling a method in the system process without a qualified user: android.app.ContextImpl.startService:1427 android.content.ContextWrapper.startService:473 android.content.ContextWrapper.startService:473 com.sonyericsson.usbux.service.UsbServiceReceiver.onReceive:58 android.app.ActivityThread.handleReceiver:2488 
05-21 11:09:04.393: D/QcConnectivityService(885): sendStickyBroadcast: action=android.net.conn.CONNECTIVITY_CHANGE
05-21 11:09:04.573: D/QcConnectivityService(885): reportNetworkCondition(1, 0)
05-21 11:09:04.583: D/QcConnectivityService(885): handleInetConditionChange: net=1, condition=0,mActiveDefaultNetwork=1
05-21 11:09:04.583: D/QcConnectivityService(885): handleInetConditionChange: starting a change hold
05-21 11:09:05.064: D/QcConnectivityService(885): reportNetworkCondition(1, 100)
05-21 11:09:05.064: D/QcConnectivityService(885): handleInetConditionChange: net=1, condition=100,mActiveDefaultNetwork=1
05-21 11:09:05.064: D/QcConnectivityService(885): handleInetConditionChange: currently in hold - not setting new end evt
05-21 11:09:07.586: D/QcConnectivityService(885): handleInetConditionHoldEnd: net=1, condition=100, published condition=0
05-21 11:09:07.586: D/QcConnectivityService(885): sendStickyBroadcast: action=android.net.conn.INET_CONDITION_ACTION
05-21 11:09:59.523: I/PowerManagerService(885): Waking up from sleep...
05-21 11:09:59.884: D/QcConnectivityService(885): reportNetworkCondition(1, 0)
05-21 11:09:59.884: D/QcConnectivityService(885): handleInetConditionChange: net=1, condition=0,mActiveDefaultNetwork=1
05-21 11:09:59.884: D/QcConnectivityService(885): handleInetConditionChange: starting a change hold
05-21 11:10:00.024: D/QcConnectivityService(885): reportNetworkCondition(1, 100)
05-21 11:10:00.024: D/QcConnectivityService(885): handleInetConditionChange: net=1, condition=100,mActiveDefaultNetwork=1
05-21 11:10:00.024: D/QcConnectivityService(885): handleInetConditionChange: currently in hold - not setting new end evt
05-21 11:10:00.114: I/WindowManager(885): Lock screen displayed!
05-21 11:10:00.264: I/ActivityManager(885): Start proc org.mozilla.firefox for service org.mozilla.firefox/org.mozilla.gecko.background.healthreport.upload.HealthReportUploadService: pid=12071 uid=10243 gids={50243, 3003, 1015, 1028}
05-21 11:10:00.404: W/ContextImpl(25528): Calling a method in the system process without a qualified user: android.app.ContextImpl.startService:1427 android.content.ContextWrapper.startService:473 com.sonymobile.phoneusage.service.ScreenReceiver.onReceive:24 android.app.LoadedApk$ReceiverDispatcher$Args.run:770 android.os.Handler.handleCallback:730 
05-21 11:10:00.424: I/ActivityManager(885): No longer want com.sonyericsson.crashmonitor (pid 9372): empty #34
05-21 11:10:00.444: I/ActivityManager(885): Start proc com.android.providers.calendar for content provider com.android.providers.calendar/.CalendarProvider2: pid=12089 uid=10019 gids={50019, 3003, 1015, 1028}
05-21 11:10:01.835: I/ActivityManager(885): Start proc com.android.calendar for broadcast com.android.calendar/.alerts.AlertReceiver: pid=12116 uid=10100 gids={50100, 3003, 1015, 1028}
05-21 11:10:01.835: I/ActivityManager(885): No longer want com.sonyericsson.tvout.mhl (pid 10417): empty #34
05-21 11:10:01.965: I/ActivityManager(885): No longer want com.sonymobile.xperialink (pid 10454): empty #34
05-21 11:10:02.886: D/QcConnectivityService(885): handleInetConditionHoldEnd: net=1, condition=100, published condition=100
05-21 11:10:02.886: D/QcConnectivityService(885): sendStickyBroadcast: action=android.net.conn.INET_CONDITION_ACTION
05-21 11:10:04.908: D/PhoneStatusBar(1099): disable: < expand* icons alerts ticker* system_info BACK HOME recent* CLOCK search* >
05-21 11:10:04.938: I/ActivityManager(885): Start proc com.sonyericsson.tvout.mhl for broadcast com.sonyericsson.tvout.mhl/.TvOutReceiver: pid=12166 uid=1000 gids={41000, 2993, 3003, 1015, 1028, 3002, 3001, 3006, 3007, 1021, 3004, 3005, 1000, 3009, 1023, 1010}
05-21 11:10:04.958: D/PhoneStatusBar(1099): disable: < expand icons alerts ticker system_info back* home* recent clock* search >
05-21 11:10:04.968: W/ContextImpl(885): Calling a method in the system process without a qualified user: android.app.ContextImpl.sendBroadcast:1084 android.view.inputmethod.InputMethodManager$AsyncSendBroadcast.doInBackground:1275 android.view.inputmethod.InputMethodManager$AsyncSendBroadcast.doInBackground:1261 android.os.AsyncTask$2.call:287 java.util.concurrent.FutureTask.run:234 
05-21 11:10:04.978: W/InputMethodManagerService(885): Window already focused, ignoring focus gain of: com.android.internal.view.IInputMethodClient$Stub$Proxy@4342a318 attribute=android.view.inputmethod.EditorInfo@437278f0, token = android.os.BinderProxy@42469d30
05-21 11:10:05.008: I/ActivityManager(885): No longer want com.google.android.apps.maps (pid 10432): empty #34
05-21 11:10:05.048: W/ContextImpl(25528): Calling a method in the system process without a qualified user: android.app.ContextImpl.startService:1427 android.content.ContextWrapper.startService:473 android.content.ContextWrapper.startService:473 com.sonymobile.phoneusage.service.UserPresentReceiver.onReceive:22 android.app.ActivityThread.handleReceiver:2488 
05-21 11:10:05.058: I/ActivityManager(885): Start proc com.sonymobile.xperialink for broadcast com.sonymobile.xperialink/.client.XperiaLinkAutoConnectStarter: pid=12191 uid=10135 gids={50135, 3002, 3001, 3003, 1015, 1028}
05-21 11:10:05.329: I/ActivityManager(885): No longer want com.google.android.tts (pid 10519): empty #34
05-21 11:10:05.349: I/ActivityManager(885): Start proc com.feelingtouch.gnz.realistic for broadcast com.feelingtouch.gnz.realistic/com.feelingtouch.bannerad.pushAd.PushAdReceiver: pid=12210 uid=10218 gids={50218, 3003, 1015, 1028}
05-21 11:10:05.379: W/ContextImpl(885): Calling a method in the system process without a qualified user: android.app.ContextImpl.startService:1427 com.sony.smallapp.internal.util.WindowUtils.showSmallAppWindows:102 com.android.internal.policy.impl.keyguard.KeyguardViewManager$2.run:490 android.os.Handler.handleCallback:730 android.os.Handler.dispatchMessage:92 
05-21 11:10:05.439: I/ActivityManager(885): Process com.feelingtouch.gnz.realistic (pid 12210) has died.
05-21 11:10:06.900: W/ActivityManager(885): Unable to start service Intent { act=com.google.android.gms.analytics.service.START (has extras) } U=0: not found
05-21 11:10:09.423: I/ActivityManager(885): START u0 {act=android.intent.action.MAIN cat=[android.intent.category.LAUNCHER] flg=0x10200000 cmp=com.spaceapegames.samuraisiege/com.prime31.UnityPlayerNativeActivity} from pid 1531
05-21 11:10:09.773: I/ActivityManager(885): Config changes=1480 {1.0 525mcc3mnc en_SG ldltr sw360dp w598dp h335dp 480dpi nrml land finger -keyb/v/h -nav/h s.233 skinPackageSeq.1}
05-21 11:10:11.445: I/WindowManager(885): Screen frozen for +1s721ms due to Window{4243ee80 u0 com.spaceapegames.samuraisiege/com.prime31.UnityPlayerNativeActivity}
05-21 11:10:11.905: W/ActivityManager(885): Unable to start service Intent { act=com.google.android.gms.analytics.service.START (has extras) } U=0: not found
05-21 11:10:14.688: I/ActivityManager(885): Process com.google.android.apps.plus (pid 9007) has died.
05-21 11:10:15.028: I/ActivityManager(885): Process com.android.vending (pid 32346) has died.
05-21 11:10:15.178: I/ActivityManager(885): Process com.yahoo.mobile.client.android.mail (pid 9038) has died.
05-21 11:10:15.198: I/ActivityManager(885): Process com.google.android.talk (pid 5531) has died.
05-21 11:10:15.198: I/ActivityManager(885): Process com.google.android.apps.magazines (pid 10125) has died.
05-21 11:10:16.219: I/ActivityManager(885): Process com.sonymobile.cameracommon (pid 8958) has died.
05-21 11:10:16.359: I/ActivityManager(885): Process com.sonymobile.social.services (pid 8976) has died.
05-21 11:10:16.399: I/ActivityManager(885): Process com.google.android.gsf.login (pid 8592) has died.
05-21 11:10:16.429: I/ActivityManager(885): Process com.android.chrome (pid 10108) has died.
05-21 11:10:16.630: I/ActivityManager(885): Process com.google.android.apps.uploader (pid 10079) has died.
05-21 11:10:17.000: I/ActivityManager(885): Process com.sonyericsson.android.camera (pid 9088) has died.
05-21 11:10:19.222: I/ActivityManager(885): Process com.sonyericsson.android.camera3d (pid 9070) has died.
05-21 11:10:20.714: I/ActivityManager(885): Process com.sonyericsson.android.addoncamera.artfilter (pid 9103) has died.
05-21 11:10:22.105: I/ActivityManager(885): Process com.sonyericsson.idd.agent (pid 10062) has died.
05-21 11:10:22.445: I/ActivityManager(885): Start proc com.android.vending for service com.android.vending/com.google.android.finsky.billing.iab.InAppBillingService: pid=12407 uid=10086 gids={50086, 3003, 1015, 1028}
05-21 11:10:22.525: I/ActivityManager(885): Process com.android.voicedialer (pid 8993) has died.
05-21 11:10:28.021: D/BackupManagerService(885): Now staging backup of com.spaceapegames.samuraisiege
05-21 11:10:31.334: D/webcoreglue(10584): netstack: Memory Cache feature is OFF
05-21 11:10:31.624: D/HostStatisticManager(10584): netstack: DNS Host Prioritization is: ON, Version: 5.0.1
05-21 11:10:31.624: I/(10584): netstack: LIB_MGR - Lib loaded: libdnshostprio.so
05-21 11:10:31.624: I/(10584): netstack: STAT_HUB - Succeeded to load plugin: libdnshostprio.so
05-21 11:10:31.624: E/(10584): netstack: LIB_MGR - Error loading lib spl_proc_plugin.so
05-21 11:10:31.624: E/(10584): netstack: STAT_HUB - Failed to load plugin: spl_proc_plugin.so
05-21 11:10:31.624: I/(10584): netstack: LIB_MGR - Lib loaded: pp_proc_plugin.so
05-21 11:10:31.624: I/(10584): netstack: STAT_HUB - Succeeded to load plugin: pp_proc_plugin.so
05-21 11:10:31.624: E/(10584): netstack:  STAT_HUB - App com.spaceapegames.samuraisiege isn't supported
05-21 11:10:31.664: D/(10584): external/chromium/net/socket/tcp_fin_aggregation_factory.cc: libtcpfinaggr.so successfully loaded
05-21 11:10:31.664: D/(10584): external/chromium/net/socket/tcp_fin_aggregation_factory.cc,: TCP Fin Aggregation initializing method was found in libtcpfinaggr.so
05-21 11:10:31.664: D/TCPFinAggregation(10584): netstack: TCPFinAggregation is 1, Version 5.0.1
05-21 11:10:31.664: D/TCPFinAggregation(10584): system property net.tcp.fin.aggregation.wait was set, value: 20
05-21 11:10:31.664: D/TCPFinAggregation(10584): system property net.tcp.fin.aggregation.close was set, value: 300
05-21 11:10:31.664: D/TCPFinAggregation(10584): netstack: CloseUnusedSockets is ON, (TCPFinAggregation), Version 5.0.1
05-21 11:10:31.664: D/TCPFinAggregation(10584): Failed to get network status! received ret: -6
05-21 11:10:31.664: D/Socket_Pool(10584): netstack: CloseUnusedSockets is ON
05-21 11:10:31.664: D/Socket_Pool(10584): netstack: system net.statistics value: 0
05-21 11:10:31.664: D/Socket_Pool(10584): netstack: CloseUnusedSockets is ON
05-21 11:10:31.664: D/Socket_Pool(10584): netstack: system net.statistics value: 0
05-21 11:10:31.674: D/(10584): external/chromium/net/http/http_getzip_factory.cc: libgetzip.so successfully loaded
05-21 11:10:31.674: D/(10584): external/chromium/net/http/http_getzip_factory.cc,: GETzip initializing method was found in libgetzip.so
05-21 11:10:31.674: D/(10584): netstack: Getzip is: ON, Version: 5.0.1
05-21 11:10:31.704: I/(10584): netstack: LIB_MGR - Lib loaded: qnet-plugin.so
05-21 11:10:31.704: D/(10584): netstack: Caching Of Redirection is: ON, Version: 5.0.1
05-21 11:10:31.704: D/(10584): netstack: Early Connections is: ON, Version: 5.0.1, Param: 3
05-21 11:10:35.288: I/ActivityManager(885): Process com.twitter.android (pid 10347) has died.
05-21 11:10:40.473: I/ActivityManager(885): Process com.skype.raider (pid 10277) has died.
05-21 11:11:42.804: I/ActivityManager(885): Process flipboard.app (pid 10215) has died.
05-21 11:12:15.786: I/ActivityManager(885): Process com.android.calendar (pid 12116) has died.
05-21 11:12:15.936: I/ActivityManager(885): Process org.mozilla.firefox (pid 12071) has died.
05-21 11:12:15.946: I/ActivityManager(885): Process com.snapchat.android (pid 10329) has died.
05-21 11:12:15.956: I/ActivityManager(885): Process com.genina.android.blackjack.view (pid 10394) has died.
05-21 11:12:15.976: I/ActivityManager(885): Process com.sonymobile.xperialink (pid 12191) has died.
05-21 11:12:46.045: W/ContextImpl(885): Calling a method in the system process without a qualified user: android.app.ContextImpl.startService:1427 android.content.ContextWrapper.startService:473 com.sonyericsson.psm.sysmonservice.SysmonMonitor.handleCameraActions:213 com.sonyericsson.psm.sysmonservice.SysmonMonitor.handleSysmonNotification:302 com.sonyericsson.sysmon.SysmonManager.reportEvent:238 
05-21 11:12:46.045: W/ContextImpl(30554): Calling a method in the system process without a qualified user: android.app.ContextImpl.sendBroadcast:1084 android.content.ContextWrapper.sendBroadcast:344 com.sonyericsson.psm.sysmonservice.SysmonActionService.onStartCommand:81 android.app.ActivityThread.handleServiceArgs:2768 android.app.ActivityThread.access$1900:150 
05-21 11:13:20.579: I/ActivityManager(885): Config changes=1400 {1.0 525mcc3mnc en_SG ldltr sw360dp w598dp h335dp 480dpi nrml land finger -keyb/v/h -nav/h s.234 skinPackageSeq.1}
05-21 11:13:20.669: I/WindowManager(885): Screen frozen for +134ms due to Window{4243ee80 u0 com.spaceapegames.samuraisiege/com.prime31.UnityPlayerNativeActivity}
05-21 11:13:26.054: W/ContextImpl(885): Calling a method in the system process without a qualified user: android.app.ContextImpl.startService:1427 android.content.ContextWrapper.startService:473 com.sonyericsson.psm.sysmonservice.SysmonMonitor.handleCameraActions:213 com.sonyericsson.psm.sysmonservice.SysmonMonitor.handleSysmonNotification:302 com.sonyericsson.sysmon.SysmonManager.reportEvent:238 
05-21 11:13:26.054: W/ContextImpl(30554): Calling a method in the system process without a qualified user: android.app.ContextImpl.sendBroadcast:1084 android.content.ContextWrapper.sendBroadcast:344 com.sonyericsson.psm.sysmonservice.SysmonActionService.onStartCommand:81 android.app.ActivityThread.handleServiceArgs:2768 android.app.ActivityThread.access$1900:150 
05-21 11:13:26.865: I/ActivityManager(885): Config changes=1400 {1.0 525mcc3mnc en_SG ldltr sw360dp w598dp h335dp 480dpi nrml land finger -keyb/v/h -nav/h s.235 skinPackageSeq.1}
05-21 11:13:26.895: I/WindowManager(885): Screen frozen for +77ms due to Window{4243ee80 u0 com.spaceapegames.samuraisiege/com.prime31.UnityPlayerNativeActivity}
05-21 11:14:06.063: W/ContextImpl(885): Calling a method in the system process without a qualified user: android.app.ContextImpl.startService:1427 android.content.ContextWrapper.startService:473 com.sonyericsson.psm.sysmonservice.SysmonMonitor.handleCameraActions:213 com.sonyericsson.psm.sysmonservice.SysmonMonitor.handleSysmonNotification:302 com.sonyericsson.sysmon.SysmonManager.reportEvent:238 
05-21 11:14:06.063: W/ContextImpl(30554): Calling a method in the system process without a qualified user: android.app.ContextImpl.sendBroadcast:1084 android.content.ContextWrapper.sendBroadcast:344 com.sonyericsson.psm.sysmonservice.SysmonActionService.onStartCommand:81 android.app.ActivityThread.handleServiceArgs:2768 android.app.ActivityThread.access$1900:150 
05-21 11:14:16.073: W/ContextImpl(885): Calling a method in the system process without a qualified user: android.app.ContextImpl.startService:1427 android.content.ContextWrapper.startService:473 com.sonyericsson.psm.sysmonservice.SysmonMonitor.handleCameraActions:213 com.sonyericsson.psm.sysmonservice.SysmonMonitor.handleSysmonNotification:302 com.sonyericsson.sysmon.SysmonManager.reportEvent:238 
05-21 11:14:16.073: W/ContextImpl(30554): Calling a method in the system process without a qualified user: android.app.ContextImpl.sendBroadcast:1084 android.content.ContextWrapper.sendBroadcast:344 com.sonyericsson.psm.sysmonservice.SysmonActionService.onStartCommand:81 android.app.ActivityThread.handleServiceArgs:2768 android.app.ActivityThread.access$1900:150 
05-21 11:15:16.102: W/ContextImpl(885): Calling a method in the system process without a qualified user: android.app.ContextImpl.startService:1427 android.content.ContextWrapper.startService:473 com.sonyericsson.psm.sysmonservice.SysmonMonitor.handleCameraActions:213 com.sonyericsson.psm.sysmonservice.SysmonMonitor.handleSysmonNotification:302 com.sonyericsson.sysmon.SysmonManager.reportEvent:238 
05-21 11:15:16.112: W/ContextImpl(30554): Calling a method in the system process without a qualified user: android.app.ContextImpl.sendBroadcast:1084 android.content.ContextWrapper.sendBroadcast:344 com.sonyericsson.psm.sysmonservice.SysmonActionService.onStartCommand:81 android.app.ActivityThread.handleServiceArgs:2768 android.app.ActivityThread.access$1900:150 
05-21 11:15:26.112: W/ContextImpl(885): Calling a method in the system process without a qualified user: android.app.ContextImpl.startService:1427 android.content.ContextWrapper.startService:473 com.sonyericsson.psm.sysmonservice.SysmonMonitor.handleCameraActions:213 com.sonyericsson.psm.sysmonservice.SysmonMonitor.handleSysmonNotification:302 com.sonyericsson.sysmon.SysmonManager.reportEvent:238 
05-21 11:15:26.122: W/ContextImpl(30554): Calling a method in the system process without a qualified user: android.app.ContextImpl.sendBroadcast:1084 android.content.ContextWrapper.sendBroadcast:344 com.sonyericsson.psm.sysmonservice.SysmonActionService.onStartCommand:81 android.app.ActivityThread.handleServiceArgs:2768 android.app.ActivityThread.access$1900:150 
05-21 11:15:29.125: W/ContextImpl(885): Calling a method in the system process without a qualified user: android.app.ContextImpl.startService:1427 android.content.ContextWrapper.startService:473 com.sonyericsson.psm.sysmonservice.SysmonMonitor.handleCameraActions:213 com.sonyericsson.psm.sysmonservice.SysmonMonitor.handleSysmonNotification:302 com.sonyericsson.sysmon.SysmonManager.reportEvent:238 
05-21 11:15:29.125: W/ContextImpl(30554): Calling a method in the system process without a qualified user: android.app.ContextImpl.sendBroadcast:1084 android.content.ContextWrapper.sendBroadcast:344 com.sonyericsson.psm.sysmonservice.SysmonActionService.onStartCommand:81 android.app.ActivityThread.handleServiceArgs:2768 android.app.ActivityThread.access$1900:150 
05-21 11:15:35.140: W/ContextImpl(885): Calling a method in the system process without a qualified user: android.app.ContextImpl.startService:1427 android.content.ContextWrapper.startService:473 com.sonyericsson.psm.sysmonservice.SysmonMonitor.handleCameraActions:213 com.sonyericsson.psm.sysmonservice.SysmonMonitor.handleSysmonNotification:302 com.sonyericsson.sysmon.SysmonManager.reportEvent:238 
05-21 11:15:35.140: W/ContextImpl(30554): Calling a method in the system process without a qualified user: android.app.ContextImpl.sendBroadcast:1084 android.content.ContextWrapper.sendBroadcast:344 com.sonyericsson.psm.sysmonservice.SysmonActionService.onStartCommand:81 android.app.ActivityThread.handleServiceArgs:2768 android.app.ActivityThread.access$1900:150 
05-21 11:16:11.075: I/ActivityManager(885): Process com.android.providers.calendar (pid 12089) has died.
05-21 11:16:11.095: I/ActivityManager(885): Process com.sonymobile.mx.android (pid 10041) has died.
05-21 11:16:11.115: I/ActivityManager(885): Process com.sonyericsson.tvout.mhl (pid 12166) has died.
05-21 11:17:02.396: W/ContextImpl(885): Calling a method in the system process without a qualified user: android.app.ContextImpl.startService:1427 android.content.ContextWrapper.startService:473 com.sonyericsson.psm.sysmonservice.SysmonMonitor.handleCameraActions:213 com.sonyericsson.psm.sysmonservice.SysmonMonitor.handleSysmonNotification:302 com.sonyericsson.sysmon.SysmonManager.reportEvent:238 
05-21 11:17:02.396: W/ContextImpl(30554): Calling a method in the system process without a qualified user: android.app.ContextImpl.sendBroadcast:1084 android.content.ContextWrapper.sendBroadcast:344 com.sonyericsson.psm.sysmonservice.SysmonActionService.onStartCommand:81 android.app.ActivityThread.handleServiceArgs:2768 android.app.ActivityThread.access$1900:150 
05-21 11:17:49.511: W/ContextImpl(885): Calling a method in the system process without a qualified user: android.app.ContextImpl.startService:1427 android.content.ContextWrapper.startService:473 com.sonyericsson.psm.sysmonservice.SysmonMonitor.handleCameraActions:213 com.sonyericsson.psm.sysmonservice.SysmonMonitor.handleSysmonNotification:302 com.sonyericsson.sysmon.SysmonManager.reportEvent:238 
05-21 11:17:49.522: W/ContextImpl(30554): Calling a method in the system process without a qualified user: android.app.ContextImpl.sendBroadcast:1084 android.content.ContextWrapper.sendBroadcast:344 com.sonyericsson.psm.sysmonservice.SysmonActionService.onStartCommand:81 android.app.ActivityThread.handleServiceArgs:2768 android.app.ActivityThread.access$1900:150 
05-21 11:19:03.524: I/ActivityManager(885): Start proc com.android.providers.calendar for content provider com.android.providers.calendar/.CalendarProvider2: pid=14293 uid=10019 gids={50019, 3003, 1015, 1028}
05-21 11:19:04.685: I/ActivityManager(885): Start proc com.android.calendar for broadcast com.android.calendar/.alerts.AlertReceiver: pid=14317 uid=10100 gids={50100, 3003, 1015, 1028}
05-21 11:19:09.760: W/ActivityManager(885): Unable to start service Intent { act=com.google.android.gms.analytics.service.START (has extras) } U=0: not found
05-21 11:19:14.765: W/ActivityManager(885): Unable to start service Intent { act=com.google.android.gms.analytics.service.START (has extras) } U=0: not found
05-21 11:20:40.989: W/ContextImpl(885): Calling a method in the system process without a qualified user: android.app.ContextImpl.startService:1427 android.content.ContextWrapper.startService:473 com.sonyericsson.psm.sysmonservice.SysmonMonitor.handleCameraActions:213 com.sonyericsson.psm.sysmonservice.SysmonMonitor.handleSysmonNotification:302 com.sonyericsson.sysmon.SysmonManager.reportEvent:238 
05-21 11:20:40.999: W/ContextImpl(30554): Calling a method in the system process without a qualified user: android.app.ContextImpl.sendBroadcast:1084 android.content.ContextWrapper.sendBroadcast:344 com.sonyericsson.psm.sysmonservice.SysmonActionService.onStartCommand:81 android.app.ActivityThread.handleServiceArgs:2768 android.app.ActivityThread.access$1900:150 
05-21 11:22:01.227: W/ContextImpl(885): Calling a method in the system process without a qualified user: android.app.ContextImpl.startService:1427 android.content.ContextWrapper.startService:473 com.sonyericsson.psm.sysmonservice.SysmonMonitor.handleCameraActions:213 com.sonyericsson.psm.sysmonservice.SysmonMonitor.handleSysmonNotification:302 com.sonyericsson.sysmon.SysmonManager.reportEvent:238 
05-21 11:22:01.237: W/ContextImpl(30554): Calling a method in the system process without a qualified user: android.app.ContextImpl.sendBroadcast:1084 android.content.ContextWrapper.sendBroadcast:344 com.sonyericsson.psm.sysmonservice.SysmonActionService.onStartCommand:81 android.app.ActivityThread.handleServiceArgs:2768 android.app.ActivityThread.access$1900:150 
05-21 11:22:04.450: D/QcConnectivityService(885): reportNetworkCondition(1, 100)
05-21 11:22:04.450: D/QcConnectivityService(885): handleInetConditionChange: net=1, condition=100,mActiveDefaultNetwork=1
05-21 11:22:04.450: D/QcConnectivityService(885): handleInetConditionChange: starting a change hold
05-21 11:22:04.961: D/QcConnectivityService(885): handleInetConditionHoldEnd: net=1, condition=100, published condition=100
05-21 11:22:04.961: D/QcConnectivityService(885): sendStickyBroadcast: action=android.net.conn.INET_CONDITION_ACTION
05-21 11:23:11.436: W/ContextImpl(885): Calling a method in the system process without a qualified user: android.app.ContextImpl.startService:1427 android.content.ContextWrapper.startService:473 com.sonyericsson.psm.sysmonservice.SysmonMonitor.handleCameraActions:213 com.sonyericsson.psm.sysmonservice.SysmonMonitor.handleSysmonNotification:302 com.sonyericsson.sysmon.SysmonManager.reportEvent:238 
05-21 11:23:11.446: W/ContextImpl(30554): Calling a method in the system process without a qualified user: android.app.ContextImpl.sendBroadcast:1084 android.content.ContextWrapper.sendBroadcast:344 com.sonyericsson.psm.sysmonservice.SysmonActionService.onStartCommand:81 android.app.ActivityThread.handleServiceArgs:2768 android.app.ActivityThread.access$1900:150 
05-21 11:23:15.439: I/ActivityManager(885): No longer want com.google.android.gms.drive (pid 4888): empty for 1804s
05-21 11:23:15.470: W/ActivityManager(885): Scheduling restart of crashed service com.google.android.gms/.drive.api.ApiService in 5000ms
05-21 11:23:20.494: I/ActivityManager(885): Start proc com.google.android.gms.drive for service com.google.android.gms/.drive.api.ApiService: pid=14951 uid=10046 gids={50046, 3003, 2001, 1007, 3006, 1028, 1015, 3002, 3001}
05-21 11:25:29.450: I/ActivityManager(885): Start proc com.sonyericsson.crashmonitor for broadcast com.sonyericsson.crashmonitor/.receiver.CrashMonitorServiceBroadcastReceiver: pid=15097 uid=10105 gids={50105, 1007, 1028, 1015, 1023}
05-21 11:25:38.019: I/ActivityManager(885): No longer want com.lonelysockgames.CoralCity:com.urbanairship.process (pid 5448): empty for 1807s
05-21 11:25:38.039: W/ActivityManager(885): Scheduling restart of crashed service com.lonelysockgames.CoralCity/com.urbanairship.push.PushService in 5000ms
05-21 11:25:43.053: I/ActivityManager(885): Start proc com.lonelysockgames.CoralCity:com.urbanairship.process for service com.lonelysockgames.CoralCity/com.urbanairship.push.PushService: pid=15141 uid=10233 gids={50233, 3003, 1015, 1028}
05-21 11:25:48.008: I/ActivityManager(885): Start proc com.lonelysockgames.CoralCity for broadcast com.lonelysockgames.CoralCity/com.lonelysockgames.PushNotificationReceiver: pid=15168 uid=10233 gids={50233, 3003, 1015, 1028}
05-21 11:26:02.853: I/PowerManagerService(885): Going to sleep due to screen timeout...
05-21 11:26:03.233: I/ActivityManager(885): Process jp.naver.line.android (pid 10153) has died.
05-21 11:26:03.403: W/ContextImpl(25528): Calling a method in the system process without a qualified user: android.app.ContextImpl.startService:1427 android.content.ContextWrapper.startService:473 com.sonymobile.phoneusage.service.ScreenReceiver.onReceive:24 android.app.LoadedApk$ReceiverDispatcher$Args.run:770 android.os.Handler.handleCallback:730 
05-21 11:26:03.694: W/ActivityManager(885): Activity pause timeout for ActivityRecord{41b1b720 u0 com.spaceapegames.samuraisiege/com.prime31.UnityPlayerNativeActivity}
05-21 11:26:05.956: W/ContextImpl(885): Calling a method in the system process without a qualified user: android.app.ContextImpl.startService:1427 android.content.ContextWrapper.startService:473 com.sonyericsson.psm.sysmonservice.SysmonMonitor.handleCameraActions:213 com.sonyericsson.psm.sysmonservice.SysmonMonitor.handleSysmonNotification:302 com.sonyericsson.sysmon.SysmonManager.reportEvent:238 
05-21 11:26:05.956: W/ContextImpl(30554): Calling a method in the system process without a qualified user: android.app.ContextImpl.sendBroadcast:1084 android.content.ContextWrapper.sendBroadcast:344 com.sonyericsson.psm.sysmonservice.SysmonActionService.onStartCommand:81 android.app.ActivityThread.handleServiceArgs:2768 android.app.ActivityThread.access$1900:150 
05-21 11:26:13.435: W/ContextImpl(885): Calling a method in the system process without a qualified user: android.app.ContextImpl.startService:1427 android.content.ContextWrapper.startService:473 com.sonyericsson.psm.sysmonservice.SysmonMonitor.handleCameraActions:213 com.sonyericsson.psm.sysmonservice.SysmonMonitor.handleSysmonNotification:302 com.sonyericsson.sysmon.SysmonManager.reportEvent:238 
05-21 11:26:13.465: W/ContextImpl(30554): Calling a method in the system process without a qualified user: android.app.ContextImpl.sendBroadcast:1084 android.content.ContextWrapper.sendBroadcast:344 com.sonyericsson.psm.sysmonservice.SysmonActionService.onStartCommand:81 android.app.ActivityThread.handleServiceArgs:2768 android.app.ActivityThread.access$1900:150 
05-21 11:26:19.083: W/ContextImpl(885): Calling a method in the system process without a qualified user: android.app.ContextImpl.startService:1427 com.sony.smallapp.internal.util.WindowUtils.hideSmallAppWindows:89 com.android.internal.policy.impl.keyguard.KeyguardViewManager.show:111 com.android.internal.policy.impl.keyguard.KeyguardViewMediator.handleShow:1308 com.android.internal.policy.impl.keyguard.KeyguardViewMediator.access$1600:107 
05-21 11:26:19.353: D/PhoneStatusBar(1099): disable: < EXPAND* icons alerts TICKER* system_info back home RECENT* clock SEARCH* >
05-21 11:26:22.053: D/BackupManagerService(885): Now staging backup of android
05-21 11:26:22.093: I/ActivityManager(885): Config changes=1480 {1.0 525mcc3mnc en_SG ldltr sw360dp w360dp h567dp 480dpi nrml port finger -keyb/v/h -nav/h s.236 skinPackageSeq.1}
05-21 11:26:22.509: I/ActivityManager(885): Process com.outlook.Z7:client (pid 5684) has died.
05-21 11:26:31.013: W/ContextImpl(885): Calling a method in the system process without a qualified user: android.app.ContextImpl.startService:1427 android.content.ContextWrapper.startService:473 com.sonyericsson.psm.sysmonservice.SysmonMonitor.handleCameraActions:213 com.sonyericsson.psm.sysmonservice.SysmonMonitor.handleSysmonNotification:302 com.sonyericsson.sysmon.SysmonManager.reportEvent:238 
05-21 11:26:31.023: W/ContextImpl(30554): Calling a method in the system process without a qualified user: android.app.ContextImpl.sendBroadcast:1084 android.content.ContextWrapper.sendBroadcast:344 com.sonyericsson.psm.sysmonservice.SysmonActionService.onStartCommand:81 android.app.ActivityThread.handleServiceArgs:2768 android.app.ActivityThread.access$1900:150 
05-21 11:26:32.232: W/WindowManager(885): Window freeze timeout expired.
05-21 11:26:32.232: W/WindowManager(885): Force clearing orientation change: Window{424cafc8 u0 Keyguard}
05-21 11:26:32.232: W/WindowManager(885): Force clearing orientation change: Window{43247f28 u0 com.android.systemui.ImageWallpaper}
05-21 11:26:32.272: D/PhoneStatusBar(1099): disable: < EXPAND icons alerts TICKER system_info BACK* HOME* RECENT CLOCK* SEARCH >
05-21 11:26:32.372: I/ActivityManager(885): Process com.android.providers.calendar (pid 14293) has died.
05-21 11:26:32.422: W/ContextImpl(885): Calling a method in the system process without a qualified user: android.app.ContextImpl.sendBroadcast:1084 android.view.inputmethod.InputMethodManager$AsyncSendBroadcast.doInBackground:1275 android.view.inputmethod.InputMethodManager$AsyncSendBroadcast.doInBackground:1261 android.os.AsyncTask$2.call:287 java.util.concurrent.FutureTask.run:234 
05-21 11:26:32.442: I/ActivityManager(885): Process com.android.calendar (pid 14317) has died.
05-21 11:26:32.522: I/ActivityManager(885): Process com.sonyericsson.crashmonitor (pid 15097) has died.
05-21 11:26:32.542: I/ActivityManager(885): Process com.lonelysockgames.CoralCity (pid 15168) has died.
05-21 11:26:32.763: I/ActivityManager(885): Process com.facebook.katana (pid 3895) has died.
05-21 11:26:32.763: W/ActivityManager(885): Scheduling restart of crashed service com.facebook.katana/com.facebook.push.mqtt.service.MqttPushService in 5000ms
05-21 11:27:01.993: W/ContextImpl(885): Calling a method in the system process without a qualified user: android.app.ContextImpl.startService:1427 android.content.ContextWrapper.startService:473 com.sonyericsson.psm.sysmonservice.SysmonMonitor.handleCameraActions:213 com.sonyericsson.psm.sysmonservice.SysmonMonitor.handleSysmonNotification:302 com.sonyericsson.sysmon.SysmonManager.reportEvent:238 
05-21 11:27:01.993: W/ContextImpl(30554): Calling a method in the system process without a qualified user: android.app.ContextImpl.sendBroadcast:1084 android.content.ContextWrapper.sendBroadcast:344 com.sonyericsson.psm.sysmonservice.SysmonActionService.onStartCommand:81 android.app.ActivityThread.handleServiceArgs:2768 android.app.ActivityThread.access$1900:150 
05-21 11:27:07.143: W/ContextImpl(885): Calling a method in the system process without a qualified user: android.app.ContextImpl.startService:1427 android.content.ContextWrapper.startService:473 com.sonyericsson.psm.sysmonservice.SysmonMonitor.handleCameraActions:213 com.sonyericsson.psm.sysmonservice.SysmonMonitor.handleSysmonNotification:302 com.sonyericsson.sysmon.SysmonManager.reportEvent:238 
05-21 11:27:07.143: W/ContextImpl(30554): Calling a method in the system process without a qualified user: android.app.ContextImpl.sendBroadcast:1084 android.content.ContextWrapper.sendBroadcast:344 com.sonyericsson.psm.sysmonservice.SysmonActionService.onStartCommand:81 android.app.ActivityThread.handleServiceArgs:2768 android.app.ActivityThread.access$1900:150 
05-21 11:27:11.773: W/ContextImpl(885): Calling a method in the system process without a qualified user: android.app.ContextImpl.startService:1427 android.content.ContextWrapper.startService:473 com.sonyericsson.psm.sysmonservice.SysmonMonitor.handleCameraActions:213 com.sonyericsson.psm.sysmonservice.SysmonMonitor.handleSysmonNotification:302 com.sonyericsson.sysmon.SysmonManager.reportEvent:238 
05-21 11:27:11.783: W/ContextImpl(30554): Calling a method in the system process without a qualified user: android.app.ContextImpl.sendBroadcast:1084 android.content.ContextWrapper.sendBroadcast:344 com.sonyericsson.psm.sysmonservice.SysmonActionService.onStartCommand:81 android.app.ActivityThread.handleServiceArgs:2768 android.app.ActivityThread.access$1900:150 
05-21 11:27:13.395: I/ActivityManager(885): Start proc com.facebook.katana for service com.facebook.katana/com.facebook.push.mqtt.service.MqttPushService: pid=15463 uid=10169 gids={50169, 1015, 1028, 3003}
05-21 11:27:42.983: W/ContextImpl(885): Calling a method in the system process without a qualified user: android.app.ContextImpl.startService:1427 android.content.ContextWrapper.startService:473 com.sonyericsson.psm.sysmonservice.SysmonMonitor.handleCameraActions:213 com.sonyericsson.psm.sysmonservice.SysmonMonitor.handleSysmonNotification:302 com.sonyericsson.sysmon.SysmonManager.reportEvent:238 
05-21 11:27:42.983: W/ContextImpl(30554): Calling a method in the system process without a qualified user: android.app.ContextImpl.sendBroadcast:1084 android.content.ContextWrapper.sendBroadcast:344 com.sonyericsson.psm.sysmonservice.SysmonActionService.onStartCommand:81 android.app.ActivityThread.handleServiceArgs:2768 android.app.ActivityThread.access$1900:150 
05-21 11:27:46.113: W/ProcessStats(885): Skipping unknown process pid 15521
05-21 11:27:46.123: W/ProcessStats(885): Skipping unknown process pid 15523
05-21 11:28:04.013: W/ContextImpl(885): Calling a method in the system process without a qualified user: android.app.ContextImpl.startService:1427 android.content.ContextWrapper.startService:473 com.sonyericsson.psm.sysmonservice.SysmonMonitor.handleCameraActions:213 com.sonyericsson.psm.sysmonservice.SysmonMonitor.handleSysmonNotification:302 com.sonyericsson.sysmon.SysmonManager.reportEvent:238 
05-21 11:28:04.033: W/ContextImpl(30554): Calling a method in the system process without a qualified user: android.app.ContextImpl.sendBroadcast:1084 android.content.ContextWrapper.sendBroadcast:344 com.sonyericsson.psm.sysmonservice.SysmonActionService.onStartCommand:81 android.app.ActivityThread.handleServiceArgs:2768 android.app.ActivityThread.access$1900:150 
05-21 11:29:04.553: W/ContextImpl(885): Calling a method in the system process without a qualified user: android.app.ContextImpl.startService:1427 android.content.ContextWrapper.startService:473 com.sonyericsson.psm.sysmonservice.SysmonMonitor.handleCameraActions:213 com.sonyericsson.psm.sysmonservice.SysmonMonitor.handleSysmonNotification:302 com.sonyericsson.sysmon.SysmonManager.reportEvent:238 
05-21 11:29:09.013: W/ContextImpl(30554): Calling a method in the system process without a qualified user: android.app.ContextImpl.sendBroadcast:1084 android.content.ContextWrapper.sendBroadcast:344 com.sonyericsson.psm.sysmonservice.SysmonActionService.onStartCommand:81 android.app.ActivityThread.handleServiceArgs:2768 android.app.ActivityThread.access$1900:150 
05-21 11:29:47.983: I/PowerManagerService(885): Waking up from sleep...
05-21 11:29:48.033: W/ContextImpl(885): Calling a method in the system process without a qualified user: android.app.ContextImpl.startService:1427 android.content.ContextWrapper.startService:473 com.sonyericsson.psm.sysmonservice.SysmonMonitor.handleCameraActions:213 com.sonyericsson.psm.sysmonservice.SysmonMonitor.handleSysmonNotification:302 com.sonyericsson.sysmon.SysmonManager.reportEvent:238 
05-21 11:29:48.033: W/ContextImpl(30554): Calling a method in the system process without a qualified user: android.app.ContextImpl.sendBroadcast:1084 android.content.ContextWrapper.sendBroadcast:344 com.sonyericsson.psm.sysmonservice.SysmonActionService.onStartCommand:81 android.app.ActivityThread.handleServiceArgs:2768 android.app.ActivityThread.access$1900:150 
05-21 11:29:48.203: D/QcConnectivityService(885): reportNetworkCondition(1, 0)
05-21 11:29:48.203: D/QcConnectivityService(885): handleInetConditionChange: net=1, condition=0,mActiveDefaultNetwork=1
05-21 11:29:48.203: D/QcConnectivityService(885): handleInetConditionChange: starting a change hold
05-21 11:29:48.303: I/ActivityManager(885): Start proc com.sonymobile.mx.android for broadcast com.sonymobile.mx.android/.receivers.NetworkConnectivityReceiver: pid=15746 uid=10068 gids={50068, 3003, 1015, 3002, 3001, 1028}
05-21 11:29:48.463: I/ActivityManager(885): Start proc com.sonyericsson.idd.agent for broadcast com.sonyericsson.idd.agent/.IDDEnabledBroadcastReceiver: pid=15763 uid=10057 gids={50057, 3003, 1015, 1028}
05-21 11:29:48.583: I/ActivityManager(885): Start proc com.google.android.apps.uploader for broadcast com.google.android.apps.uploader/com.google.android.picasasync.ConnectivityReceiver: pid=15782 uid=10065 gids={50065, 3003, 1015, 1028}
05-21 11:29:48.613: I/WindowManager(885): Lock screen displayed!
05-21 11:29:48.683: I/ActivityManager(885): Start proc com.google.android.apps.plus for broadcast com.google.android.apps.plus/.service.ConnectivityReceiver: pid=15809 uid=10090 gids={50090, 3003, 3002, 1015, 1028}
05-21 11:29:48.763: I/ActivityManager(885): Start proc com.skype.raider for service com.skype.raider/com.skype.android.service.AccountService: pid=15826 uid=10213 gids={50213, 3003, 3002, 1015, 1028}
05-21 11:29:48.844: W/ContextImpl(25528): Calling a method in the system process without a qualified user: android.app.ContextImpl.startService:1427 android.content.ContextWrapper.startService:473 com.sonymobile.phoneusage.service.ScreenReceiver.onReceive:24 android.app.LoadedApk$ReceiverDispatcher$Args.run:770 android.os.Handler.handleCallback:730 
