05-21 10:04:07.232: W/ActivityThread(30992): Content provider com.android.providers.calendar.CalendarProvider2 already published as com.android.calendar
05-21 10:04:10.315: I/ActivityManager(885): Start proc com.yahoo.mobile.client.android.mail for broadcast com.yahoo.mobile.client.android.mail/.YI13NReceiver: pid=30715 uid=10242 gids={50242, 3003, 1015, 1028}
05-21 10:04:13.719: D/StatusBar.NetworkController(1099): In updateSimIcon simState= UNKNOWN
05-21 10:04:13.779: D/QcConnectivityService(885): Setting TCP values: [4094,87380,2097152,4096,16384,1220608] which comes from [net.tcp.buffersize.hspap]
05-21 10:04:31.406: D/StatusBar.NetworkController(1099): In updateSimIcon simState= UNKNOWN
05-21 10:04:31.486: D/QcConnectivityService(885): Setting TCP values: [4094,87380,1220608,4096,16384,1220608] which comes from [net.tcp.buffersize.hspa]
05-21 10:04:55.373: W/ProcessStats(885): Skipping unknown process pid 30863
05-21 10:04:55.373: W/ProcessStats(885): Skipping unknown process pid 30876
05-21 10:05:00.983: D/StatusBar.NetworkController(1099): In updateSimIcon simState= UNKNOWN
05-21 10:05:01.023: D/QcConnectivityService(885): Setting TCP values: [4094,87380,2097152,4096,16384,1220608] which comes from [net.tcp.buffersize.hspap]
05-21 10:05:06.889: D/StatusBar.NetworkController(1099): In updateSimIcon simState= UNKNOWN
05-21 10:05:06.969: D/QcConnectivityService(885): Setting TCP values: [4094,87380,1220608,4096,16384,1220608] which comes from [net.tcp.buffersize.hspa]
05-21 10:05:49.893: D/StatusBar.NetworkController(1099): In updateSimIcon simState= UNKNOWN
05-21 10:05:49.943: D/QcConnectivityService(885): Setting TCP values: [4094,87380,2097152,4096,16384,1220608] which comes from [net.tcp.buffersize.hspap]
05-21 10:05:57.680: D/StatusBar.NetworkController(1099): In updateSimIcon simState= UNKNOWN
05-21 10:05:57.770: D/QcConnectivityService(885): Setting TCP values: [4094,87380,1220608,4096,16384,1220608] which comes from [net.tcp.buffersize.hspa]
05-21 10:06:31.192: D/StatusBar.NetworkController(1099): In updateSimIcon simState= UNKNOWN
05-21 10:06:31.262: D/QcConnectivityService(885): Setting TCP values: [4094,87380,2097152,4096,16384,1220608] which comes from [net.tcp.buffersize.hspap]
05-21 10:06:36.917: D/StatusBar.NetworkController(1099): In updateSimIcon simState= UNKNOWN
05-21 10:06:36.987: D/QcConnectivityService(885): Setting TCP values: [4094,87380,1220608,4096,16384,1220608] which comes from [net.tcp.buffersize.hspa]
05-21 10:07:12.418: D/StatusBar.NetworkController(1099): In updateSimIcon simState= UNKNOWN
05-21 10:07:12.458: D/QcConnectivityService(885): Setting TCP values: [4094,87380,2097152,4096,16384,1220608] which comes from [net.tcp.buffersize.hspap]
05-21 10:07:33.042: D/StatusBar.NetworkController(1099): In updateSimIcon simState= UNKNOWN
05-21 10:07:33.062: D/QcConnectivityService(885): Setting TCP values: [4094,87380,1220608,4096,16384,1220608] which comes from [net.tcp.buffersize.hspa]
05-21 10:07:33.303: W/ProcessStats(885): Skipping unknown process pid 31179
05-21 10:07:33.313: W/ProcessStats(885): Skipping unknown process pid 31189
05-21 10:07:33.313: W/ProcessStats(885): Skipping unknown process pid 31190
05-21 10:07:54.843: D/StatusBar.NetworkController(1099): In updateSimIcon simState= UNKNOWN
05-21 10:07:54.923: D/QcConnectivityService(885): Setting TCP values: [4094,87380,2097152,4096,16384,1220608] which comes from [net.tcp.buffersize.hspap]
05-21 10:08:00.598: D/StatusBar.NetworkController(1099): In updateSimIcon simState= UNKNOWN
05-21 10:08:00.668: D/QcConnectivityService(885): Setting TCP values: [4094,87380,1220608,4096,16384,1220608] which comes from [net.tcp.buffersize.hspa]
05-21 10:08:36.793: D/StatusBar.NetworkController(1099): In updateSimIcon simState= UNKNOWN
05-21 10:08:36.933: D/QcConnectivityService(885): Setting TCP values: [4094,87380,2097152,4096,16384,1220608] which comes from [net.tcp.buffersize.hspap]
05-21 10:08:42.598: D/StatusBar.NetworkController(1099): In updateSimIcon simState= UNKNOWN
05-21 10:08:42.638: D/QcConnectivityService(885): Setting TCP values: [4094,87380,1220608,4096,16384,1220608] which comes from [net.tcp.buffersize.hspa]
05-21 10:09:20.413: D/StatusBar.NetworkController(1099): In updateSimIcon simState= UNKNOWN
05-21 10:09:20.453: D/QcConnectivityService(885): Setting TCP values: [4094,87380,2097152,4096,16384,1220608] which comes from [net.tcp.buffersize.hspap]
05-21 10:09:25.809: D/StatusBar.NetworkController(1099): In updateSimIcon simState= UNKNOWN
05-21 10:09:25.899: D/QcConnectivityService(885): Setting TCP values: [4094,87380,1220608,4096,16384,1220608] which comes from [net.tcp.buffersize.hspa]
05-21 10:09:46.427: D/StatusBar.NetworkController(1099): In updateSimIcon simState= UNKNOWN
05-21 10:09:46.497: D/QcConnectivityService(885): Setting TCP values: [4094,87380,2097152,4096,16384,1220608] which comes from [net.tcp.buffersize.hspap]
05-21 10:09:52.173: D/StatusBar.NetworkController(1099): In updateSimIcon simState= UNKNOWN
05-21 10:09:52.203: D/QcConnectivityService(885): Setting TCP values: [4094,87380,1220608,4096,16384,1220608] which comes from [net.tcp.buffersize.hspa]
05-21 10:10:01.783: D/StatusBar.NetworkController(1099): In updateSimIcon simState= UNKNOWN
05-21 10:10:01.813: D/QcConnectivityService(885): Setting TCP values: [4094,87380,2097152,4096,16384,1220608] which comes from [net.tcp.buffersize.hspap]
05-21 10:10:05.987: D/StatusBar.NetworkController(1099): In updateSimIcon simState= UNKNOWN
05-21 10:10:06.077: D/QcConnectivityService(885): Setting TCP values: [4094,87380,1220608,4096,16384,1220608] which comes from [net.tcp.buffersize.hspa]
05-21 10:10:33.266: I/PowerManagerService(885): Waking up from sleep...
05-21 10:10:33.626: D/QcConnectivityService(885): reportNetworkCondition(1, 0)
05-21 10:10:33.626: D/QcConnectivityService(885): handleInetConditionChange: net=1 != default=0 - ignore
05-21 10:10:33.757: D/QcConnectivityService(885): reportNetworkCondition(0, 100)
05-21 10:10:33.757: D/QcConnectivityService(885): handleInetConditionChange: net=0, condition=100,mActiveDefaultNetwork=0
05-21 10:10:33.757: D/QcConnectivityService(885): handleInetConditionChange: starting a change hold
05-21 10:10:33.777: I/ActivityManager(885): Start proc com.google.android.apps.magazines for broadcast com.google.android.apps.magazines/com.google.apps.dots.android.newsstand.appwidget.NewsWidgetProvider: pid=31591 uid=10063 gids={50063, 3003, 1015, 1028}
05-21 10:10:33.907: I/WindowManager(885): Lock screen displayed!
05-21 10:10:34.067: W/ContextImpl(25528): Calling a method in the system process without a qualified user: android.app.ContextImpl.startService:1427 android.content.ContextWrapper.startService:473 com.sonymobile.phoneusage.service.ScreenReceiver.onReceive:24 android.app.LoadedApk$ReceiverDispatcher$Args.run:770 android.os.Handler.handleCallback:730 
05-21 10:10:34.097: I/ActivityManager(885): Start proc flipboard.app for broadcast flipboard.app/com.helpshift.HelpshiftConnReceiver: pid=31615 uid=10246 gids={50246, 3003, 1015, 1028}
05-21 10:10:34.257: D/QcConnectivityService(885): handleInetConditionHoldEnd: net=0, condition=100, published condition=100
05-21 10:10:34.257: D/QcConnectivityService(885): sendStickyBroadcast: action=android.net.conn.INET_CONDITION_ACTION
05-21 10:10:34.707: I/ActivityManager(885): Start proc com.skype.raider for broadcast com.skype.raider/com.skype.android.app.calling.SeamlessCapabilityReceiver: pid=31669 uid=10213 gids={50213, 3003, 3002, 1015, 1028}
05-21 10:10:35.498: I/ActivityManager(885): Start proc com.twitter.android for broadcast com.twitter.android/.client.AppBroadcastReceiver: pid=31710 uid=10253 gids={50253, 3003, 1015, 1028}
05-21 10:10:37.300: D/StatusBar.NetworkController(1099): In updateSimIcon simState= UNKNOWN
05-21 10:10:37.330: D/QcConnectivityService(885): Setting TCP values: [4094,87380,2097152,4096,16384,1220608] which comes from [net.tcp.buffersize.hspap]
05-21 10:10:38.932: W/ActivityManager(885): Unable to start service Intent { act=com.google.android.gms.analytics.service.START cmp=com.google.android.gms/.analytics.service.AnalyticsService (has extras) } U=0: not found
05-21 10:10:41.414: W/ContextImpl(885): Calling a method in the system process without a qualified user: android.app.ContextImpl.sendBroadcast:1084 android.view.inputmethod.InputMethodManager$AsyncSendBroadcast.doInBackground:1275 android.view.inputmethod.InputMethodManager$AsyncSendBroadcast.doInBackground:1261 android.os.AsyncTask$2.call:287 java.util.concurrent.FutureTask.run:234 
05-21 10:10:41.424: D/PhoneStatusBar(1099): disable: < expand* icons alerts ticker* system_info BACK HOME recent* CLOCK search* >
05-21 10:10:41.474: D/PhoneStatusBar(1099): disable: < expand icons alerts ticker system_info back* home* recent clock* search >
05-21 10:10:41.524: W/InputMethodManagerService(885): Window already focused, ignoring focus gain of: com.android.internal.view.IInputMethodClient$Stub$Proxy@4311ec50 attribute=android.view.inputmethod.EditorInfo@4310fce8, token = android.os.BinderProxy@42469d30
05-21 10:10:41.554: D/WifiService(885): setWifiEnabled: true pid=25144, uid=10062
05-21 10:10:41.554: W/ContextImpl(25528): Calling a method in the system process without a qualified user: android.app.ContextImpl.startService:1427 android.content.ContextWrapper.startService:473 android.content.ContextWrapper.startService:473 com.sonymobile.phoneusage.service.UserPresentReceiver.onReceive:22 android.app.ActivityThread.handleReceiver:2488 
05-21 10:10:41.604: I/ActivityManager(885): Start proc com.feelingtouch.gnz.realistic for broadcast com.feelingtouch.gnz.realistic/com.feelingtouch.bannerad.pushAd.PushAdReceiver: pid=31834 uid=10218 gids={50218, 3003, 1015, 1028}
05-21 10:10:41.614: D/BackupManagerService(885): Now staging backup of com.android.providers.settings
05-21 10:10:41.674: I/ActivityManager(885): Process com.feelingtouch.gnz.realistic (pid 31834) has died.
05-21 10:10:41.935: W/ContextImpl(885): Calling a method in the system process without a qualified user: android.app.ContextImpl.startService:1427 com.sony.smallapp.internal.util.WindowUtils.showSmallAppWindows:102 com.android.internal.policy.impl.keyguard.KeyguardViewManager$2.run:490 android.os.Handler.handleCallback:730 android.os.Handler.dispatchMessage:92 
05-21 10:10:42.035: I/ActivityManager(885): Start proc com.sonyericsson.tetherentitlementcheck for broadcast com.sonyericsson.tetherentitlementcheck/.TetheringMobileStateReceiver: pid=31880 uid=10146 gids={50146, 3002, 1028}
05-21 10:10:43.566: I/ActivityManager(885): START u0 {act=com.android.systemui.recent.action.TOGGLE_RECENTS flg=0x10800000 cmp=com.android.systemui/.recent.RecentsActivity} from pid 1099
05-21 10:10:43.926: W/ActivityManager(885): Unable to start service Intent { act=com.google.android.gms.analytics.service.START cmp=com.google.android.gms/.analytics.service.AnalyticsService (has extras) } U=0: not found
05-21 10:10:44.157: I/ActivityManager(885): Start proc com.mobisystems.fileman for broadcast com.mobisystems.fileman/com.mobisystems.wifi_direct.StartWifiDirectReceiver: pid=31954 uid=10188 gids={50188, 3003, 1015, 1028}
05-21 10:10:44.527: I/ActivityManager(885): Start proc com.mobisystems.office for broadcast com.mobisystems.office/com.mobisystems.wifi_direct.StartWifiDirectReceiver: pid=31970 uid=10194 gids={50194, 3003, 1015, 1028}
05-21 10:10:44.657: I/ActivityManager(885): Start proc com.sonyericsson.extras.liveware for broadcast com.sonyericsson.extras.liveware/.asf.EventReceiver: pid=31983 uid=10095 gids={50095, 3002, 3001, 3003, 1015, 1028}
05-21 10:10:45.538: I/ActivityManager(885): START u0 {act=android.intent.action.MAIN cat=[android.intent.category.HOME] flg=0x10200000 cmp=com.sonyericsson.home/com.sonymobile.home.HomeActivity} from pid 1099
05-21 10:10:45.758: I/ActivityManager(885): No longer want com.sonyericsson.android.addoncamera.artfilter (pid 23462): empty #34
05-21 10:10:45.758: I/ActivityManager(885): No longer want com.sonyericsson.android.camera (pid 23447): empty #35
05-21 10:10:45.768: I/ActivityManager(885): No longer want com.dropbox.android (pid 23191): empty #36
05-21 10:10:45.768: I/ActivityManager(885): Killing 30342:com.android.chrome:sandboxed_process3/u0a10025i31: remove task
05-21 10:10:45.768: I/ActivityManager(885): Killing 30054:com.android.chrome:sandboxed_process0/u0a10025i28: remove task
05-21 10:10:45.768: I/ActivityManager(885): Killing 23723:com.android.chrome/u0a10025: remove task
05-21 10:10:45.828: W/ActivityManager(885): Scheduling restart of crashed service com.dropbox.android/.service.CameraUploadService in 5000ms
05-21 10:10:45.848: W/ActivityManager(885): Scheduling restart of crashed service com.android.chrome/org.chromium.content.app.SandboxedProcessService0 in 14989ms
05-21 10:10:45.858: W/ActivityManager(885): Scheduling restart of crashed service com.android.chrome/org.chromium.content.app.SandboxedProcessService3 in 24974ms
05-21 10:10:46.259: I/WindowState(885): WIN DEATH: Window{42570518 u0 SurfaceView}
05-21 10:10:46.259: I/WindowState(885): WIN DEATH: Window{424ee838 u0 com.android.chrome/com.google.android.apps.chrome.Main}
05-21 10:10:47.390: I/ActivityManager(885): START u0 {act=android.intent.action.MAIN flg=0x14200000 cmp=com.whatsapp/.Conversation (has extras)} from pid 1531
05-21 10:10:48.050: I/ActivityManager(885): Start proc com.sonyericsson.usbux for broadcast com.sonyericsson.usbux/.service.UsbServiceReceiver: pid=32097 uid=1000 gids={41000, 2993, 3003, 1015, 1028, 3002, 3001, 3006, 3007, 1021, 3004, 3005, 1000, 3009, 1023, 1010}
05-21 10:10:48.111: W/ContextImpl(32097): Calling a method in the system process without a qualified user: android.app.ContextImpl.startService:1427 android.content.ContextWrapper.startService:473 android.content.ContextWrapper.startService:473 com.sonyericsson.usbux.service.UsbServiceReceiver.onReceive:58 android.app.ActivityThread.handleReceiver:2488 
05-21 10:10:48.481: D/QcConnectivityService(885): Captive portal check NetworkInfo: type: WIFI[], state: CONNECTING/CAPTIVE_PORTAL_CHECK, reason: (unspecified), extra: "TMG56KDialUp", roaming: false, failover: false, isAvailable: true
05-21 10:10:48.481: D/QcConnectivityService(885): Captive check on WIFI
05-21 10:10:48.481: D/QcConnectivityService(885): handleInetConditionChange: net=0, condition=0,mActiveDefaultNetwork=0
05-21 10:10:48.481: D/QcConnectivityService(885): handleInetConditionChange: starting a change hold
05-21 10:10:48.481: D/QcConnectivityService(885): Policy requires mobile teardown
05-21 10:10:48.491: D/QcConnectivityService(885): Setting TCP values: [524288,1048576,2097152,262144,524288,1048576] which comes from [net.tcp.buffersize.wifi]
05-21 10:10:48.511: W/ContextImpl(32097): Calling a method in the system process without a qualified user: android.app.ContextImpl.startService:1427 android.content.ContextWrapper.startService:473 android.content.ContextWrapper.startService:473 com.sonyericsson.usbux.service.UsbServiceReceiver.onReceive:58 android.app.ActivityThread.handleReceiver:2488 
05-21 10:10:48.511: D/QcConnectivityService(885): handleConnectivityChange: changed linkProperty[1]: doReset=false resetMask=0
05-21 10:10:48.511: D/QcConnectivityService(885):    curLp=null
05-21 10:10:48.511: D/QcConnectivityService(885):    newLp={InterfaceName: wlan0 LinkAddresses: [192.168.1.101/24,]  Routes: [192.168.1.0/24 -> 0.0.0.0,0.0.0.0/0 -> 192.168.1.1,] DnsAddresses: [192.168.1.1,] Domains: singnet.com.sgHttpProxy: [ProxyProperties.mHost == null] }
05-21 10:10:48.511: D/QcConnectivityService(885): Adding 192.168.1.1/32 -> 0.0.0.0 for interface wlan0
05-21 10:10:48.511: D/QcConnectivityService(885): Adding 192.168.1.0/24 -> 0.0.0.0 for interface wlan0
05-21 10:10:48.521: D/QcConnectivityService(885): Adding 192.168.1.1/32 -> 0.0.0.0 for interface wlan0
05-21 10:10:48.521: D/QcConnectivityService(885): Adding 0.0.0.0/0 -> 192.168.1.1 for interface wlan0
05-21 10:10:48.531: W/ContextImpl(32097): Calling a method in the system process without a qualified user: android.app.ContextImpl.startService:1427 android.content.ContextWrapper.startService:473 android.content.ContextWrapper.startService:473 com.sonyericsson.usbux.service.UsbServiceReceiver.onReceive:58 android.app.ActivityThread.handleReceiver:2488 
05-21 10:10:48.561: W/ContextImpl(32097): Calling a method in the system process without a qualified user: android.app.ContextImpl.startService:1427 android.content.ContextWrapper.startService:473 android.content.ContextWrapper.startService:473 com.sonyericsson.usbux.service.UsbServiceReceiver.onReceive:58 android.app.ActivityThread.handleReceiver:2488 
05-21 10:10:48.611: D/Nat464Xlat(885): requiresClat: netType=1, hasIPv4Address=true
05-21 10:10:48.611: D/QcConnectivityService(885): sendStickyBroadcast: action=android.net.conn.CONNECTIVITY_CHANGE_IMMEDIATE
05-21 10:10:48.611: D/QcConnectivityService(885): sendStickyBroadcastDelayed: delayMs=3000, action=android.net.conn.CONNECTIVITY_CHANGE
05-21 10:10:49.922: D/QcConnectivityService(885): reportNetworkCondition(1, 0)
05-21 10:10:49.922: D/QcConnectivityService(885): handleInetConditionChange: net=1, condition=0,mActiveDefaultNetwork=1
05-21 10:10:49.922: D/QcConnectivityService(885): handleInetConditionChange: starting a change hold
05-21 10:10:49.932: W/ActivityManager(885): Unable to start service Intent { act=com.google.android.gms.analytics.service.START (has extras) } U=0: not found
05-21 10:10:49.982: D/QcConnectivityService(885): Attempting to switch to WIFI
05-21 10:10:49.982: D/QcConnectivityService(885): Attempting to switch to BLUETOOTH_TETHER
05-21 10:10:49.982: D/QcConnectivityService(885): Attempting to switch to ETHERNET
05-21 10:10:49.982: D/QcConnectivityService(885): handleConnectivityChange: changed linkProperty[0]: doReset=true resetMask=3
05-21 10:10:49.982: D/QcConnectivityService(885):   curLp={InterfaceName: rmnet_usb0 LinkAddresses: [112.199.169.42/30,]  Routes: [0.0.0.0/0 -> 112.199.169.41,] DnsAddresses: [202.65.244.31,202.65.247.32,] Domains: null}
05-21 10:10:49.982: D/QcConnectivityService(885):   newLp= null
05-21 10:10:49.982: D/QcConnectivityService(885): not removing 112.199.169.41/32 -> 0.0.0.0 as it's still in use
05-21 10:10:49.982: D/QcConnectivityService(885): Removing 0.0.0.0/0 -> 112.199.169.41 for interface rmnet_usb0
05-21 10:10:49.992: E/QcConnectivityService(885): Exception trying to remove a route: java.lang.IllegalStateException: command '3539 interface route remove rmnet_usb0 default 0.0.0.0 0 112.199.169.41' failed with '400 3539 Failed to remove route from default table (No such process)'
05-21 10:10:49.992: D/QcConnectivityService(885): not removing 112.199.169.41/32 -> 0.0.0.0 as it's still in use
05-21 10:10:49.992: D/QcConnectivityService(885): Removing 202.65.244.31/32 -> 112.199.169.41 for interface rmnet_usb0
05-21 10:10:49.992: E/QcConnectivityService(885): Exception trying to remove a route: java.lang.IllegalStateException: command '3540 interface route remove rmnet_usb0 default 202.65.244.31 32 112.199.169.41' failed with '400 3540 Failed to remove route from default table (No such process)'
05-21 10:10:49.992: D/QcConnectivityService(885): Removing 112.199.169.41/32 -> 0.0.0.0 for interface rmnet_usb0
05-21 10:10:49.992: E/QcConnectivityService(885): Exception trying to remove a route: java.lang.IllegalStateException: command '3541 interface route remove rmnet_usb0 default 112.199.169.41 32 0.0.0.0' failed with '400 3541 Failed to remove route from default table (No such process)'
05-21 10:10:49.992: D/QcConnectivityService(885): Removing 202.65.247.32/32 -> 112.199.169.41 for interface rmnet_usb0
05-21 10:10:49.992: E/QcConnectivityService(885): Exception trying to remove a route: java.lang.IllegalStateException: command '3542 interface route remove rmnet_usb0 default 202.65.247.32 32 112.199.169.41' failed with '400 3542 Failed to remove route from default table (No such process)'
05-21 10:10:49.992: D/QcConnectivityService(885): Removing src route for:112.199.169.42
05-21 10:10:50.012: D/StatusBar.NetworkController(1099): In updateSimIcon simState= UNKNOWN
05-21 10:10:50.042: D/QcConnectivityService(885): resetConnections(rmnet_usb0, 3)
05-21 10:10:50.082: D/QcConnectivityService(885): resetting DNS cache for rmnet_usb0
05-21 10:10:50.082: D/Nat464Xlat(885): requiresClat: netType=0, hasIPv4Address=true
05-21 10:10:50.082: D/QcConnectivityService(885): sendStickyBroadcast: action=android.net.conn.CONNECTIVITY_CHANGE_IMMEDIATE
05-21 10:10:50.082: D/QcConnectivityService(885): sendStickyBroadcastDelayed: delayMs=3000, action=android.net.conn.CONNECTIVITY_CHANGE
05-21 10:10:50.082: D/QcConnectivityService(885): sendStickyBroadcast: action=android.net.conn.CONNECTIVITY_CHANGE_IMMEDIATE
05-21 10:10:50.092: D/QcConnectivityService(885): sendStickyBroadcastDelayed: delayMs=3000, action=android.net.conn.CONNECTIVITY_CHANGE
05-21 10:10:50.453: D/StatusBar.NetworkController(1099): In updateSimIcon simState= UNKNOWN
05-21 10:10:50.873: I/ActivityManager(885): Start proc com.dropbox.android for service com.dropbox.android/.service.CameraUploadService: pid=32302 uid=10264 gids={50264, 3003, 1028, 1015}
05-21 10:10:51.083: E/ActivityThread(32302): Failed to find provider info for com.dropbox.carousel.CuOwnerCheckProvider
05-21 10:10:51.274: I/ActivityManager(885): Start proc com.android.vending for service com.android.vending/com.google.android.finsky.billing.iab.InAppBillingService: pid=32346 uid=10086 gids={50086, 3003, 1015, 1028}
05-21 10:10:51.484: D/QcConnectivityService(885): handleInetConditionHoldEnd: net=0, condition=0, published condition=0
05-21 10:10:51.484: D/QcConnectivityService(885): handleInetConditionHoldEnd: event hold for obsolete network - ignoring
05-21 10:10:51.614: D/QcConnectivityService(885): sendStickyBroadcast: action=android.net.conn.CONNECTIVITY_CHANGE
05-21 10:10:51.654: D/QcConnectivityService(885): reportNetworkCondition(1, 0)
05-21 10:10:51.654: D/QcConnectivityService(885): handleInetConditionChange: net=1, condition=0,mActiveDefaultNetwork=1
05-21 10:10:51.654: D/QcConnectivityService(885): handleInetConditionChange: starting a change hold
05-21 10:10:49.095: I/ActivityManager(885): Start proc com.qualcomm.timeservice for broadcast com.qualcomm.timeservice/.TimeServiceBroadcastReceiver: pid=32446 uid=10147 gids={50147, 1028}
05-21 10:10:49.215: I/ActivityManager(885): Start proc com.sonyericsson.organizer for broadcast com.sonyericsson.organizer/com.sonyericsson.alarm.AlarmInitReceiver: pid=32471 uid=10103 gids={50103, 3003, 1028}
05-21 10:10:49.265: I/ActivityManager(885): No longer want com.sonyericsson.crashmonitor (pid 14511): empty #34
05-21 10:10:49.285: D/QcConnectivityService(885): handleInetConditionHoldEnd: net=1, condition=0, published condition=0
05-21 10:10:49.285: D/QcConnectivityService(885): sendStickyBroadcast: action=android.net.conn.INET_CONDITION_ACTION
05-21 10:10:49.315: I/ActivityManager(885): No longer want com.android.providers.calendar (pid 12817): empty #34
05-21 10:10:49.325: I/ActivityManager(885): Start proc com.android.calendar for broadcast com.android.calendar/.widget.CalendarAppWidgetService$CalendarFactory: pid=32487 uid=10100 gids={50100, 3003, 1015, 1028}
05-21 10:10:49.445: D/QcConnectivityService(885): sendStickyBroadcast: action=android.net.conn.CONNECTIVITY_CHANGE
05-21 10:10:49.465: D/QcConnectivityService(885): sendStickyBroadcast: action=android.net.conn.CONNECTIVITY_CHANGE
05-21 10:10:49.475: D/QcConnectivityService(885): reportNetworkCondition(1, 0)
05-21 10:10:49.485: D/QcConnectivityService(885): handleInetConditionChange: net=1, condition=0,mActiveDefaultNetwork=1
05-21 10:10:49.485: D/QcConnectivityService(885): handleInetConditionChange: starting a change hold
05-21 10:10:49.495: I/ActivityManager(885): Start proc com.android.providers.calendar for content provider com.android.providers.calendar/.CalendarProvider2: pid=32506 uid=10019 gids={50019, 3003, 1015, 1028}
05-21 10:10:49.525: D/QcConnectivityService(885): reportNetworkCondition(1, 0)
05-21 10:10:49.525: D/QcConnectivityService(885): handleInetConditionChange: net=1, condition=0,mActiveDefaultNetwork=1
05-21 10:10:49.525: D/QcConnectivityService(885): handleInetConditionChange: currently in hold - not setting new end evt
05-21 10:10:49.695: I/ActivityManager(885): No longer want org.mozilla.firefox (pid 28115): empty #34
05-21 10:10:49.745: I/ActivityManager(885): Start proc com.sony.nfx.app.sfrc for broadcast com.sony.nfx.app.sfrc/.notification.NotificationBroadcastReceiver: pid=32529 uid=10177 gids={50177, 3003, 1015, 1028}
05-21 10:10:49.755: I/ActivityManager(885): No longer want com.android.providers.partnerbookmarks (pid 30181): empty #34
05-21 10:10:49.965: I/ActivityManager(885): Start proc com.com2us.witchwars.normal.freefull.google.global.android.common for broadcast com.com2us.witchwars.normal.freefull.google.global.android.common/com.com2us.module.push.DeviceStatusReceiver: pid=32553 uid=10216 gids={50216, 3003, 1015, 1028}
05-21 10:10:50.155: I/ActivityManager(885): Start proc com.com2us.puzzlefamily.up.freefull.google.global.android.common for broadcast com.com2us.puzzlefamily.up.freefull.google.global.android.common/com.com2us.module.push.DeviceStatusReceiver: pid=32571 uid=10226 gids={50226, 3003, 1015, 1028}
05-21 10:10:50.155: I/ActivityManager(885): No longer want com.google.android.gsf.login (pid 30104): empty #34
05-21 10:10:50.505: I/ActivityManager(885): No longer want com.google.android.partnersetup (pid 28198): empty #34
05-21 10:10:50.876: I/ActivityManager(885): No longer want com.yahoo.mobile.client.android.mail (pid 30715): empty #34
05-21 10:10:51.016: D/QcConnectivityService(885): handleInetConditionHoldEnd: net=1, condition=0, published condition=0
05-21 10:10:51.016: D/QcConnectivityService(885): sendStickyBroadcast: action=android.net.conn.INET_CONDITION_ACTION
05-21 10:10:51.764: I/ActivityManager(885): Start proc com.android.chrome for broadcast com.android.chrome/com.google.android.apps.chrome.precache.PrecacheServiceLauncher: pid=32407 uid=10025 gids={50025, 3003, 1015, 1028}
05-21 10:10:52.487: D/QcConnectivityService(885): handleInetConditionHoldEnd: net=1, condition=0, published condition=0
05-21 10:10:52.487: D/QcConnectivityService(885): sendStickyBroadcast: action=android.net.conn.INET_CONDITION_ACTION
05-21 10:10:53.779: D/QcConnectivityService(885): reportNetworkCondition(1, 100)
05-21 10:10:53.779: D/QcConnectivityService(885): handleInetConditionChange: net=1, condition=100,mActiveDefaultNetwork=1
05-21 10:10:53.779: D/QcConnectivityService(885): handleInetConditionChange: starting a change hold
05-21 10:10:53.799: D/QcConnectivityService(885): reportNetworkCondition(1, 100)
05-21 10:10:53.799: D/QcConnectivityService(885): handleInetConditionChange: net=1, condition=100,mActiveDefaultNetwork=1
05-21 10:10:53.799: D/QcConnectivityService(885): handleInetConditionChange: currently in hold - not setting new end evt
05-21 10:10:53.839: D/QcConnectivityService(885): reportNetworkCondition(1, 100)
05-21 10:10:53.849: D/QcConnectivityService(885): handleInetConditionChange: net=1, condition=100,mActiveDefaultNetwork=1
05-21 10:10:53.849: D/QcConnectivityService(885): handleInetConditionChange: currently in hold - not setting new end evt
05-21 10:10:53.849: D/QcConnectivityService(885): reportNetworkCondition(1, 100)
05-21 10:10:53.849: D/QcConnectivityService(885): handleInetConditionChange: net=1, condition=100,mActiveDefaultNetwork=1
05-21 10:10:53.849: D/QcConnectivityService(885): handleInetConditionChange: currently in hold - not setting new end evt
05-21 10:10:54.279: D/QcConnectivityService(885): handleInetConditionHoldEnd: net=1, condition=100, published condition=0
05-21 10:10:54.279: D/QcConnectivityService(885): sendStickyBroadcast: action=android.net.conn.INET_CONDITION_ACTION
05-21 10:10:54.419: W/ActivityManager(885): Unable to start service Intent { act=com.google.android.gms.analytics.service.START (has extras) } U=0: not found
05-21 10:10:54.950: W/ActivityManager(885): Unable to start service Intent { act=com.google.android.gms.analytics.service.START (has extras) } U=0: not found
05-21 10:10:57.162: I/ActivityManager(885): START u0 {act=android.intent.action.MAIN cat=[android.intent.category.HOME] flg=0x10200000 cmp=com.sonyericsson.home/com.sonymobile.home.HomeActivity} from pid 885
05-21 10:10:58.033: D/QcConnectivityService(885): captivePortalCheckCompleted: ni=NetworkInfo: type: WIFI[], state: CONNECTED/CONNECTED, reason: (unspecified), extra: "TMG56KDialUp", roaming: false, failover: false, isAvailable: true captive=false
05-21 10:10:59.424: W/ActivityManager(885): Unable to start service Intent { act=com.google.android.gms.analytics.service.START (has extras) } U=0: not found
05-21 10:10:59.544: I/ActivityManager(885): START u0 {act=android.intent.action.MAIN flg=0x14200000 cmp=com.whatsapp/.Conversation (has extras)} from pid 1531
05-21 10:10:59.584: I/ActivityManager(885): No longer want com.sonyericsson.tvout.mhl (pid 28241): empty #34
05-21 10:10:59.624: I/ActivityManager(885): Start proc jp.naver.SJLGPP for broadcast jp.naver.SJLGPP/com.hangame.hsp.push.NPushBroadcastReceiver: pid=32739 uid=10217 gids={50217, 3003, 1015, 1028}
05-21 10:10:59.684: I/ActivityManager(885): Process com.nhn.nni (pid 25120) has died.
05-21 10:11:12.497: I/ActivityManager(885): START u0 {cmp=com.whatsapp/.Conversations} from pid 28855
05-21 10:11:18.573: I/ActivityManager(885): No longer want com.sonymobile.xperialink (pid 28271): empty #34
05-21 10:11:20.725: I/ActivityManager(885): START u0 {act=com.android.systemui.recent.action.TOGGLE_RECENTS flg=0x10800000 cmp=com.android.systemui/.recent.RecentsActivity} from pid 1099
05-21 10:11:22.987: I/ActivityManager(885): Killing 28855:com.whatsapp/u0a10192: remove task
05-21 10:11:23.127: W/ActivityManager(885): Scheduling restart of crashed service com.whatsapp/.messaging.MessageService in 5000ms
05-21 10:11:27.862: I/ActivityManager(885): START u0 {act=android.intent.action.MAIN cat=[android.intent.category.LAUNCHER] flg=0x10200000 cmp=com.spaceapegames.samuraisiege/com.prime31.UnityPlayerNativeActivity} from pid 1531
05-21 10:11:28.502: I/ActivityManager(885): Start proc com.whatsapp for service com.whatsapp/.messaging.MessageService: pid=501 uid=10192 gids={50192, 1015, 3003, 1028}
05-21 10:11:28.522: I/ActivityManager(885): Start proc com.spaceapegames.samuraisiege for activity com.spaceapegames.samuraisiege/com.prime31.UnityPlayerNativeActivity: pid=508 uid=10224 gids={50224, 3003, 1015, 1028}
05-21 10:11:28.633: I/ActivityManager(885): Config changes=1480 {1.0 525mcc3mnc en_SG ldltr sw360dp w598dp h335dp 480dpi nrml land finger -keyb/v/h -nav/h s.229 skinPackageSeq.1}
05-21 10:11:30.594: W/WindowManager(885): Window freeze timeout expired.
05-21 10:11:30.594: W/WindowManager(885): Force clearing orientation change: Window{4271c230 u0 Starting com.spaceapegames.samuraisiege}
05-21 10:11:31.005: I/WindowManager(885): Screen frozen for +2s415ms due to Window{427999b8 u0 com.spaceapegames.samuraisiege/com.prime31.UnityPlayerNativeActivity}
05-21 10:11:31.886: W/ProcessStats(885): Skipping unknown process pid 670
05-21 10:11:35.089: I/ActivityManager(885): Process com.google.android.apps.plus (pid 2432) has died.
05-21 10:11:35.960: I/ActivityManager(885): Process com.google.android.apps.magazines (pid 31591) has died.
05-21 10:11:35.980: I/ActivityManager(885): Process com.sonyericsson.idd.agent (pid 23687) has died.
05-21 10:11:37.952: W/ContextImpl(885): Calling a method in the system process without a qualified user: android.app.ContextImpl.startService:1427 android.content.ContextWrapper.startService:473 com.sonyericsson.psm.sysmonservice.SysmonMonitor.handleCameraActions:213 com.sonyericsson.psm.sysmonservice.SysmonMonitor.handleSysmonNotification:302 com.sonyericsson.sysmon.SysmonManager.reportEvent:238 
05-21 10:11:37.952: W/ContextImpl(30554): Calling a method in the system process without a qualified user: android.app.ContextImpl.sendBroadcast:1084 android.content.ContextWrapper.sendBroadcast:344 com.sonyericsson.psm.sysmonservice.SysmonActionService.onStartCommand:81 android.app.ActivityThread.handleServiceArgs:2768 android.app.ActivityThread.access$1900:150 
05-21 10:11:39.073: I/ActivityManager(885): Process com.google.android.apps.uploader (pid 23704) has died.
05-21 10:11:40.294: I/ActivityManager(885): Process com.android.chrome (pid 32407) has died.
05-21 10:11:42.406: I/ActivityManager(885): Start proc com.google.android.gsf.login for service com.google.android.gsf.login/com.google.android.gsf.loginservice.GoogleLoginService: pid=751 uid=10046 gids={50046, 3003, 2001, 1007, 3006, 1028, 1015, 3002, 3001}
05-21 10:11:42.446: I/ActivityManager(885): Process com.mobisystems.fileman (pid 31954) has died.
05-21 10:11:42.546: I/ActivityManager(885): Process com.sonyericsson.organizer (pid 32471) has died.
05-21 10:11:43.077: I/ActivityManager(885): Process jp.naver.line.android (pid 29372) has died.
05-21 10:11:48.322: D/BackupManagerService(885): Now staging backup of com.spaceapegames.samuraisiege
05-21 10:11:52.316: D/webcoreglue(508): netstack: Memory Cache feature is OFF
05-21 10:11:52.406: I/ActivityManager(885): Process com.sonymobile.mx.android (pid 12210) has died.
05-21 10:11:52.456: I/ActivityManager(885): Process com.mobisystems.office (pid 31970) has died.
05-21 10:11:52.556: D/HostStatisticManager(508): netstack: DNS Host Prioritization is: ON, Version: 5.0.1
05-21 10:11:52.556: I/(508): netstack: LIB_MGR - Lib loaded: libdnshostprio.so
05-21 10:11:52.556: I/(508): netstack: STAT_HUB - Succeeded to load plugin: libdnshostprio.so
05-21 10:11:52.556: E/(508): netstack: LIB_MGR - Error loading lib spl_proc_plugin.so
05-21 10:11:52.556: E/(508): netstack: STAT_HUB - Failed to load plugin: spl_proc_plugin.so
05-21 10:11:52.556: I/(508): netstack: LIB_MGR - Lib loaded: pp_proc_plugin.so
05-21 10:11:52.556: I/(508): netstack: STAT_HUB - Succeeded to load plugin: pp_proc_plugin.so
05-21 10:11:52.556: E/(508): netstack:  STAT_HUB - App com.spaceapegames.samuraisiege isn't supported
05-21 10:11:52.596: D/(508): external/chromium/net/socket/tcp_fin_aggregation_factory.cc: libtcpfinaggr.so successfully loaded
05-21 10:11:52.596: D/(508): external/chromium/net/socket/tcp_fin_aggregation_factory.cc,: TCP Fin Aggregation initializing method was found in libtcpfinaggr.so
05-21 10:11:52.596: D/TCPFinAggregation(508): netstack: TCPFinAggregation is 1, Version 5.0.1
05-21 10:11:52.596: D/TCPFinAggregation(508): system property net.tcp.fin.aggregation.wait was set, value: 20
05-21 10:11:52.596: D/TCPFinAggregation(508): system property net.tcp.fin.aggregation.close was set, value: 300
05-21 10:11:52.596: D/TCPFinAggregation(508): netstack: CloseUnusedSockets is ON, (TCPFinAggregation), Version 5.0.1
05-21 10:11:52.606: D/TCPFinAggregation(508): Failed to get network status! received ret: -6
05-21 10:11:52.606: D/Socket_Pool(508): netstack: CloseUnusedSockets is ON
05-21 10:11:52.606: D/Socket_Pool(508): netstack: system net.statistics value: 0
05-21 10:11:52.606: D/Socket_Pool(508): netstack: CloseUnusedSockets is ON
05-21 10:11:52.606: D/Socket_Pool(508): netstack: system net.statistics value: 0
05-21 10:11:52.616: D/(508): external/chromium/net/http/http_getzip_factory.cc: libgetzip.so successfully loaded
05-21 10:11:52.616: D/(508): external/chromium/net/http/http_getzip_factory.cc,: GETzip initializing method was found in libgetzip.so
05-21 10:11:52.616: D/(508): netstack: Getzip is: ON, Version: 5.0.1
05-21 10:11:52.656: I/ActivityManager(885): Process com.com2us.witchwars.normal.freefull.google.global.android.common (pid 32553) has died.
05-21 10:11:52.726: D/(508): netstack: Early Connections is: ON, Version: 5.0.1, Param: 3
05-21 10:11:56.520: I/ActivityManager(885): Process com.com2us.puzzlefamily.up.freefull.google.global.android.common (pid 32571) has died.
05-21 10:11:56.530: I/ActivityManager(885): Process com.qualcomm.timeservice (pid 32446) has died.
05-21 10:11:58.462: I/ActivityManager(885): Process com.sonyericsson.tetherentitlementcheck (pid 31880) has died.
05-21 10:12:03.887: I/ActivityManager(885): Process com.skype.raider (pid 31669) has died.
05-21 10:12:27.980: W/ContextImpl(885): Calling a method in the system process without a qualified user: android.app.ContextImpl.startService:1427 android.content.ContextWrapper.startService:473 com.sonyericsson.psm.sysmonservice.SysmonMonitor.handleCameraActions:213 com.sonyericsson.psm.sysmonservice.SysmonMonitor.handleSysmonNotification:302 com.sonyericsson.sysmon.SysmonManager.reportEvent:238 
05-21 10:12:27.990: W/ContextImpl(30554): Calling a method in the system process without a qualified user: android.app.ContextImpl.sendBroadcast:1084 android.content.ContextWrapper.sendBroadcast:344 com.sonyericsson.psm.sysmonservice.SysmonActionService.onStartCommand:81 android.app.ActivityThread.handleServiceArgs:2768 android.app.ActivityThread.access$1900:150 
05-21 10:13:17.559: I/ActivityManager(885): Process flipboard.app (pid 31615) has died.
05-21 10:13:20.322: I/ActivityManager(885): Start proc com.yahoo.mobile.client.android.mail for broadcast com.yahoo.mobile.client.android.mail/.YI13NReceiver: pid=1325 uid=10242 gids={50242, 3003, 1015, 1028}
05-21 10:13:27.999: W/ContextImpl(885): Calling a method in the system process without a qualified user: android.app.ContextImpl.startService:1427 android.content.ContextWrapper.startService:473 com.sonyericsson.psm.sysmonservice.SysmonMonitor.handleCameraActions:213 com.sonyericsson.psm.sysmonservice.SysmonMonitor.handleSysmonNotification:302 com.sonyericsson.sysmon.SysmonManager.reportEvent:238 
05-21 10:13:27.999: W/ContextImpl(30554): Calling a method in the system process without a qualified user: android.app.ContextImpl.sendBroadcast:1084 android.content.ContextWrapper.sendBroadcast:344 com.sonyericsson.psm.sysmonservice.SysmonActionService.onStartCommand:81 android.app.ActivityThread.handleServiceArgs:2768 android.app.ActivityThread.access$1900:150 
05-21 10:13:37.999: W/ContextImpl(885): Calling a method in the system process without a qualified user: android.app.ContextImpl.startService:1427 android.content.ContextWrapper.startService:473 com.sonyericsson.psm.sysmonservice.SysmonMonitor.handleCameraActions:213 com.sonyericsson.psm.sysmonservice.SysmonMonitor.handleSysmonNotification:302 com.sonyericsson.sysmon.SysmonManager.reportEvent:238 
05-21 10:13:37.999: W/ContextImpl(30554): Calling a method in the system process without a qualified user: android.app.ContextImpl.sendBroadcast:1084 android.content.ContextWrapper.sendBroadcast:344 com.sonyericsson.psm.sysmonservice.SysmonActionService.onStartCommand:81 android.app.ActivityThread.handleServiceArgs:2768 android.app.ActivityThread.access$1900:150 
05-21 10:13:43.554: I/ActivityManager(885): Process com.twitter.android (pid 31710) has died.
05-21 10:13:50.291: I/ActivityManager(885): No longer want com.sonyericsson.android.bootinfo:remote (pid 24861): empty for 1804s
05-21 10:13:50.291: I/ActivityManager(885): No longer want com.sonymobile.enterprise.service (pid 24847): empty for 1804s
05-21 10:13:50.391: W/ActivityManager(885): Scheduling restart of crashed service com.sonyericsson.android.bootinfo/.MiscTaService in 5000ms
05-21 10:13:50.391: W/ActivityManager(885): Scheduling restart of crashed service com.sonymobile.enterprise.service/.GoogleAnalyticsLogger in 5000ms
05-21 10:13:55.406: I/ActivityManager(885): Start proc com.sonymobile.enterprise.service for service com.sonymobile.enterprise.service/.GoogleAnalyticsLogger: pid=1699 uid=1000 gids={41000, 2993, 3003, 1015, 1028, 3002, 3001, 3006, 3007, 1021, 3004, 3005, 1000, 3009, 1023, 1010}
05-21 10:13:55.466: W/ContextImpl(1699): Calling a method in the system process without a qualified user: android.app.ContextImpl.bindService:1481 android.content.ContextWrapper.bindService:496 com.sonymobile.enterprise.service.GoogleAnalyticsLogger.onStartCommand:152 android.app.ActivityThread.handleServiceArgs:2768 android.app.ActivityThread.access$1900:150 
05-21 10:13:55.476: I/ActivityManager(885): Start proc com.sonyericsson.android.bootinfo:remote for service com.sonyericsson.android.bootinfo/.MiscTaService: pid=1737 uid=1000 gids={41000, 2993, 3003, 1015, 1028, 3002, 3001, 3006, 3007, 1021, 3004, 3005, 1000, 3009, 1023, 1010}
05-21 10:14:00.461: W/ContextImpl(1699): Calling a method in the system process without a qualified user: android.app.ContextImpl.bindService:1481 android.content.ContextWrapper.bindService:496 com.google.analytics.tracking.android.AnalyticsGmsCoreClient.connect:82 com.google.analytics.tracking.android.GAServiceProxy.connectToService:279 com.google.analytics.tracking.android.GAServiceProxy.createService:163 
05-21 10:14:00.461: W/ActivityManager(885): Unable to start service Intent { act=com.google.android.gms.analytics.service.START (has extras) } U=0: not found
05-21 10:14:03.013: W/ContextImpl(885): Calling a method in the system process without a qualified user: android.app.ContextImpl.startService:1427 android.content.ContextWrapper.startService:473 com.sonyericsson.psm.sysmonservice.SysmonMonitor.handleCameraActions:213 com.sonyericsson.psm.sysmonservice.SysmonMonitor.handleSysmonNotification:302 com.sonyericsson.sysmon.SysmonManager.reportEvent:238 
05-21 10:14:03.013: W/ContextImpl(30554): Calling a method in the system process without a qualified user: android.app.ContextImpl.sendBroadcast:1084 android.content.ContextWrapper.sendBroadcast:344 com.sonyericsson.psm.sysmonservice.SysmonActionService.onStartCommand:81 android.app.ActivityThread.handleServiceArgs:2768 android.app.ActivityThread.access$1900:150 
05-21 10:14:05.486: W/ContextImpl(1699): Calling a method in the system process without a qualified user: android.app.ContextImpl.bindService:1481 android.content.ContextWrapper.bindService:496 com.google.analytics.tracking.android.AnalyticsGmsCoreClient.connect:82 com.google.analytics.tracking.android.GAServiceProxy.connectToService:279 com.google.analytics.tracking.android.GAServiceProxy.access$600:27 
05-21 10:14:05.486: W/ActivityManager(885): Unable to start service Intent { act=com.google.android.gms.analytics.service.START (has extras) } U=0: not found
05-21 10:14:28.128: I/ActivityManager(885): Process com.outlook.Z7:client (pid 21347) has died.
05-21 10:14:38.037: W/ContextImpl(885): Calling a method in the system process without a qualified user: android.app.ContextImpl.startService:1427 android.content.ContextWrapper.startService:473 com.sonyericsson.psm.sysmonservice.SysmonMonitor.handleCameraActions:213 com.sonyericsson.psm.sysmonservice.SysmonMonitor.handleSysmonNotification:302 com.sonyericsson.sysmon.SysmonManager.reportEvent:238 
05-21 10:14:38.037: W/ContextImpl(30554): Calling a method in the system process without a qualified user: android.app.ContextImpl.sendBroadcast:1084 android.content.ContextWrapper.sendBroadcast:344 com.sonyericsson.psm.sysmonservice.SysmonActionService.onStartCommand:81 android.app.ActivityThread.handleServiceArgs:2768 android.app.ActivityThread.access$1900:150 
05-21 10:15:11.140: W/ContextImpl(885): Calling a method in the system process without a qualified user: android.app.ContextImpl.startService:1427 android.content.ContextWrapper.startService:473 com.sonyericsson.psm.sysmonservice.SysmonMonitor.handleCameraActions:213 com.sonyericsson.psm.sysmonservice.SysmonMonitor.handleSysmonNotification:302 com.sonyericsson.sysmon.SysmonManager.reportEvent:238 
05-21 10:15:11.140: W/ContextImpl(30554): Calling a method in the system process without a qualified user: android.app.ContextImpl.sendBroadcast:1084 android.content.ContextWrapper.sendBroadcast:344 com.sonyericsson.psm.sysmonservice.SysmonActionService.onStartCommand:81 android.app.ActivityThread.handleServiceArgs:2768 android.app.ActivityThread.access$1900:150 
05-21 10:16:12.309: W/ContextImpl(885): Calling a method in the system process without a qualified user: android.app.ContextImpl.startService:1427 android.content.ContextWrapper.startService:473 com.sonyericsson.psm.sysmonservice.SysmonMonitor.handleCameraActions:213 com.sonyericsson.psm.sysmonservice.SysmonMonitor.handleSysmonNotification:302 com.sonyericsson.sysmon.SysmonManager.reportEvent:238 
05-21 10:16:12.309: W/ContextImpl(30554): Calling a method in the system process without a qualified user: android.app.ContextImpl.sendBroadcast:1084 android.content.ContextWrapper.sendBroadcast:344 com.sonyericsson.psm.sysmonservice.SysmonActionService.onStartCommand:81 android.app.ActivityThread.handleServiceArgs:2768 android.app.ActivityThread.access$1900:150 
05-21 10:16:34.091: I/ActivityManager(885): Process com.snapchat.android (pid 23890) has died.
05-21 10:16:34.101: I/ActivityManager(885): Process com.sony.nfx.app.sfrc (pid 32529) has died.
05-21 10:16:42.198: I/ActivityManager(885): Process com.genina.android.blackjack.view (pid 23905) has died.
05-21 10:18:41.865: W/ActivityManager(885): Permission Denial: getTasks() from pid=508, uid=10224 requires android.permission.GET_TASKS
05-21 10:18:54.778: W/ContextImpl(885): Calling a method in the system process without a qualified user: android.app.ContextImpl.startService:1427 android.content.ContextWrapper.startService:473 com.sonyericsson.psm.sysmonservice.SysmonMonitor.handleCameraActions:213 com.sonyericsson.psm.sysmonservice.SysmonMonitor.handleSysmonNotification:302 com.sonyericsson.sysmon.SysmonManager.reportEvent:238 
05-21 10:18:54.788: W/ContextImpl(30554): Calling a method in the system process without a qualified user: android.app.ContextImpl.sendBroadcast:1084 android.content.ContextWrapper.sendBroadcast:344 com.sonyericsson.psm.sysmonservice.SysmonActionService.onStartCommand:81 android.app.ActivityThread.handleServiceArgs:2768 android.app.ActivityThread.access$1900:150 
05-21 10:19:03.526: W/ActivityThread(30992): Content provider com.android.providers.calendar.CalendarProvider2 already published as com.android.calendar
05-21 10:19:03.546: W/ActivityThread(30992): Content provider com.android.providers.calendar.CalendarProvider2 already published as com.android.calendar
05-21 10:19:31.884: W/ContextImpl(885): Calling a method in the system process without a qualified user: android.app.ContextImpl.startService:1427 android.content.ContextWrapper.startService:473 com.sonyericsson.psm.sysmonservice.SysmonMonitor.handleCameraActions:213 com.sonyericsson.psm.sysmonservice.SysmonMonitor.handleSysmonNotification:302 com.sonyericsson.sysmon.SysmonManager.reportEvent:238 
05-21 10:19:31.894: W/ContextImpl(30554): Calling a method in the system process without a qualified user: android.app.ContextImpl.sendBroadcast:1084 android.content.ContextWrapper.sendBroadcast:344 com.sonyericsson.psm.sysmonservice.SysmonActionService.onStartCommand:81 android.app.ActivityThread.handleServiceArgs:2768 android.app.ActivityThread.access$1900:150 
05-21 10:20:20.962: I/ActivityManager(885): Process com.android.calendar (pid 32487) has died.
05-21 10:20:20.972: I/ActivityManager(885): Process com.android.providers.calendar (pid 32506) has died.
05-21 10:21:33.573: I/ActivityManager(885): Process com.sony.smallapp.managerservice (pid 28099) has died.
05-21 10:23:38.605: W/ContextImpl(885): Calling a method in the system process without a qualified user: android.app.ContextImpl.startService:1427 android.content.ContextWrapper.startService:473 com.sonyericsson.psm.sysmonservice.SysmonMonitor.handleCameraActions:213 com.sonyericsson.psm.sysmonservice.SysmonMonitor.handleSysmonNotification:302 com.sonyericsson.sysmon.SysmonManager.reportEvent:238 
05-21 10:23:38.615: W/ContextImpl(30554): Calling a method in the system process without a qualified user: android.app.ContextImpl.sendBroadcast:1084 android.content.ContextWrapper.sendBroadcast:344 com.sonyericsson.psm.sysmonservice.SysmonActionService.onStartCommand:81 android.app.ActivityThread.handleServiceArgs:2768 android.app.ActivityThread.access$1900:150 
05-21 10:24:19.725: W/ContextImpl(885): Calling a method in the system process without a qualified user: android.app.ContextImpl.startService:1427 android.content.ContextWrapper.startService:473 com.sonyericsson.psm.sysmonservice.SysmonMonitor.handleCameraActions:213 com.sonyericsson.psm.sysmonservice.SysmonMonitor.handleSysmonNotification:302 com.sonyericsson.sysmon.SysmonManager.reportEvent:238 
05-21 10:24:19.735: W/ContextImpl(30554): Calling a method in the system process without a qualified user: android.app.ContextImpl.sendBroadcast:1084 android.content.ContextWrapper.sendBroadcast:344 com.sonyericsson.psm.sysmonservice.SysmonActionService.onStartCommand:81 android.app.ActivityThread.handleServiceArgs:2768 android.app.ActivityThread.access$1900:150 
05-21 10:24:25.991: W/ProcessStats(885): Skipping unknown process pid 3754
05-21 10:24:25.991: W/ProcessStats(885): Skipping unknown process pid 3757
05-21 10:24:43.798: W/ContextImpl(885): Calling a method in the system process without a qualified user: android.app.ContextImpl.startService:1427 android.content.ContextWrapper.startService:473 com.sonyericsson.psm.sysmonservice.SysmonMonitor.handleCameraActions:213 com.sonyericsson.psm.sysmonservice.SysmonMonitor.handleSysmonNotification:302 com.sonyericsson.sysmon.SysmonManager.reportEvent:238 
05-21 10:24:43.808: W/ContextImpl(30554): Calling a method in the system process without a qualified user: android.app.ContextImpl.sendBroadcast:1084 android.content.ContextWrapper.sendBroadcast:344 com.sonyericsson.psm.sysmonservice.SysmonActionService.onStartCommand:81 android.app.ActivityThread.handleServiceArgs:2768 android.app.ActivityThread.access$1900:150 
05-21 10:24:53.087: I/ActivityManager(885): Process jp.naver.SJLGPP (pid 32739) has died.
