05-21 11:58:43.892: D/dalvikvm(16728): GC_CONCURRENT freed 3718K, 17% free 21315K/25652K, paused 11ms+6ms, total 70ms
05-21 11:58:43.892: D/dalvikvm(16728): WAIT_FOR_CONCURRENT_GC blocked 38ms
05-21 11:58:43.892: D/dalvikvm(16728): WAIT_FOR_CONCURRENT_GC blocked 38ms
05-21 11:58:43.892: D/dalvikvm(16728): WAIT_FOR_CONCURRENT_GC blocked 35ms
05-21 11:58:43.892: D/dalvikvm(16728): WAIT_FOR_CONCURRENT_GC blocked 38ms
05-21 11:58:43.892: D/dalvikvm(16728): WAIT_FOR_CONCURRENT_GC blocked 47ms
05-21 11:58:43.932: I/iu.UploadsManager(16728): storage changed; old: -1, new: -1
05-21 11:58:43.952: D/DefCapUpdaterService(21548): MediaScannerConnectionClient onScanCompleted: /storage/removable/sdcard1/default-capability.xml
05-21 11:58:43.962: I/iu.UploadsManager(16728): storage changed; old: -1, new: -1
05-21 11:58:44.012: D/DefCapUpdaterService(21548): MediaScannerConnectionClient onScanCompleted: /storage/removable/sdcard1/customized-capability.xml
05-21 11:58:44.082: D/dalvikvm(885): GC_EXPLICIT freed 4294K, 27% free 41918K/56872K, paused 4ms+13ms, total 183ms
05-21 11:58:44.212: D/dalvikvm(6084): GC_CONCURRENT freed 436K, 74% free 2991K/11244K, paused 2ms+3ms, total 23ms
05-21 11:58:44.392: W/qdhwcomposer(352): Excessive delay reading vsync: took 1218 ms
05-21 11:58:44.843: I/com.dropbox.android.service.CameraUploadService(19576): Starting camera upload scan...
05-21 11:58:45.814: D/dalvikvm(16728): GC_CONCURRENT freed 3357K, 15% free 24241K/28216K, paused 5ms+14ms, total 85ms
05-21 11:58:47.015: W/qdhwcomposer(352): Excessive delay reading vsync: took 2602 ms
05-21 11:58:47.075: D/dalvikvm(19576): GC_CONCURRENT freed 1299K, 64% free 4141K/11244K, paused 3ms+2ms, total 27ms
05-21 11:58:47.165: D/dalvikvm(19576): GC_CONCURRENT freed 121K, 61% free 4435K/11244K, paused 2ms+1ms, total 25ms
05-21 11:58:47.345: D/dalvikvm(19576): GC_CONCURRENT freed 230K, 59% free 4704K/11244K, paused 2ms+2ms, total 26ms
05-21 11:58:47.545: D/dalvikvm(19576): GC_CONCURRENT freed 570K, 58% free 4791K/11244K, paused 3ms+4ms, total 40ms
05-21 11:58:47.756: D/dalvikvm(19576): GC_CONCURRENT freed 639K, 58% free 4773K/11244K, paused 3ms+2ms, total 31ms
05-21 11:58:47.946: D/dalvikvm(19576): GC_CONCURRENT freed 660K, 58% free 4804K/11244K, paused 3ms+3ms, total 42ms
05-21 11:58:48.116: D/dalvikvm(19576): GC_CONCURRENT freed 740K, 58% free 4813K/11244K, paused 2ms+5ms, total 32ms
05-21 11:58:48.316: D/dalvikvm(16728): GC_CONCURRENT freed 5866K, 21% free 25598K/32080K, paused 1ms+20ms, total 102ms
05-21 11:58:48.336: D/dalvikvm(19576): GC_CONCURRENT freed 715K, 58% free 4787K/11244K, paused 2ms+4ms, total 64ms
05-21 11:58:48.546: D/dalvikvm(19576): GC_CONCURRENT freed 652K, 58% free 4780K/11244K, paused 3ms+4ms, total 31ms
05-21 11:58:48.697: D/dalvikvm(6084): GC_EXPLICIT freed 208K, 74% free 2992K/11244K, paused 2ms+3ms, total 30ms
05-21 11:58:48.807: D/dalvikvm(19576): GC_CONCURRENT freed 593K, 58% free 4830K/11244K, paused 3ms+2ms, total 39ms
05-21 11:58:48.867: I/com.dropbox.android.service.CameraUploadService(19576): Finished querying providers.
05-21 11:58:48.877: I/com.dropbox.android.service.CameraUploadService(19576): Finished camera upload scan.
05-21 11:58:49.037: W/qdhwcomposer(352): Excessive delay reading vsync: took 1852 ms
05-21 11:58:50.018: W/qdhwcomposer(352): Excessive delay reading vsync: took 967 ms
05-21 11:58:51.019: W/qdhwcomposer(352): Excessive delay reading vsync: took 834 ms
05-21 11:58:51.159: I/EsPhotoData(16728): [SYNC_LOCAL_MEDIA_FROM_CURSOR], num inserted and/or updated: 3691, num removed: 0, duration: 5.291 seconds, uri: content://media/external/images/media, account: hakim.hauston@gmail.com
05-21 11:58:51.489: D/dalvikvm(885): GC_EXPLICIT freed 707K, 27% free 41907K/56872K, paused 5ms+15ms, total 187ms
05-21 11:58:51.519: I/yahoo.push.service(28917): yahoo.log.im: im_17338_im Received '200' from server
05-21 11:58:51.519: I/yahoo.push.service(28917): yahoo.log.im: im_17338_im Reg close. Timeout++: 4890s
05-21 11:58:51.519: I/yahoo.push.service(28917): yahoo.log.im: im_17338_im Connection count: 159
05-21 11:58:51.519: I/yahoo.push.service(28917): yahoo.log.im: im_17338_im Start HTTP Push. Idle timeout: 4890 Sequence: 555
05-21 11:58:51.519: V/yahoo.push.service(28917): yahoo.log.im: Registered alarm timer(Action: com.yahoo.android.push.Connection_Watchdoghakim.haustonim) to go off in: 4920s
05-21 11:58:51.559: I/iu.UploadsManager(16728): #reloadSettings(); account: hakim.hauston@gmail.com; pageID: none; IU: enabled; IS: disabled; photoWiFi: false; videoWiFi: false; roam: false; battery: false; size: FULL; maxMobile: 157286400
05-21 11:58:51.589: I/iu.UploadsManager(16728): NEW; upload media id: 88889; iu: hakim.hauston@gmail.com
05-21 11:58:51.599: D/dalvikvm(1099): GC_CONCURRENT freed 2945K, 42% free 29415K/49972K, paused 2ms+5ms, total 38ms
05-21 11:58:51.599: D/dalvikvm(1099): WAIT_FOR_CONCURRENT_GC blocked 37ms
05-21 11:58:51.629: W/qdhwcomposer(352): Excessive delay reading vsync: took 434 ms
05-21 11:58:51.709: I/iu.UploadsManager(16728): #reloadSettings(); account: hakim.hauston@gmail.com; pageID: none; IU: enabled; IS: disabled; photoWiFi: false; videoWiFi: false; roam: false; battery: false; size: FULL; maxMobile: 157286400
05-21 11:58:51.740: I/iu.UploadsManager(16728): NEW; upload media id: 88890; iu: hakim.hauston@gmail.com
05-21 11:58:51.770: I/iu.UploadsManager(16728): End new media; added: 2, uploading: 2, time: 564 ms
05-21 11:58:51.820: I/iu.SyncManager(16728): --- NEW; upload; task: [dwy; reason: InstantUpload, id: 13434, url: content://media/external/images/media/88889, account: ***********************]
05-21 11:58:51.820: I/iu.SyncManager(16728): REQUEST sync for [dwy; reason: InstantUpload, id: 13434, url: content://media/external/images/media/88889, account: ***********************]
05-21 11:58:51.880: I/iu.SyncService(16728): Google+ Photos Sync started.
05-21 11:58:51.880: I/iu.SyncService(16728): ====> Upload only sync
05-21 11:58:51.940: I/iu.UploadsManager(16728): End new media; added: 0, uploading: 0, time: 56 ms
05-21 11:58:51.940: I/iu.SyncService(16728): ----> Start up sync for account: hakim.hauston@gmail.com
05-21 11:58:52.140: D/dalvikvm(16728): GC_CONCURRENT freed 8475K, 27% free 24843K/33936K, paused 3ms+17ms, total 84ms
05-21 11:58:52.140: D/dalvikvm(16728): WAIT_FOR_CONCURRENT_GC blocked 71ms
05-21 11:58:52.140: D/dalvikvm(16728): WAIT_FOR_CONCURRENT_GC blocked 72ms
05-21 11:58:52.180: I/iu.UploadsManager(16728): End new media; added: 0, uploading: 0, time: 32 ms
05-21 11:58:52.180: I/iu.SyncManager(16728): stop update; session has no current task
05-21 11:58:52.260: I/iu.SyncManager(16728): --- NEW; upload; task: [dwy; reason: InstantUpload, id: 13434, url: content://media/external/images/media/88889, account: ***********************]
05-21 11:58:52.260: I/iu.SyncManager(16728): SYNC; start task: [dwy; reason: InstantUpload, id: 13434, url: content://media/external/images/media/88889, account: ***********************]
05-21 11:58:52.260: I/iu.SyncTask(16728): --- START syncing InstantUpload; account: hakim.hauston@gmail.com
05-21 11:58:52.330: I/iu.SyncTask(16728): +++ START; upload started; ID=13434 media_url=content://media/external/images/media/88889 media_id=88889 album_id=null event_id=null upload_account=hakim.hauston@gmail.com upload_url=null bytes_total=0 {InstantUpload, queued/ok} [0%]
05-21 11:58:52.430: I/iu.UploadsManager(16728): End new media; added: 0, uploading: 0, time: 33 ms
05-21 11:58:52.460: I/iu.SyncManager(16728): --- NEW; upload; task: [dwy; reason: InstantUpload, id: 13434, url: content://media/external/images/media/88889, account: ***********************]
05-21 11:58:52.470: D/dalvikvm(6084): GC_EXPLICIT freed 297K, 74% free 2998K/11244K, paused 2ms+4ms, total 27ms
05-21 11:58:52.720: I/iu.UploadsManager(16728): End new media; added: 0, uploading: 0, time: 57 ms
05-21 11:58:52.791: I/iu.SyncManager(16728): --- NEW; upload; task: [dwy; reason: InstantUpload, id: 13434, url: content://media/external/images/media/88889, account: ***********************]
05-21 11:58:52.981: I/iu.UploadsManager(16728): End new media; added: 0, uploading: 0, time: 39 ms
05-21 11:58:53.131: I/iu.SyncManager(16728): --- NEW; upload; task: [dwy; reason: InstantUpload, id: 13434, url: content://media/external/images/media/88889, account: ***********************]
05-21 11:58:53.261: I/iu.UploadsManager(16728): End new media; added: 0, uploading: 0, time: 42 ms
05-21 11:58:53.361: I/iu.SyncManager(16728): --- NEW; upload; task: [dwy; reason: InstantUpload, id: 13434, url: content://media/external/images/media/88889, account: ***********************]
05-21 11:58:53.431: I/iu.SyncTask(16728): +++ START InstantUpload, task: ID=13434 media_url=content://media/external/images/media/88889 media_id=88889 album_id=instant event_id=null upload_account=hakim.hauston@gmail.com upload_url=null bytes_total=-1 {InstantUpload, queued/ok, queued} [0%]
05-21 11:58:53.441: I/iu.UploadsManager(16728): #reloadSettings(); account: hakim.hauston@gmail.com; pageID: none; IU: enabled; IS: disabled; photoWiFi: false; videoWiFi: false; roam: false; battery: false; size: FULL; maxMobile: 157286400
05-21 11:58:53.531: D/dalvikvm(885): GC_EXPLICIT freed 1935K, 27% free 41908K/56872K, paused 4ms+13ms, total 173ms
05-21 11:58:53.561: I/iu.UploadsManager(16728): upload full size; task: ID=13434 media_url=content://media/external/images/media/88889 media_id=88889 album_id=instant event_id=null upload_account=hakim.hauston@gmail.com upload_url=null bytes_total=-1 {InstantUpload, queued/in progress, uploading} [0%], remaining: 1
05-21 11:58:53.701: I/iu.UploadsManager(16728): End new media; added: 0, uploading: 0, time: 28 ms
05-21 11:58:53.731: I/iu.SyncManager(16728): --- NEW; upload; task: [dwy; reason: InstantUpload, id: 13436, url: content://media/external/images/media/88890, account: ***********************]
05-21 11:58:53.882: D/dalvikvm(16728): GC_EXPLICIT freed 9219K, 33% free 22885K/33936K, paused 3ms+5ms, total 69ms
05-21 11:58:54.032: W/qdhwcomposer(352): Excessive delay reading vsync: took 1835 ms
05-21 11:58:54.072: D/dalvikvm(6084): GC_EXPLICIT freed 296K, 74% free 2995K/11244K, paused 3ms+4ms, total 25ms
05-21 11:58:54.072: I/iu.UploadsManager(16728): End new media; added: 0, uploading: 0, time: 81 ms
05-21 11:58:54.092: I/iu.UploadsManager(16728): --- UPLOAD task: ID=13434 media_url=content://media/external/images/media/88889 media_id=88889 album_id=instant event_id=null upload_account=hakim.hauston@gmail.com upload_url=https://www.googleapis.com/upload/plusi/v3/ozInternal/uploadmediabackground?uploadType=resumable&upload_id=AEnB2UoHjyrB7FjzT7OEIqvCgSjoD8L0Wfe2LIaGB7YmL3EmcYfwmGjwwU-xYO5R9u8MfKkGP0kLLjodqhW_PgfcVaGrKFUefA bytes_total=474960 {InstantUpload, queued/in progress, uploading} [0%]
05-21 11:58:54.122: I/iu.SyncManager(16728): --- NEW; upload; task: [dwy; reason: InstantUpload, id: 13436, url: content://media/external/images/media/88890, account: ***********************]
05-21 11:58:54.202: I/iu.IUProvider(16728): Update quota settings; [QuotaInfo; limit: 15360, used: 8888, low quota? false]
05-21 11:58:54.202: I/iu.UploadsManager(16728): #reloadSettings(); account: hakim.hauston@gmail.com; pageID: none; IU: enabled; IS: disabled; photoWiFi: false; videoWiFi: false; roam: false; battery: false; size: FULL; maxMobile: 157286400
05-21 11:58:54.252: I/iu.SyncManager(16728): --- NEW; upload; task: [dwy; reason: InstantUpload, id: 13436, url: content://media/external/images/media/88890, account: ***********************]
05-21 11:58:54.302: I/iu.UploadsManager(16728): End new media; added: 0, uploading: 0, time: 20 ms
05-21 11:58:54.332: I/iu.SyncManager(16728): --- NEW; upload; task: [dwy; reason: InstantUpload, id: 13436, url: content://media/external/images/media/88890, account: ***********************]
05-21 11:58:54.622: W/qdhwcomposer(352): Excessive delay reading vsync: took 567 ms
05-21 11:58:56.414: I/LOWI-SERVER(533): [LOWIController] OSAgent Subscription timer, check and issue subscription request
05-21 11:58:56.414: E/QCALOG(528): [MessageQ] ProcessNewMessage: [LOWI-SERVER] unknown deliver target [OS-Agent]
05-21 11:58:56.674: W/qdhwcomposer(352): Excessive delay reading vsync: took 1467 ms
05-21 11:58:57.625: W/qdhwcomposer(352): Excessive delay reading vsync: took 914 ms
05-21 11:58:59.677: W/qdhwcomposer(352): Excessive delay reading vsync: took 1451 ms
05-21 11:59:00.038: W/qdhwcomposer(352): Excessive delay reading vsync: took 334 ms
05-21 11:59:00.498: W/qdhwcomposer(352): Excessive delay reading vsync: took 266 ms
05-21 11:59:00.548: D/SizeAdaptiveLayout(1099): com.android.internal.widget.SizeAdaptiveLayout{44213a68 V.E..... ......I. 0,0-0,0 #7f070088 app:id/adaptive}child view android.widget.FrameLayout{4402be80 G.E..... ......I. 0,0-0,0 #1020320 android:id/status_bar_latest_event_content} measured out of bounds at 189px clamped to 192px
05-21 11:59:00.588: D/SizeAdaptiveLayout(1099): com.android.internal.widget.SizeAdaptiveLayout{44213a68 V.E..... ......I. 0,0-0,0 #7f070088 app:id/adaptive}child view android.widget.FrameLayout{4402be80 G.E..... ......I. 0,0-0,0 #1020320 android:id/status_bar_latest_event_content} measured out of bounds at 189px clamped to 192px
05-21 11:59:01.249: V/PanelView(1099): animationTick called with dtms=0; nothing to do (h=1650.1482 v=0.0)
05-21 11:59:01.769: W/qdhwcomposer(352): Excessive delay reading vsync: took 267 ms
05-21 11:59:01.819: I/ActivityManager(885): START u0 {flg=0x14000000 cmp=com.whatsapp/.Conversation bnds=[0,336][1080,742] (has extras)} from pid -1
05-21 11:59:01.829: D/alsa_ucm(339): snd_use_case_set(): uc_mgr 0xb72bba30 identifier _enadev value xLoud Speaker
05-21 11:59:01.829: D/alsa_ucm(339): snd_use_case_set(): uc_mgr 0xb72bba30 identifier _verb value HiFi Lowlatency
05-21 11:59:01.829: D/alsa_ucm(339): Set mixer controls for xLoud Speaker enable 1
05-21 11:59:01.829: D/alsa_ucm(339): acdb_id 520 cap 1 enable 1
05-21 11:59:01.829: D/ACDB-LOADER(339): ACDB -> send_audio_cal, acdb_id = 520, path =  0
05-21 11:59:01.829: D/ACDB-LOADER(339): ACDB -> send_adm_topology
05-21 11:59:01.829: D/ACDB-LOADER(339): ACDB -> ACDB_CMD_GET_AUDPROC_COMMON_TOPOLOGY_ID
05-21 11:59:01.829: D/ACDB-LOADER(339): ACDB -> send_audtable
05-21 11:59:01.829: D/ACDB-LOADER(339): ACDB -> ACDB_CMD_GET_AUDPROC_COMMON_TABLE
05-21 11:59:01.829: D/ACDB-LOADER(339): ACDB -> AUDIO_SET_AUDPROC_CAL
05-21 11:59:01.829: D/ACDB-LOADER(339): ACDB -> send_audvoltable
05-21 11:59:01.829: D/ACDB-LOADER(339): ACDB -> ACDB_CMD_GET_AUDPROC_GAIN_DEP_VOLTBL_STEP_COPP
05-21 11:59:01.829: D/ACDB-LOADER(339): ACDB -> AUDIO_SET_AUDPROC_VOL_CAL
05-21 11:59:01.829: D/ACDB-LOADER(339): ACDB -> AUDIO_SET_AFE_CAL
05-21 11:59:01.829: D/alsa_ucm(339): Setting mixer control: SLIM_0_RX Channels, value: Two
05-21 11:59:01.829: D/alsa_ucm(339): Setting mixer control: RX3 MIX1 INP1, value: RX1
05-21 11:59:01.829: D/alsa_ucm(339): Setting mixer control: RX3 MIX1 INP2, value: RX2
05-21 11:59:01.829: D/alsa_ucm(339): Setting mixer control: LINEOUT1 Volume, value: 100
05-21 11:59:01.829: D/alsa_ucm(339): Setting mixer control: SLIM TX3 MUX, value: RMIX3
05-21 11:59:01.829: D/alsa_ucm(339): Setting mixer control: SLIM TX5 MUX, value: RMIX3
05-21 11:59:01.839: D/alsa_ucm(339): Setting mixer control: RX3 Digital Volume, value: 68
05-21 11:59:01.839: D/alsa_ucm(339): Set mixer controls for HiFi Lowlatency enable 1
05-21 11:59:01.839: D/alsa_ucm(339): Setting mixer control: SLIMBUS_0_RX Audio Mixer MultiMedia5, value: 1
05-21 11:59:01.849: W/Adreno-EGL(352): <qeglDrvAPI_eglMakeCurrent:2843>: EGL_BAD_MATCH
05-21 11:59:01.849: E/libEGL(352): eglMakeCurrent:671 error 3009 (EGL_BAD_MATCH)
05-21 11:59:01.869: W/KeyguardViewMediator(885): verifyUnlock called when not externally disabled
05-21 11:59:01.889: V/PanelView(1099): animationTick called with dtms=0; nothing to do (h=1776.0 v=-6000.0)
05-21 11:59:01.899: I/iu.IUProvider(16728): Update quota settings; [QuotaInfo; limit: 15360, used: 8888, low quota? false]
05-21 11:59:02.100: I/iu.SyncTask(16728): +++ DONE; upload finished; ID=13434 media_url=content://media/external/images/media/88889 media_id=88889 album_id=instant event_id=null upload_account=hakim.hauston@gmail.com upload_url=https://lh5.googleusercontent.com/UcaFtZ4UBCOm2VHyHBjLwU7gRR2iQa9C3Ll4e7d_7ZI=s0-d bytes_total=474960 {InstantUpload, done/ok, completed} [100%]
05-21 11:59:02.100: I/iu.SyncTask(16728): --- DONE syncing InstantUpload; account: hakim.hauston@gmail.com
05-21 11:59:02.180: I/iu.SyncManager(16728): SYNC; complete; result: SyncResult: stats [ numInserts: 1 numEntries: 1]
05-21 11:59:02.220: I/iu.SyncManager(16728): --- NEW; upload; task: [dwy; reason: InstantUpload, id: 13436, url: content://media/external/images/media/88890, account: ***********************]
05-21 11:59:02.220: I/iu.SyncManager(16728): SYNC; start task: [dwy; reason: InstantUpload, id: 13436, url: content://media/external/images/media/88890, account: ***********************]
05-21 11:59:02.220: I/iu.SyncTask(16728): --- START syncing InstantUpload; account: hakim.hauston@gmail.com
05-21 11:59:02.290: I/iu.SyncTask(16728): +++ START; upload started; ID=13436 media_url=content://media/external/images/media/88890 media_id=88890 album_id=null event_id=null upload_account=hakim.hauston@gmail.com upload_url=null bytes_total=0 {InstantUpload, queued/ok} [0%]
05-21 11:59:02.360: I/ActivityManager(885): Displayed com.whatsapp/.Conversation: +485ms
05-21 11:59:02.850: W/qdhwcomposer(352): Excessive delay reading vsync: took 267 ms
05-21 11:59:02.900: I/iu.SyncTask(16728): +++ START InstantUpload, task: ID=13436 media_url=content://media/external/images/media/88890 media_id=88890 album_id=instant event_id=null upload_account=hakim.hauston@gmail.com upload_url=null bytes_total=-1 {InstantUpload, queued/ok, queued} [0%]
05-21 11:59:02.920: I/iu.UploadsManager(16728): #reloadSettings(); account: hakim.hauston@gmail.com; pageID: none; IU: enabled; IS: disabled; photoWiFi: false; videoWiFi: false; roam: false; battery: false; size: FULL; maxMobile: 157286400
05-21 11:59:02.930: W/qdhwcomposer(352): Excessive delay reading vsync: took 66 ms
05-21 11:59:03.041: I/iu.UploadsManager(16728): upload full size; task: ID=13436 media_url=content://media/external/images/media/88890 media_id=88890 album_id=instant event_id=null upload_account=hakim.hauston@gmail.com upload_url=null bytes_total=-1 {InstantUpload, queued/in progress, uploading} [0%], remaining: 0
05-21 11:59:03.461: I/iu.UploadsManager(16728): --- UPLOAD task: ID=13436 media_url=content://media/external/images/media/88890 media_id=88890 album_id=instant event_id=null upload_account=hakim.hauston@gmail.com upload_url=https://www.googleapis.com/upload/plusi/v3/ozInternal/uploadmediabackground?uploadType=resumable&upload_id=AEnB2UqEClp25FhttfXVEI-ZOJX0hTBtMBGAVXudUxrU6JCq3R_7zJjoFShJwDFy3-c3fbJ0Q4oAo1O78DMi0dY_xJl9KzdMqQ bytes_total=383183 {InstantUpload, queued/in progress, uploading} [0%]
05-21 11:59:03.851: W/qdhwcomposer(352): Excessive delay reading vsync: took 233 ms
05-21 11:59:04.362: W/qdhwcomposer(352): Excessive delay reading vsync: took 466 ms
05-21 11:59:04.862: W/qdhwcomposer(352): Excessive delay reading vsync: took 467 ms
05-21 11:59:05.083: W/qdhwcomposer(352): Excessive delay reading vsync: took 166 ms
05-21 11:59:05.133: D/alsa_ucm(339): snd_use_case_set(): uc_mgr 0xb72bba30 identifier _verb value Inactive
05-21 11:59:05.133: D/alsa_ucm(339): Set mixer controls for HiFi Lowlatency enable 0
05-21 11:59:05.133: D/alsa_ucm(339): Setting mixer control: SLIMBUS_0_RX Audio Mixer MultiMedia5, value: 0
05-21 11:59:05.133: D/alsa_ucm(339): snd_use_case_set(): uc_mgr 0xb72bba30 identifier _disdev value Voice Speaker Tx
05-21 11:59:05.133: D/alsa_ucm(339): disdev: device Voice Speaker Tx not enabled, no need to disable
05-21 11:59:05.133: D/alsa_ucm(339): snd_use_case_set(): uc_mgr 0xb72bba30 identifier _disdev value xLoud Speaker
05-21 11:59:05.133: D/alsa_ucm(339): Set mixer controls for xLoud Speaker enable 0
05-21 11:59:05.133: D/alsa_ucm(339): Setting mixer control: RX3 MIX1 INP1, value: ZERO
05-21 11:59:05.133: D/alsa_ucm(339): Setting mixer control: RX3 MIX1 INP2, value: ZERO
05-21 11:59:05.133: D/alsa_ucm(339): Setting mixer control: LINEOUT1 Volume, value: 0
05-21 11:59:05.133: D/alsa_ucm(339): Setting mixer control: SLIM TX3 MUX, value: ZERO
05-21 11:59:05.133: D/alsa_ucm(339): Setting mixer control: SLIM TX5 MUX, value: ZERO
05-21 11:59:05.373: W/qdhwcomposer(352): Excessive delay reading vsync: took 250 ms
05-21 11:59:05.873: W/qdhwcomposer(352): Excessive delay reading vsync: took 467 ms
05-21 11:59:06.374: W/qdhwcomposer(352): Excessive delay reading vsync: took 467 ms
05-21 11:59:06.874: W/qdhwcomposer(352): Excessive delay reading vsync: took 467 ms
05-21 11:59:07.084: W/qdhwcomposer(352): Excessive delay reading vsync: took 183 ms
05-21 11:59:07.375: W/qdhwcomposer(352): Excessive delay reading vsync: took 116 ms
05-21 11:59:07.875: W/qdhwcomposer(352): Excessive delay reading vsync: took 450 ms
05-21 11:59:08.105: W/qdhwcomposer(352): Excessive delay reading vsync: took 200 ms
05-21 11:59:08.376: W/qdhwcomposer(352): Excessive delay reading vsync: took 100 ms
05-21 11:59:08.876: W/qdhwcomposer(352): Excessive delay reading vsync: took 450 ms
05-21 11:59:09.126: W/qdhwcomposer(352): Excessive delay reading vsync: took 216 ms
05-21 11:59:09.167: I/dalvikvm(16728): Jit: resizing JitTable from 4096 to 8192
05-21 11:59:09.167: I/iu.IUProvider(16728): Update quota settings; [QuotaInfo; limit: 15360, used: 8888, low quota? false]
05-21 11:59:09.287: I/iu.SyncTask(16728): +++ DONE; upload finished; ID=13436 media_url=content://media/external/images/media/88890 media_id=88890 album_id=instant event_id=null upload_account=hakim.hauston@gmail.com upload_url=https://lh5.googleusercontent.com/KR_6E_0k17GiWsZCU2EkydOXTobuq3RkE3LzANMkxjI=s0-d bytes_total=383183 {InstantUpload, done/ok, completed} [100%]
05-21 11:59:09.287: I/iu.SyncTask(16728): --- DONE syncing InstantUpload; account: hakim.hauston@gmail.com
05-21 11:59:09.357: I/iu.SyncManager(16728): SYNC; complete; result: SyncResult: stats [ numInserts: 2 numEntries: 2]
05-21 11:59:09.377: W/qdhwcomposer(352): Excessive delay reading vsync: took 83 ms
05-21 11:59:09.407: I/iu.UploadsManager(16728): num queued entries: 0
05-21 11:59:09.427: I/iu.UploadsManager(16728): num updated entries: 0
05-21 11:59:09.447: I/iu.SyncManager(16728): NEXT; no task
05-21 11:59:09.447: I/iu.SyncService(16728): ----> Up sync finished for account: hakim.hauston@gmail.com, cancelled? false
05-21 11:59:09.457: I/iu.SyncService(16728): ====> Sync complete
05-21 11:59:09.457: I/iu.SyncService(16728): Google+ Photos Sync finished. Elapsed time: 17576ms
05-21 11:59:09.457: I/iu.SyncService(16728):   [Photo up-sync] items: 2, sub-items: 0, bytes: 858143, duration: 17568ms, avg: 8784ms
05-21 11:59:09.507: I/iu.UploadsManager(16728): num queued entries: 0
05-21 11:59:09.527: I/iu.UploadsManager(16728): num updated entries: 0
05-21 11:59:09.547: I/iu.SyncManager(16728): NEXT; no task
05-21 11:59:09.877: W/qdhwcomposer(352): Excessive delay reading vsync: took 467 ms
05-21 11:59:10.147: W/qdhwcomposer(352): Excessive delay reading vsync: took 233 ms
05-21 11:59:10.378: W/qdhwcomposer(352): Excessive delay reading vsync: took 66 ms
05-21 11:59:10.878: W/qdhwcomposer(352): Excessive delay reading vsync: took 467 ms
05-21 11:59:11.168: W/qdhwcomposer(352): Excessive delay reading vsync: took 250 ms
05-21 11:59:11.379: W/qdhwcomposer(352): Excessive delay reading vsync: took 50 ms
05-21 11:59:11.879: W/qdhwcomposer(352): Excessive delay reading vsync: took 450 ms
05-21 11:59:12.179: W/qdhwcomposer(352): Excessive delay reading vsync: took 266 ms
05-21 11:59:12.900: W/qdhwcomposer(352): Excessive delay reading vsync: took 467 ms
05-21 11:59:13.190: W/qdhwcomposer(352): Excessive delay reading vsync: took 266 ms
05-21 11:59:13.891: W/qdhwcomposer(352): Excessive delay reading vsync: took 467 ms
05-21 11:59:14.211: W/qdhwcomposer(352): Excessive delay reading vsync: took 283 ms
05-21 11:59:14.472: I/EsApplication(16728): Trimming memory (onTrimMemory 20)
05-21 11:59:14.892: W/qdhwcomposer(352): Excessive delay reading vsync: took 483 ms
05-21 11:59:15.403: W/qdhwcomposer(352): Excessive delay reading vsync: took 467 ms
05-21 11:59:15.903: W/qdhwcomposer(352): Excessive delay reading vsync: took 467 ms
05-21 11:59:16.404: W/qdhwcomposer(352): Excessive delay reading vsync: took 467 ms
05-21 11:59:16.904: W/qdhwcomposer(352): Excessive delay reading vsync: took 467 ms
05-21 11:59:17.234: W/qdhwcomposer(352): Excessive delay reading vsync: took 300 ms
05-21 11:59:17.905: W/qdhwcomposer(352): Excessive delay reading vsync: took 467 ms
05-21 11:59:18.406: W/qdhwcomposer(352): Excessive delay reading vsync: took 450 ms
05-21 11:59:18.906: W/qdhwcomposer(352): Excessive delay reading vsync: took 467 ms
05-21 11:59:19.407: W/qdhwcomposer(352): Excessive delay reading vsync: took 467 ms
05-21 11:59:19.907: W/qdhwcomposer(352): Excessive delay reading vsync: took 467 ms
05-21 11:59:20.257: W/qdhwcomposer(352): Excessive delay reading vsync: took 316 ms
05-21 11:59:20.908: W/qdhwcomposer(352): Excessive delay reading vsync: took 467 ms
05-21 11:59:21.408: W/qdhwcomposer(352): Excessive delay reading vsync: took 467 ms
05-21 11:59:21.869: I/iu.SyncService(16728): Google+ Photos Sync started.
05-21 11:59:21.869: I/iu.SyncService(16728): ====> Manual up and down sync account=hakim.hauston@gmail.com
05-21 11:59:21.909: W/qdhwcomposer(352): Excessive delay reading vsync: took 450 ms
05-21 11:59:21.949: D/dalvikvm(16728): GC_FOR_ALLOC freed 22950K, 87% free 4525K/33936K, paused 44ms, total 48ms
05-21 11:59:21.959: I/iu.UploadsManager(16728): End new media; added: 0, uploading: 0, time: 93 ms
05-21 11:59:21.959: I/iu.SyncService(16728): ----> Start up sync for account: hakim.hauston@gmail.com
05-21 11:59:22.059: D/dalvikvm(16728): GC_CONCURRENT freed 178K, 86% free 5007K/33936K, paused 4ms+4ms, total 37ms
05-21 11:59:22.109: I/iu.UploadsManager(16728): num queued entries: 0
05-21 11:59:22.119: I/iu.UploadsManager(16728): num updated entries: 0
05-21 11:59:22.139: I/iu.SyncManager(16728): NEXT; no task
05-21 11:59:22.139: I/iu.SyncService(16728): ----> Up sync finished for account: hakim.hauston@gmail.com, cancelled? false
05-21 11:59:22.139: I/iu.SyncService(16728): ----> Start all photos metadata down sync for account: hakim.hauston@gmail.com
05-21 11:59:22.229: I/iu.UploadsManager(16728): num queued entries: 0
05-21 11:59:22.249: I/EsTileSync(16728): updateRemotePhotos starting, fetcher: (DeltaAllPhotosPageFetcher, requestReason: 1, syncToken: AH_uQ43bshSRHNt-x7aj5DUpH1Gjfx9Vzel_U5wUX_lFhKolBP-toDY), resumeToken: null, resumeTokenType: 4, metadata so far: 3251, max metadata: 2147483647, is initial sync: false, account: hakim.hauston@gmail.com
05-21 11:59:22.269: I/iu.UploadsManager(16728): num updated entries: 0
05-21 11:59:22.279: I/EsTileSync(16728): Syncing updated photos, pages read so far:0
05-21 11:59:22.289: I/iu.SyncManager(16728): NEXT; no task
05-21 11:59:22.409: W/qdhwcomposer(352): Excessive delay reading vsync: took 467 ms
05-21 11:59:22.800: I/EsPhotoData(16728): [INSERT_REMOTE_PHOTOS], num tiles: 2, num inserted or updated: 2, num deleted: 0, num skipped: 0, total operations: 2, duration: 0.027 seconds
05-21 11:59:22.830: I/EsTileSync(16728): Finished all photos update, stop reason: COMPLETE, pages retrieved: 1, syncToken: AH_uQ41kYdTJaqAJ2PUc9Yt0VjfjbSr3Db1dXLBSp9f1ezyjBOuKMAc, account: hakim.hauston@gmail.com
05-21 11:59:22.910: W/qdhwcomposer(352): Excessive delay reading vsync: took 467 ms
05-21 11:59:22.940: I/iu.SyncService(16728): ----> Start highlights metadata down sync for account: hakim.hauston@gmail.com
05-21 11:59:22.940: I/EsTileSync(16728): syncHighlightsPhotos: Starting. type=PERIODIC
05-21 11:59:23.020: D/dalvikvm(16728): GC_CONCURRENT freed 887K, 86% free 4952K/33936K, paused 3ms+4ms, total 40ms
05-21 11:59:23.130: W/EsTileSync(16728): We already found an equivalence token for collection AF1QipO8-1m3vAqofKwdrNePCPs39UZ_pT9_ccd-0sOp
05-21 11:59:23.130: W/EsTileSync(16728): We already found an equivalence token for collection AF1QipNUzGr82dgRsXaHfpw98onzlwYyOaNj6NNLJ6xY
05-21 11:59:23.130: W/EsTileSync(16728): We already found an equivalence token for collection AF1QipMLnbEaEhRgUCUhq-JvKd12mbYo9kccOkWLFvqR
05-21 11:59:23.130: W/EsTileSync(16728): We already found an equivalence token for collection AF1QipN5Jfq_y-_rVYLMtAkxNeAbniNCzbAYgz0K0-zX
05-21 11:59:23.130: W/EsTileSync(16728): We already found an equivalence token for collection AF1QipNUPSyYY8ptVIoXSWmIGDjPi5d3dI7eI8Dj1y-W
05-21 11:59:23.130: W/EsTileSync(16728): We already found an equivalence token for collection AF1QipOXe0QzFN8nOgFffyFl1VNyhcRyT-0QXkYtTO2b
05-21 11:59:23.130: I/EsTileSync(16728): Getting equivalence tokens, request 0 with maxItemsPerPage=500
05-21 11:59:23.290: W/qdhwcomposer(352): Excessive delay reading vsync: took 350 ms
05-21 11:59:23.521: W/qdhwcomposer(352): Excessive delay reading vsync: took 49 ms
05-21 11:59:23.591: D/alsa_ucm(339): snd_use_case_set(): uc_mgr 0xb72bba30 identifier _enadev value xLoud Speaker
05-21 11:59:23.591: D/alsa_ucm(339): snd_use_case_set(): uc_mgr 0xb72bba30 identifier _verb value HiFi Lowlatency
05-21 11:59:23.591: D/alsa_ucm(339): Set mixer controls for xLoud Speaker enable 1
05-21 11:59:23.591: D/alsa_ucm(339): acdb_id 520 cap 1 enable 1
05-21 11:59:23.591: D/ACDB-LOADER(339): ACDB -> send_audio_cal, acdb_id = 520, path =  0
05-21 11:59:23.591: D/ACDB-LOADER(339): ACDB -> send_adm_topology
05-21 11:59:23.591: D/ACDB-LOADER(339): ACDB -> ACDB_CMD_GET_AUDPROC_COMMON_TOPOLOGY_ID
05-21 11:59:23.591: D/ACDB-LOADER(339): ACDB -> send_audtable
05-21 11:59:23.591: D/ACDB-LOADER(339): ACDB -> ACDB_CMD_GET_AUDPROC_COMMON_TABLE
05-21 11:59:23.591: D/ACDB-LOADER(339): ACDB -> AUDIO_SET_AUDPROC_CAL
05-21 11:59:23.591: D/ACDB-LOADER(339): ACDB -> send_audvoltable
05-21 11:59:23.591: D/ACDB-LOADER(339): ACDB -> ACDB_CMD_GET_AUDPROC_GAIN_DEP_VOLTBL_STEP_COPP
05-21 11:59:23.591: D/ACDB-LOADER(339): ACDB -> AUDIO_SET_AUDPROC_VOL_CAL
05-21 11:59:23.591: D/ACDB-LOADER(339): ACDB -> AUDIO_SET_AFE_CAL
05-21 11:59:23.591: D/alsa_ucm(339): Setting mixer control: SLIM_0_RX Channels, value: Two
05-21 11:59:23.591: D/alsa_ucm(339): Setting mixer control: RX3 MIX1 INP1, value: RX1
05-21 11:59:23.591: D/alsa_ucm(339): Setting mixer control: RX3 MIX1 INP2, value: RX2
05-21 11:59:23.591: D/alsa_ucm(339): Setting mixer control: LINEOUT1 Volume, value: 100
05-21 11:59:23.591: D/alsa_ucm(339): Setting mixer control: SLIM TX3 MUX, value: RMIX3
05-21 11:59:23.591: D/alsa_ucm(339): Setting mixer control: SLIM TX5 MUX, value: RMIX3
05-21 11:59:23.601: D/alsa_ucm(339): Setting mixer control: RX3 Digital Volume, value: 68
05-21 11:59:23.601: D/alsa_ucm(339): Set mixer controls for HiFi Lowlatency enable 1
05-21 11:59:23.601: D/alsa_ucm(339): Setting mixer control: SLIMBUS_0_RX Audio Mixer MultiMedia5, value: 1
05-21 11:59:23.701: I/EsTileSync(16728): Getting equivalence tokens, request 1 with maxItemsPerPage=440
05-21 11:59:24.271: W/qdhwcomposer(352): Excessive delay reading vsync: took 200 ms
05-21 11:59:24.461: I/EsTileSync(16728): Getting equivalence tokens, request 2 with maxItemsPerPage=299
05-21 11:59:24.812: W/qdhwcomposer(352): Excessive delay reading vsync: took 33 ms
05-21 11:59:25.122: W/qdhwcomposer(352): Excessive delay reading vsync: took 33 ms
05-21 11:59:25.362: W/qdhwcomposer(352): Excessive delay reading vsync: took 116 ms
05-21 11:59:25.833: E/XT9ENEngine(1273): ET9AddExplicitSymb, status = 41
05-21 11:59:25.843: I/EsTileSync(16728): Getting equivalence tokens, request 3 with maxItemsPerPage=166
05-21 11:59:25.973: W/qdhwcomposer(352): Excessive delay reading vsync: took 50 ms
05-21 11:59:26.353: I/EsTileSync(16728): Getting equivalence tokens, request 4 with maxItemsPerPage=86
05-21 11:59:26.493: W/qdhwcomposer(352): Excessive delay reading vsync: took 49 ms
05-21 11:59:26.844: I/EsTileSync(16728): Getting equivalence tokens, request 5 with maxItemsPerPage=16
05-21 11:59:26.854: D/dalvikvm(16728): GC_CONCURRENT freed 336K, 85% free 5407K/33936K, paused 4ms+3ms, total 41ms
05-21 11:59:26.874: W/qdhwcomposer(352): Excessive delay reading vsync: took 100 ms
05-21 11:59:26.904: D/alsa_ucm(339): snd_use_case_set(): uc_mgr 0xb72bba30 identifier _verb value Inactive
05-21 11:59:26.904: D/alsa_ucm(339): Set mixer controls for HiFi Lowlatency enable 0
05-21 11:59:26.904: D/alsa_ucm(339): Setting mixer control: SLIMBUS_0_RX Audio Mixer MultiMedia5, value: 0
05-21 11:59:26.904: D/alsa_ucm(339): snd_use_case_set(): uc_mgr 0xb72bba30 identifier _disdev value Voice Speaker Tx
05-21 11:59:26.904: D/alsa_ucm(339): disdev: device Voice Speaker Tx not enabled, no need to disable
05-21 11:59:26.904: D/alsa_ucm(339): snd_use_case_set(): uc_mgr 0xb72bba30 identifier _disdev value xLoud Speaker
05-21 11:59:26.904: D/alsa_ucm(339): Set mixer controls for xLoud Speaker enable 0
05-21 11:59:26.904: D/alsa_ucm(339): Setting mixer control: RX3 MIX1 INP1, value: ZERO
05-21 11:59:26.904: D/alsa_ucm(339): Setting mixer control: RX3 MIX1 INP2, value: ZERO
05-21 11:59:26.904: D/alsa_ucm(339): Setting mixer control: LINEOUT1 Volume, value: 0
05-21 11:59:26.904: D/alsa_ucm(339): Setting mixer control: SLIM TX3 MUX, value: ZERO
05-21 11:59:26.904: D/alsa_ucm(339): Setting mixer control: SLIM TX5 MUX, value: ZERO
05-21 11:59:26.944: W/qdhwcomposer(352): Excessive delay reading vsync: took 49 ms
05-21 11:59:27.094: W/qdhwcomposer(352): Excessive delay reading vsync: took 33 ms
05-21 11:59:27.344: I/EsTileSync(16728): Finished getting equivalence tokens with 6 requests issued
05-21 11:59:27.424: I/EsTileSync(16728): updateBestPhotos: Promo tile already exists
05-21 11:59:27.444: I/EsTileSync(16728): [UPDATE_BEST_PHOTOS], rows deleted = 0, rows reordered = 0, rows inserted = 0, rows with new social data = 0, duration: 4.503 seconds
05-21 11:59:27.444: I/EsTileData(16728): Updated 0 fingerprints
05-21 11:59:27.454: I/EsTileSync(16728): syncHighlightsPhotos: Finished!
05-21 11:59:27.474: I/iu.SyncService(16728): ----> Start media down sync for account: hakim.hauston@gmail.com
05-21 11:59:27.484: W/qdhwcomposer(352): Excessive delay reading vsync: took 33 ms
05-21 11:59:27.574: D/dalvikvm(16728): GC_CONCURRENT freed 804K, 84% free 5593K/33936K, paused 2ms+3ms, total 40ms
05-21 11:59:27.574: D/dalvikvm(16728): WAIT_FOR_CONCURRENT_GC blocked 12ms
05-21 11:59:27.574: D/dalvikvm(16728): WAIT_FOR_CONCURRENT_GC blocked 9ms
05-21 11:59:27.695: W/qdhwcomposer(352): Excessive delay reading vsync: took 150 ms
05-21 11:59:27.805: D/dalvikvm(885): GC_EXPLICIT freed 6313K, 29% free 40818K/56872K, paused 5ms+16ms, total 195ms
05-21 11:59:27.875: D/dalvikvm(16728): GC_CONCURRENT freed 72K, 81% free 6528K/33936K, paused 2ms+3ms, total 23ms
05-21 11:59:27.875: D/dalvikvm(16728): WAIT_FOR_CONCURRENT_GC blocked 14ms
05-21 11:59:27.945: W/qdhwcomposer(352): Excessive delay reading vsync: took 83 ms
05-21 11:59:28.075: D/dalvikvm(16728): GC_CONCURRENT freed 281K, 78% free 7608K/33936K, paused 3ms+3ms, total 58ms
05-21 11:59:28.075: D/dalvikvm(16728): WAIT_FOR_CONCURRENT_GC blocked 40ms
05-21 11:59:28.145: D/dalvikvm(6084): GC_EXPLICIT freed 287K, 74% free 3004K/11244K, paused 1ms+3ms, total 31ms
05-21 11:59:28.315: D/dalvikvm(16728): GC_CONCURRENT freed 380K, 74% free 8951K/33936K, paused 3ms+4ms, total 31ms
05-21 11:59:28.315: D/dalvikvm(16728): WAIT_FOR_CONCURRENT_GC blocked 19ms
05-21 11:59:28.315: D/dalvikvm(16728): WAIT_FOR_CONCURRENT_GC blocked 23ms
05-21 11:59:28.525: D/dalvikvm(16728): GC_CONCURRENT freed 719K, 70% free 10403K/33936K, paused 4ms+3ms, total 34ms
05-21 11:59:28.525: D/dalvikvm(16728): WAIT_FOR_CONCURRENT_GC blocked 10ms
05-21 11:59:28.525: D/dalvikvm(16728): WAIT_FOR_CONCURRENT_GC blocked 13ms
05-21 11:59:28.666: E/XT9ENEngine(1273): ET9AddExplicitSymb, status = 41
05-21 11:59:28.756: D/dalvikvm(16728): GC_CONCURRENT freed 935K, 65% free 12123K/33936K, paused 4ms+4ms, total 48ms
05-21 11:59:28.756: D/dalvikvm(16728): WAIT_FOR_CONCURRENT_GC blocked 32ms
05-21 11:59:28.756: D/dalvikvm(16728): WAIT_FOR_CONCURRENT_GC blocked 29ms
05-21 11:59:28.756: D/dalvikvm(16728): WAIT_FOR_CONCURRENT_GC blocked 30ms
05-21 11:59:28.756: D/dalvikvm(16728): WAIT_FOR_CONCURRENT_GC blocked 14ms
05-21 11:59:28.966: D/dalvikvm(885): GC_EXPLICIT freed 642K, 29% free 40495K/56872K, paused 5ms+12ms, total 168ms
05-21 11:59:29.046: D/dalvikvm(16728): GC_CONCURRENT freed 2938K, 64% free 12415K/33936K, paused 7ms+3ms, total 51ms
05-21 11:59:29.056: D/dalvikvm(16728): WAIT_FOR_CONCURRENT_GC blocked 20ms
05-21 11:59:29.056: D/dalvikvm(16728): WAIT_FOR_CONCURRENT_GC blocked 21ms
05-21 11:59:29.056: D/dalvikvm(16728): WAIT_FOR_CONCURRENT_GC blocked 22ms
05-21 11:59:29.066: I/MediaSyncManager(16728): [Delete Unknown] deleted: 0, failed: 0
05-21 11:59:29.066: I/MediaSyncManager(16728): [Delete Unreferenced] deleted: 0, duration: 1.077 seconds
05-21 11:59:29.126: D/dalvikvm(6084): GC_EXPLICIT freed 233K, 74% free 2991K/11244K, paused 5ms+4ms, total 38ms
05-21 11:59:29.186: W/qdhwcomposer(352): Excessive delay reading vsync: took 417 ms
05-21 11:59:29.286: W/qdhwcomposer(352): Excessive delay reading vsync: took 66 ms
05-21 11:59:29.376: D/dalvikvm(16728): GC_CONCURRENT freed 2459K, 61% free 13281K/33936K, paused 4ms+4ms, total 45ms
05-21 11:59:29.376: D/dalvikvm(16728): WAIT_FOR_CONCURRENT_GC blocked 20ms
05-21 11:59:29.386: D/dalvikvm(16728): WAIT_FOR_CONCURRENT_GC blocked 23ms
05-21 11:59:29.386: D/dalvikvm(16728): WAIT_FOR_CONCURRENT_GC blocked 27ms
05-21 11:59:29.657: D/dalvikvm(885): GC_EXPLICIT freed 187K, 29% free 40491K/56872K, paused 5ms+13ms, total 167ms
05-21 11:59:29.687: W/qdhwcomposer(352): Excessive delay reading vsync: took 166 ms
05-21 11:59:29.697: I/MediaSyncManager(16728): usedSpace: 174953762, available: 898788062, needed: 0
05-21 11:59:29.717: D/dalvikvm(6084): GC_EXPLICIT freed 222K, 74% free 2998K/11244K, paused 6ms+4ms, total 38ms
05-21 11:59:30.017: W/qdhwcomposer(352): Excessive delay reading vsync: took 83 ms
05-21 11:59:30.057: D/dalvikvm(16728): GC_CONCURRENT freed 1647K, 55% free 15302K/33936K, paused 4ms+21ms, total 64ms
05-21 11:59:30.157: W/qdhwcomposer(352): Excessive delay reading vsync: took 99 ms
05-21 11:59:30.267: D/dalvikvm(6084): GC_EXPLICIT freed 244K, 74% free 3004K/11244K, paused 2ms+4ms, total 37ms
05-21 11:59:30.267: W/qdhwcomposer(352): Excessive delay reading vsync: took 83 ms
05-21 11:59:30.487: D/dalvikvm(885): GC_EXPLICIT freed 258K, 29% free 40496K/56872K, paused 5ms+16ms, total 180ms
05-21 11:59:30.517: W/qdhwcomposer(352): Excessive delay reading vsync: took 66 ms
05-21 11:59:30.577: D/QCUtils(339): extended extractor not needed, return default
05-21 11:59:30.587: W/bgk(16728): Assuming timestamp earlier than 1970 is a UNIX timestamp.
05-21 11:59:30.587: W/bhl(16728): Falling back from IsoBaseMediaFormatMetadata to file system metadata for content://media/external/video/media/85284
05-21 11:59:30.657: W/qdhwcomposer(352): Excessive delay reading vsync: took 83 ms
05-21 11:59:30.758: D/dalvikvm(16728): GC_CONCURRENT freed 1652K, 48% free 17962K/33936K, paused 3ms+5ms, total 55ms
05-21 11:59:30.758: D/dalvikvm(16728): WAIT_FOR_CONCURRENT_GC blocked 45ms
05-21 11:59:30.788: W/qdhwcomposer(352): Excessive delay reading vsync: took 100 ms
05-21 11:59:30.918: D/dalvikvm(6084): GC_EXPLICIT freed 220K, 74% free 2995K/11244K, paused 2ms+4ms, total 30ms
05-21 11:59:31.108: W/qdhwcomposer(352): Excessive delay reading vsync: took 50 ms
05-21 11:59:31.138: W/Adreno-EGL(352): <qeglDrvAPI_eglMakeCurrent:2843>: EGL_BAD_MATCH
05-21 11:59:31.138: E/libEGL(352): eglMakeCurrent:671 error 3009 (EGL_BAD_MATCH)
05-21 11:59:31.318: I/MediaSyncManager(16728): [Highlights Thumbnail] downloaded: 0, duration: 1.599 seconds
05-21 11:59:31.368: D/dalvikvm(885): GC_EXPLICIT freed 3637K, 29% free 40497K/56872K, paused 4ms+11ms, total 180ms
05-21 11:59:31.378: D/alsa_ucm(339): snd_use_case_set(): uc_mgr 0xb72bba30 identifier _enadev value xLoud Speaker
05-21 11:59:31.378: D/alsa_ucm(339): snd_use_case_set(): uc_mgr 0xb72bba30 identifier _verb value HiFi Lowlatency
05-21 11:59:31.378: D/alsa_ucm(339): Set mixer controls for xLoud Speaker enable 1
05-21 11:59:31.378: D/alsa_ucm(339): acdb_id 520 cap 1 enable 1
05-21 11:59:31.378: D/ACDB-LOADER(339): ACDB -> send_audio_cal, acdb_id = 520, path =  0
05-21 11:59:31.378: D/ACDB-LOADER(339): ACDB -> send_adm_topology
05-21 11:59:31.378: D/ACDB-LOADER(339): ACDB -> ACDB_CMD_GET_AUDPROC_COMMON_TOPOLOGY_ID
05-21 11:59:31.378: D/ACDB-LOADER(339): ACDB -> send_audtable
05-21 11:59:31.378: D/ACDB-LOADER(339): ACDB -> ACDB_CMD_GET_AUDPROC_COMMON_TABLE
05-21 11:59:31.378: D/ACDB-LOADER(339): ACDB -> AUDIO_SET_AUDPROC_CAL
05-21 11:59:31.378: D/ACDB-LOADER(339): ACDB -> send_audvoltable
05-21 11:59:31.378: D/ACDB-LOADER(339): ACDB -> ACDB_CMD_GET_AUDPROC_GAIN_DEP_VOLTBL_STEP_COPP
05-21 11:59:31.378: D/ACDB-LOADER(339): ACDB -> AUDIO_SET_AUDPROC_VOL_CAL
05-21 11:59:31.378: D/ACDB-LOADER(339): ACDB -> AUDIO_SET_AFE_CAL
05-21 11:59:31.378: D/alsa_ucm(339): Setting mixer control: SLIM_0_RX Channels, value: Two
05-21 11:59:31.378: D/alsa_ucm(339): Setting mixer control: RX3 MIX1 INP1, value: RX1
05-21 11:59:31.378: I/ActivityManager(885): START u0 {act=android.intent.action.MAIN cat=[android.intent.category.HOME] flg=0x10200000 cmp=com.sonyericsson.home/com.sonymobile.home.HomeActivity} from pid 885
05-21 11:59:31.388: D/alsa_ucm(339): Setting mixer control: RX3 MIX1 INP2, value: RX2
05-21 11:59:31.388: D/alsa_ucm(339): Setting mixer control: LINEOUT1 Volume, value: 100
05-21 11:59:31.388: D/alsa_ucm(339): Setting mixer control: SLIM TX3 MUX, value: RMIX3
05-21 11:59:31.388: D/alsa_ucm(339): Setting mixer control: SLIM TX5 MUX, value: RMIX3
05-21 11:59:31.388: D/alsa_ucm(339): Setting mixer control: RX3 Digital Volume, value: 68
05-21 11:59:31.388: D/alsa_ucm(339): Set mixer controls for HiFi Lowlatency enable 1
05-21 11:59:31.388: D/alsa_ucm(339): Setting mixer control: SLIMBUS_0_RX Audio Mixer MultiMedia5, value: 1
05-21 11:59:31.388: W/qdhwcomposer(352): Excessive delay reading vsync: took 67 ms
05-21 11:59:31.428: D/CustomizationProcess(1531): dismissCustomizationDialog:true
05-21 11:59:31.478: W/IInputConnectionWrapper(17799): showStatusIcon on inactive InputConnection
05-21 11:59:31.608: D/dalvikvm(6084): GC_EXPLICIT freed 181K, 74% free 2975K/11244K, paused 1ms+3ms, total 30ms
05-21 11:59:31.849: D/dalvikvm(16728): GC_EXPLICIT freed 1852K, 38% free 21262K/33936K, paused 3ms+7ms, total 60ms
05-21 11:59:31.939: I/yahoo.push.service(28917): yahoo.log.im: im_17338_im Received '200' from server
05-21 11:59:31.939: I/yahoo.push.service(28917): yahoo.log.im: im_17338_im Reg close. Timeout++: 4920s
05-21 11:59:31.939: I/yahoo.push.service(28917): yahoo.log.im: im_17338_im Connection count: 160
05-21 11:59:31.939: I/yahoo.push.service(28917): yahoo.log.im: im_17338_im Start HTTP Push. Idle timeout: 4920 Sequence: 555
05-21 11:59:31.939: W/ProcessStats(885): Skipping unknown process pid 22280
05-21 11:59:31.939: W/ProcessStats(885): Skipping unknown process pid 22282
05-21 11:59:31.939: W/ProcessStats(885): Skipping unknown process pid 22283
05-21 11:59:31.939: W/ProcessStats(885): Skipping unknown process pid 22284
05-21 11:59:31.949: V/yahoo.push.service(28917): yahoo.log.im: Registered alarm timer(Action: com.yahoo.android.push.Connection_Watchdoghakim.haustonim) to go off in: 4950s
05-21 11:59:32.139: D/dalvikvm(885): GC_EXPLICIT freed 411K, 28% free 41360K/56872K, paused 4ms+12ms, total 173ms
05-21 11:59:32.199: D/dalvikvm(6084): GC_EXPLICIT freed 204K, 74% free 3005K/11244K, paused 4ms+5ms, total 35ms
05-21 11:59:32.309: W/qdhwcomposer(352): Excessive delay reading vsync: took 517 ms
05-21 11:59:32.449: I/MediaSyncManager(16728): [Highlights Large] downloaded: 0, duration: 1.128 seconds
05-21 11:59:32.679: D/dalvikvm(6084): GC_EXPLICIT freed 243K, 74% free 2995K/11244K, paused 2ms+3ms, total 24ms
05-21 11:59:32.940: D/dalvikvm(885): GC_EXPLICIT freed 317K, 28% free 41339K/56872K, paused 5ms+15ms, total 191ms
05-21 11:59:33.050: D/dalvikvm(16728): GC_EXPLICIT freed 3117K, 34% free 22677K/33936K, paused 3ms+6ms, total 42ms
05-21 11:59:33.270: D/dalvikvm(6084): GC_EXPLICIT freed 200K, 74% free 2992K/11244K, paused 2ms+4ms, total 23ms
05-21 11:59:33.300: W/qdhwcomposer(352): Excessive delay reading vsync: took 834 ms
05-21 11:59:33.640: D/dalvikvm(885): GC_EXPLICIT freed 298K, 28% free 41342K/56872K, paused 5ms+14ms, total 177ms
05-21 11:59:33.841: D/dalvikvm(6084): GC_EXPLICIT freed 209K, 74% free 2992K/11244K, paused 2ms+5ms, total 25ms
05-21 11:59:33.981: D/dalvikvm(16728): GC_EXPLICIT freed 2798K, 34% free 22710K/33936K, paused 3ms+7ms, total 46ms
05-21 11:59:34.261: D/dalvikvm(6084): GC_EXPLICIT freed 190K, 74% free 2986K/11244K, paused 2ms+3ms, total 25ms
05-21 11:59:34.301: W/qdhwcomposer(352): Excessive delay reading vsync: took 834 ms
05-21 11:59:34.471: D/dalvikvm(885): GC_EXPLICIT freed 308K, 28% free 41341K/56872K, paused 5ms+12ms, total 191ms
05-21 11:59:34.681: D/alsa_ucm(339): snd_use_case_set(): uc_mgr 0xb72bba30 identifier _verb value Inactive
05-21 11:59:34.681: D/alsa_ucm(339): Set mixer controls for HiFi Lowlatency enable 0
05-21 11:59:34.681: D/alsa_ucm(339): Setting mixer control: SLIMBUS_0_RX Audio Mixer MultiMedia5, value: 0
05-21 11:59:34.681: D/alsa_ucm(339): snd_use_case_set(): uc_mgr 0xb72bba30 identifier _disdev value Voice Speaker Tx
05-21 11:59:34.681: D/alsa_ucm(339): disdev: device Voice Speaker Tx not enabled, no need to disable
05-21 11:59:34.681: D/alsa_ucm(339): snd_use_case_set(): uc_mgr 0xb72bba30 identifier _disdev value xLoud Speaker
05-21 11:59:34.681: D/alsa_ucm(339): Set mixer controls for xLoud Speaker enable 0
05-21 11:59:34.681: D/alsa_ucm(339): Setting mixer control: RX3 MIX1 INP1, value: ZERO
05-21 11:59:34.681: D/alsa_ucm(339): Setting mixer control: RX3 MIX1 INP2, value: ZERO
05-21 11:59:34.681: D/alsa_ucm(339): Setting mixer control: LINEOUT1 Volume, value: 0
05-21 11:59:34.681: D/alsa_ucm(339): Setting mixer control: SLIM TX3 MUX, value: ZERO
05-21 11:59:34.681: D/alsa_ucm(339): Setting mixer control: SLIM TX5 MUX, value: ZERO
05-21 11:59:34.792: D/dalvikvm(6084): GC_EXPLICIT freed 179K, 74% free 2986K/11244K, paused 2ms+3ms, total 25ms
05-21 11:59:34.842: D/dalvikvm(16728): GC_EXPLICIT freed 1856K, 33% free 22737K/33936K, paused 3ms+6ms, total 45ms
05-21 11:59:35.192: D/dalvikvm(885): GC_EXPLICIT freed 274K, 28% free 41340K/56872K, paused 5ms+12ms, total 202ms
05-21 11:59:35.382: D/dalvikvm(6084): GC_EXPLICIT freed 211K, 74% free 3011K/11244K, paused 2ms+3ms, total 33ms
05-21 11:59:35.823: D/dalvikvm(885): GC_EXPLICIT freed 249K, 28% free 41338K/56872K, paused 5ms+17ms, total 184ms
05-21 11:59:35.933: D/dalvikvm(6084): GC_EXPLICIT freed 244K, 74% free 3001K/11244K, paused 2ms+3ms, total 23ms
05-21 11:59:35.963: D/dalvikvm(16728): GC_EXPLICIT freed 3236K, 33% free 22829K/33916K, paused 2ms+11ms, total 60ms
05-21 11:59:36.093: W/qdhwcomposer(352): Excessive delay reading vsync: took 1618 ms
05-21 11:59:36.323: D/dalvikvm(6084): GC_EXPLICIT freed 220K, 74% free 2998K/11244K, paused 5ms+6ms, total 34ms
05-21 11:59:36.563: D/dalvikvm(885): GC_EXPLICIT freed 306K, 28% free 41341K/56872K, paused 7ms+13ms, total 193ms
05-21 11:59:36.864: D/dalvikvm(16728): GC_EXPLICIT freed 2634K, 33% free 22778K/33916K, paused 3ms+6ms, total 46ms
05-21 11:59:36.934: D/dalvikvm(6084): GC_EXPLICIT freed 188K, 74% free 2983K/11244K, paused 2ms+3ms, total 22ms
05-21 11:59:37.264: D/dalvikvm(885): GC_EXPLICIT freed 304K, 28% free 41341K/56872K, paused 6ms+13ms, total 168ms
05-21 11:59:37.304: W/qdhwcomposer(352): Excessive delay reading vsync: took 1201 ms
05-21 11:59:37.444: D/dalvikvm(6084): GC_EXPLICIT freed 211K, 74% free 2996K/11244K, paused 2ms+3ms, total 27ms
05-21 11:59:37.684: D/dalvikvm(16728): GC_EXPLICIT freed 2564K, 33% free 22779K/33916K, paused 3ms+6ms, total 47ms
05-21 11:59:37.975: D/dalvikvm(885): GC_EXPLICIT freed 309K, 28% free 41339K/56872K, paused 4ms+30ms, total 216ms
05-21 11:59:38.025: D/dalvikvm(6084): GC_EXPLICIT freed 202K, 74% free 2992K/11244K, paused 1ms+3ms, total 23ms
05-21 11:59:38.315: W/qdhwcomposer(352): Excessive delay reading vsync: took 834 ms
05-21 11:59:38.375: D/dalvikvm(6084): GC_EXPLICIT freed 210K, 74% free 2990K/11244K, paused 2ms+4ms, total 34ms
05-21 11:59:38.455: I/MediaSyncManager(16728): [Highlights Thumbnail] downloaded: 0, duration: 6.004 seconds
05-21 11:59:38.645: D/dalvikvm(885): GC_EXPLICIT freed 282K, 28% free 41338K/56872K, paused 4ms+16ms, total 200ms
05-21 11:59:38.655: I/MediaSyncManager(16728): [Clusters Thumbnail] downloaded: 0, duration: 0.200 seconds
05-21 11:59:38.785: D/dalvikvm(16728): GC_EXPLICIT freed 2845K, 33% free 22830K/33916K, paused 3ms+6ms, total 61ms
05-21 11:59:39.006: D/dalvikvm(6084): GC_EXPLICIT freed 210K, 74% free 3002K/11244K, paused 2ms+3ms, total 24ms
05-21 11:59:39.276: I/MediaSyncManager(16728): [Clusters Thumbnail] downloaded: 0, duration: 0.614 seconds
05-21 11:59:39.316: W/qdhwcomposer(352): Excessive delay reading vsync: took 834 ms
05-21 11:59:39.366: D/dalvikvm(885): GC_EXPLICIT freed 275K, 28% free 41340K/56872K, paused 5ms+16ms, total 186ms
05-21 11:59:39.406: I/MediaSyncManager(16728): [Clusters Thumbnail] downloaded: 0, duration: 0.131 seconds
05-21 11:59:39.516: D/dalvikvm(6084): GC_EXPLICIT freed 213K, 74% free 2989K/11244K, paused 2ms+4ms, total 30ms
05-21 11:59:39.606: I/MediaSyncManager(16728): [Clusters Thumbnail] downloaded: 0, duration: 0.192 seconds
05-21 11:59:39.676: D/dalvikvm(16728): GC_EXPLICIT freed 2368K, 33% free 22839K/33916K, paused 3ms+7ms, total 50ms
05-21 11:59:40.067: I/MediaSyncManager(16728): [Clusters Thumbnail] downloaded: 0, duration: 0.454 seconds
